Component: ARM Compiler 5.06 update 6 (build 750) Tool: armlink [4d35ed]

==============================================================================

Section Cross References

    main.o(i.main) refers to nrf_log_frontend.o(i.nrf_log_init) for nrf_log_init
    main.o(i.main) refers to app_error.o(i.app_error_handler_bare) for app_error_handler_bare
    main.o(i.main) refers to nrf_log_default_backends.o(i.nrf_log_default_backends_init) for nrf_log_default_backends_init
    main.o(i.main) refers to nrf_drv_clock.o(i.nrf_drv_clock_init) for nrf_drv_clock_init
    main.o(i.main) refers to nrf_drv_clock.o(i.nrf_drv_clock_lfclk_request) for nrf_drv_clock_lfclk_request
    main.o(i.main) refers to app_timer.o(i.app_timer_init) for app_timer_init
    main.o(i.main) refers to user_gpioe.o(i.user_gpioe_init) for user_gpioe_init
    main.o(i.main) refers to nrf_log_frontend.o(i.nrf_log_frontend_dequeue) for nrf_log_frontend_dequeue
    main.o(i.twi_init) refers to nrf_drv_twi.o(i.nrf_drv_twi_init) for nrf_drv_twi_init
    main.o(i.twi_init) refers to app_error.o(i.app_error_handler_bare) for app_error_handler_bare
    main.o(i.twi_init) refers to nrfx_twim.o(i.nrfx_twim_enable) for nrfx_twim_enable
    main.o(i.twi_init) refers to main.o(.constdata) for .constdata
    boards.o(i.bsp_board_button_idx_to_pin) refers to boards.o(.constdata) for .constdata
    boards.o(i.bsp_board_button_state_get) refers to boards.o(.constdata) for .constdata
    boards.o(i.bsp_board_init) refers to boards.o(i.nrf_gpio_cfg) for nrf_gpio_cfg
    boards.o(i.bsp_board_init) refers to boards.o(i.bsp_board_leds_off) for bsp_board_leds_off
    boards.o(i.bsp_board_init) refers to boards.o(.constdata) for .constdata
    boards.o(i.bsp_board_led_idx_to_pin) refers to boards.o(.constdata) for .constdata
    boards.o(i.bsp_board_led_invert) refers to boards.o(.constdata) for .constdata
    boards.o(i.bsp_board_led_off) refers to boards.o(i.nrf_gpio_pin_write) for nrf_gpio_pin_write
    boards.o(i.bsp_board_led_off) refers to boards.o(.constdata) for .constdata
    boards.o(i.bsp_board_led_on) refers to boards.o(i.nrf_gpio_pin_write) for nrf_gpio_pin_write
    boards.o(i.bsp_board_led_on) refers to boards.o(.constdata) for .constdata
    boards.o(i.bsp_board_led_state_get) refers to boards.o(.constdata) for .constdata
    boards.o(i.bsp_board_leds_off) refers to boards.o(i.bsp_board_led_off) for bsp_board_led_off
    boards.o(i.bsp_board_leds_on) refers to boards.o(i.bsp_board_led_on) for bsp_board_led_on
    boards.o(i.bsp_board_pin_to_button_idx) refers to boards.o(.constdata) for .constdata
    boards.o(i.bsp_board_pin_to_led_idx) refers to boards.o(.constdata) for .constdata
    nrf_drv_twi.o(i.nrf_drv_twi_init) refers to nrf_drv_twi.o(i.twi_clear_bus) for twi_clear_bus
    nrf_drv_twi.o(i.nrf_drv_twi_init) refers to nrfx_twim.o(i.nrfx_twim_init) for nrfx_twim_init
    nrf_drv_twi.o(i.nrf_drv_twi_init) refers to nrf_drv_twi.o(.data) for .data
    nrf_drv_twi.o(i.nrf_drv_twi_init) refers to nrf_drv_twi.o(i.twim_evt_handler) for twim_evt_handler
    nrf_drv_twi.o(i.nrfx_coredep_delay_us) refers to nrf_drv_twi.o(.constdata) for .constdata
    nrf_drv_twi.o(i.twi_clear_bus) refers to nrf_drv_twi.o(i.nrf_gpio_pin_set) for nrf_gpio_pin_set
    nrf_drv_twi.o(i.twi_clear_bus) refers to nrf_drv_twi.o(i.nrfx_coredep_delay_us) for nrfx_coredep_delay_us
    nrf_drv_twi.o(i.twim_evt_handler) refers to nrf_drv_twi.o(.data) for .data
    nrf_drv_uart.o(i.nrf_drv_uart_init) refers to memcpya.o(.text) for __aeabi_memcpy4
    nrf_drv_uart.o(i.nrf_drv_uart_init) refers to nrfx_uarte.o(i.nrfx_uarte_init) for nrfx_uarte_init
    nrf_drv_uart.o(i.nrf_drv_uart_init) refers to nrfx_uart.o(i.nrfx_uart_init) for nrfx_uart_init
    nrf_drv_uart.o(i.nrf_drv_uart_init) refers to nrf_drv_uart.o(.data) for .data
    nrf_drv_uart.o(i.nrf_drv_uart_init) refers to nrf_drv_uart.o(i.uarte_evt_handler) for uarte_evt_handler
    nrf_drv_uart.o(i.nrf_drv_uart_init) refers to nrf_drv_uart.o(i.uart_evt_handler) for uart_evt_handler
    nrf_drv_uart.o(i.uart_evt_handler) refers to nrf_drv_uart.o(.data) for .data
    nrf_drv_uart.o(i.uarte_evt_handler) refers to nrf_drv_uart.o(.data) for .data
    nrfx_prs.o(i.UARTE0_UART0_IRQHandler) refers to nrfx_prs.o(.data) for .data
    nrfx_prs.o(i.nrfx_prs_acquire) refers to nrfx_prs.o(i.prs_box_get) for prs_box_get
    nrfx_prs.o(i.nrfx_prs_acquire) refers to app_util_platform.o(i.app_util_critical_region_enter) for app_util_critical_region_enter
    nrfx_prs.o(i.nrfx_prs_acquire) refers to app_util_platform.o(i.app_util_critical_region_exit) for app_util_critical_region_exit
    nrfx_prs.o(i.nrfx_prs_release) refers to nrfx_prs.o(i.prs_box_get) for prs_box_get
    nrfx_prs.o(i.prs_box_get) refers to nrfx_prs.o(.data) for .data
    nrfx_prs.o(log_const_data) refers to nrfx_prs.o(.conststrlit) for .conststrlit
    nrfx_twim.o(i.SPIM0_SPIS0_TWIM0_TWIS0_SPI0_TWI0_IRQHandler) refers to nrfx_twim.o(i.twim_irq_handler) for twim_irq_handler
[...]
    i.GPIOTE_IRQHandler                      0x000003a0   Section        0  nrfx_gpiote.o(i.GPIOTE_IRQHandler)
    i.NVIC_ClearPendingIRQ                   0x000004f4   Section        0  app_timer.o(i.NVIC_ClearPendingIRQ)
    NVIC_ClearPendingIRQ                     0x000004f5   Thumb Code    22  app_timer.o(i.NVIC_ClearPendingIRQ)
    i.NVIC_EnableIRQ                         0x0000050a   Section        0  app_timer.o(i.NVIC_EnableIRQ)
    NVIC_EnableIRQ                           0x0000050b   Thumb Code    22  app_timer.o(i.NVIC_EnableIRQ)
    i.NVIC_SetPendingIRQ                     0x00000520   Section        0  app_timer.o(i.NVIC_SetPendingIRQ)
    NVIC_SetPendingIRQ                       0x00000521   Thumb Code    22  app_timer.o(i.NVIC_SetPendingIRQ)
    i.NVIC_SetPriority                       0x00000536   Section        0  app_timer.o(i.NVIC_SetPriority)
    NVIC_SetPriority                         0x00000537   Thumb Code    32  app_timer.o(i.NVIC_SetPriority)
    i.POWER_CLOCK_IRQHandler                 0x00000558   Section        0  nrfx_clock.o(i.POWER_CLOCK_IRQHandler)
    i.RTC1_IRQHandler                        0x000005b0   Section        0  app_timer.o(i.RTC1_IRQHandler)
    i.SPIM0_SPIS0_TWIM0_TWIS0_SPI0_TWI0_IRQHandler 0x000005d4   Section        0  nrfx_twim.o(i.SPIM0_SPIS0_TWIM0_TWIS0_SPI0_TWI0_IRQHandler)
    i.SPIM1_SPIS1_TWIM1_TWIS1_SPI1_TWI1_IRQHandler 0x000005e4   Section        0  nrfx_twim.o(i.SPIM1_SPIS1_TWIM1_TWIS1_SPI1_TWI1_IRQHandler)
    i.SWI0_EGU0_IRQHandler                   0x000005f4   Section        0  app_timer.o(i.SWI0_EGU0_IRQHandler)
    i.SystemInit                             0x000005f8   Section        0  system_nrf52.o(i.SystemInit)
    i.UARTE0_UART0_IRQHandler                0x00000914   Section        0  nrfx_prs.o(i.UARTE0_UART0_IRQHandler)
    i.__scatterload_copy                     0x00000920   Section       14  handlers.o(i.__scatterload_copy)
    i.__scatterload_null                     0x0000092e   Section        2  handlers.o(i.__scatterload_null)
    i.__scatterload_zeroinit                 0x00000930   Section       14  handlers.o(i.__scatterload_zeroinit)
    i.app_error_fault_handler                0x00000940   Section        0  app_error_weak.o(i.app_error_fault_handler)
    i.app_error_handler_bare                 0x000009bc   Section        0  app_error.o(i.app_error_handler_bare)
    i.app_timer_create                       0x000009d4   Section        0  app_timer.o(i.app_timer_create)
    i.app_timer_init                         0x000009fc   Section        0  app_timer.o(i.app_timer_init)
    i.app_timer_start                        0x00000a50   Section        0  app_timer.o(i.app_timer_start)
    i.app_timer_stop                         0x00000ad0   Section        0  app_timer.o(i.app_timer_stop)
    i.app_util_critical_region_enter         0x00000af0   Section        0  app_util_platform.o(i.app_util_critical_region_enter)
    i.app_util_critical_region_exit          0x00000af4   Section        0  app_util_platform.o(i.app_util_critical_region_exit)
    i.app_util_disable_irq                   0x00000af8   Section        0  app_util_platform.o(i.app_util_disable_irq)
    i.app_util_enable_irq                    0x00000b08   Section        0  app_util_platform.o(i.app_util_enable_irq)
    i.apply_config                           0x00000b1c   Section        0  nrfx_uart.o(i.apply_config)
    apply_config                             0x00000b1d   Thumb Code   136  nrfx_uart.o(i.apply_config)
    i.apply_config                           0x00000ba4   Section        0  nrfx_uarte.o(i.apply_config)
    apply_config                             0x00000ba5   Thumb Code   136  nrfx_uarte.o(i.apply_config)
    i.buf_prealloc                           0x00000c2c   Section        0  nrf_log_frontend.o(i.buf_prealloc)
    buf_prealloc                             0x00000c2d   Thumb Code   130  nrf_log_frontend.o(i.buf_prealloc)
    i.buffer_add                             0x00000cb4   Section        0  nrf_fprintf_format.o(i.buffer_add)
    buffer_add                               0x00000cb5   Thumb Code    30  nrf_fprintf_format.o(i.buffer_add)
    i.buffer_is_empty                        0x00000cd4   Section        0  nrf_log_frontend.o(i.buffer_is_empty)
    i.channel_free                           0x00000ce8   Section        0  nrfx_gpiote.o(i.channel_free)
    channel_free                             0x00000ce9   Thumb Code    22  nrfx_gpiote.o(i.channel_free)
    i.channel_port_alloc                     0x00000d04   Section        0  nrfx_gpiote.o(i.channel_port_alloc)
    channel_port_alloc                       0x00000d05   Thumb Code    66  nrfx_gpiote.o(i.channel_port_alloc)
    i.channel_port_get                       0x00000d4c   Section        0  nrfx_gpiote.o(i.channel_port_get)
    channel_port_get                         0x00000d4d   Thumb Code    10  nrfx_gpiote.o(i.channel_port_get)
    i.clock_clk_started_notify               0x00000d5c   Section        0  nrf_drv_clock.o(i.clock_clk_started_notify)
    clock_clk_started_notify                 0x00000d5d   Thumb Code    34  nrf_drv_clock.o(i.clock_clk_started_notify)
    i.clock_irq_handler                      0x00000d84   Section        0  nrf_drv_clock.o(i.clock_irq_handler)
    clock_irq_handler                        0x00000d85   Thumb Code    24  nrf_drv_clock.o(i.clock_irq_handler)
    i.compare_reg_update                     0x00000da0   Section        0  app_timer.o(i.compare_reg_update)
    compare_reg_update                       0x00000da1   Thumb Code   160  app_timer.o(i.compare_reg_update)
    i.detection_delay_timeout_handler        0x00000e4c   Section        0  user_gpioe.o(i.detection_delay_timeout_handler)
    detection_delay_timeout_handler          0x00000e4d   Thumb Code    16  user_gpioe.o(i.detection_delay_timeout_handler)
    i.dropped_sat16_get                      0x00000e80   Section        0  nrf_log_frontend.o(i.dropped_sat16_get)
    dropped_sat16_get                        0x00000e81   Thumb Code    16  nrf_log_frontend.o(i.dropped_sat16_get)
    i.elapsed_ticks_acquire                  0x00000e94   Section        0  app_timer.o(i.elapsed_ticks_acquire)
    elapsed_ticks_acquire                    0x00000e95   Thumb Code    58  app_timer.o(i.elapsed_ticks_acquire)
    i.extint_event_handler                   0x00000ed4   Section        0  user_gpioe.o(i.extint_event_handler)
    extint_event_handler                     0x00000ed5   Thumb Code    48  user_gpioe.o(i.extint_event_handler)
    i.gpiote_event_handler                   0x00000f30   Section        0  user_gpioe.o(i.gpiote_event_handler)
    gpiote_event_handler                     0x00000f31   Thumb Code    78  user_gpioe.o(i.gpiote_event_handler)
    i.int_print                              0x00000fb0   Section        0  nrf_fprintf_format.o(i.int_print)
    int_print                                0x00000fb1   Thumb Code   166  nrf_fprintf_format.o(i.int_print)
    i.interrupts_enable                      0x00001058   Section        0  nrfx_uarte.o(i.interrupts_enable)
    interrupts_enable                        0x00001059   Thumb Code   122  nrfx_uarte.o(i.interrupts_enable)
    i.invalid_packets_pushed_str_omit        0x000010d8   Section        0  nrf_log_frontend.o(i.invalid_packets_pushed_str_omit)
    invalid_packets_pushed_str_omit          0x000010d9   Thumb Code    76  nrf_log_frontend.o(i.invalid_packets_pushed_str_omit)
    i.item_enqueue                           0x00001124   Section        0  nrf_drv_clock.o(i.item_enqueue)
    item_enqueue                             0x00001125   Thumb Code    22  nrf_drv_clock.o(i.item_enqueue)
    i.list_insertions_handler                0x0000113c   Section        0  app_timer.o(i.list_insertions_handler)
    list_insertions_handler                  0x0000113d   Thumb Code   234  app_timer.o(i.list_insertions_handler)
    i.log_skip                               0x00001234   Section        0  nrf_log_frontend.o(i.log_skip)
    log_skip                                 0x00001235   Thumb Code   148  nrf_log_frontend.o(i.log_skip)
    i.main                                   0x000012d0   Section        0  main.o(i.main)
    i.memobj_op                              0x00001314   Section        0  nrf_memobj.o(i.memobj_op)
    memobj_op                                0x00001315   Thumb Code   118  nrf_memobj.o(i.memobj_op)
    i.module_idx_get                         0x0000138c   Section        0  nrf_log_frontend.o(i.module_idx_get)
    module_idx_get                           0x0000138d   Thumb Code    44  nrf_log_frontend.o(i.module_idx_get)
    i.nrf_atomic_flag_clear_fetch            0x000013bc   Section        0  nrf_atomic.o(i.nrf_atomic_flag_clear_fetch)
    i.nrf_atomic_flag_set                    0x000013c2   Section        0  nrf_atomic.o(i.nrf_atomic_flag_set)
    i.nrf_atomic_u32_add                     0x000013c8   Section        0  nrf_atomic.o(i.nrf_atomic_u32_add)
    i.nrf_atomic_u32_fetch_and               0x000013d4   Section        0  nrf_atomic.o(i.nrf_atomic_u32_fetch_and)
    i.nrf_atomic_u32_fetch_store             0x000013de   Section        0  nrf_atomic.o(i.nrf_atomic_u32_fetch_store)
    i.nrf_atomic_u32_or                      0x000013e8   Section        0  nrf_atomic.o(i.nrf_atomic_u32_or)
    i.nrf_atomic_u32_sub                     0x000013f4   Section        0  nrf_atomic.o(i.nrf_atomic_u32_sub)
    i.nrf_balloc_alloc                       0x00001400   Section        0  nrf_balloc.o(i.nrf_balloc_alloc)
    i.nrf_balloc_free                        0x0000143e   Section        0  nrf_balloc.o(i.nrf_balloc_free)
    i.nrf_balloc_init                        0x00001468   Section        0  nrf_balloc.o(i.nrf_balloc_init)
    i.nrf_bitmask_bit_is_set                 0x00001498   Section        0  nrfx_gpiote.o(i.nrf_bitmask_bit_is_set)
    nrf_bitmask_bit_is_set                   0x00001499   Thumb Code    16  nrfx_gpiote.o(i.nrf_bitmask_bit_is_set)
    i.nrf_bitmask_bit_set                    0x000014a8   Section        0  nrfx_gpiote.o(i.nrf_bitmask_bit_set)
    nrf_bitmask_bit_set                      0x000014a9   Thumb Code    20  nrfx_gpiote.o(i.nrf_bitmask_bit_set)
    i.nrf_clock_event_check                  0x000014bc   Section        0  nrfx_clock.o(i.nrf_clock_event_check)
    nrf_clock_event_check                    0x000014bd   Thumb Code    14  nrfx_clock.o(i.nrf_clock_event_check)
    i.nrf_clock_event_clear                  0x000014ca   Section        0  nrfx_clock.o(i.nrf_clock_event_clear)
    nrf_clock_event_clear                    0x000014cb   Thumb Code    16  nrfx_clock.o(i.nrf_clock_event_clear)
    i.nrf_drv_clock_init                     0x000014dc   Section        0  nrf_drv_clock.o(i.nrf_drv_clock_init)
    i.nrf_drv_clock_lfclk_request            0x00001510   Section        0  nrf_drv_clock.o(i.nrf_drv_clock_lfclk_request)
    i.nrf_drv_uart_init                      0x00001558   Section        0  nrf_drv_uart.o(i.nrf_drv_uart_init)
    i.nrf_fprintf                            0x000015c0   Section        0  nrf_fprintf.o(i.nrf_fprintf)
    i.nrf_fprintf_buffer_flush               0x000015da   Section        0  nrf_fprintf.o(i.nrf_fprintf_buffer_flush)
    i.nrf_fprintf_fmt                        0x000015f2   Section        0  nrf_fprintf_format.o(i.nrf_fprintf_fmt)
    i.nrf_gpio_cfg                           0x000017cc   Section        0  nrfx_uart.o(i.nrf_gpio_cfg)
    nrf_gpio_cfg                             0x000017cd   Thumb Code    36  nrfx_uart.o(i.nrf_gpio_cfg)
    i.nrf_gpio_cfg                           0x000017f0   Section        0  nrfx_uarte.o(i.nrf_gpio_cfg)
    nrf_gpio_cfg                             0x000017f1   Thumb Code    36  nrfx_uarte.o(i.nrf_gpio_cfg)
    i.nrf_gpio_cfg                           0x00001814   Section        0  nrfx_gpiote.o(i.nrf_gpio_cfg)
    nrf_gpio_cfg                             0x00001815   Thumb Code    36  nrfx_gpiote.o(i.nrf_gpio_cfg)
    i.nrf_gpio_cfg_default                   0x00001838   Section        0  nrfx_uart.o(i.nrf_gpio_cfg_default)
    nrf_gpio_cfg_default                     0x00001839   Thumb Code    18  nrfx_uart.o(i.nrf_gpio_cfg_default)
    i.nrf_gpio_cfg_default                   0x0000184a   Section        0  nrfx_uarte.o(i.nrf_gpio_cfg_default)
    nrf_gpio_cfg_default                     0x0000184b   Thumb Code    18  nrfx_uarte.o(i.nrf_gpio_cfg_default)
    i.nrf_gpio_cfg_input                     0x0000185c   Section        0  nrfx_uart.o(i.nrf_gpio_cfg_input)
    nrf_gpio_cfg_input                       0x0000185d   Thumb Code    18  nrfx_uart.o(i.nrf_gpio_cfg_input)
    i.nrf_gpio_cfg_input                     0x0000186e   Section        0  nrfx_uarte.o(i.nrf_gpio_cfg_input)
    nrf_gpio_cfg_input                       0x0000186f   Thumb Code    18  nrfx_uarte.o(i.nrf_gpio_cfg_input)
    i.nrf_gpio_cfg_output                    0x00001880   Section        0  nrfx_uart.o(i.nrf_gpio_cfg_output)
    nrf_gpio_cfg_output                      0x00001881   Thumb Code    20  nrfx_uart.o(i.nrf_gpio_cfg_output)
    i.nrf_gpio_cfg_output                    0x00001894   Section        0  nrfx_uarte.o(i.nrf_gpio_cfg_output)
    nrf_gpio_cfg_output                      0x00001895   Thumb Code    20  nrfx_uarte.o(i.nrf_gpio_cfg_output)
    i.nrf_gpio_cfg_sense_set                 0x000018a8   Section        0  nrfx_gpiote.o(i.nrf_gpio_cfg_sense_set)
    nrf_gpio_cfg_sense_set                   0x000018a9   Thumb Code    34  nrfx_gpiote.o(i.nrf_gpio_cfg_sense_set)
    i.nrf_gpio_ports_read                    0x000018cc   Section        0  nrfx_gpiote.o(i.nrf_gpio_ports_read)
    nrf_gpio_ports_read                      0x000018cd   Thumb Code    34  nrfx_gpiote.o(i.nrf_gpio_ports_read)
    i.nrf_gpiote_event_clear                 0x000018f4   Section        0  nrfx_gpiote.o(i.nrf_gpiote_event_clear)
    nrf_gpiote_event_clear                   0x000018f5   Thumb Code    16  nrfx_gpiote.o(i.nrf_gpiote_event_clear)
    i.nrf_gpiote_event_is_set                0x00001908   Section        0  nrfx_gpiote.o(i.nrf_gpiote_event_is_set)
    nrf_gpiote_event_is_set                  0x00001909   Thumb Code    12  nrfx_gpiote.o(i.nrf_gpiote_event_is_set)
    i.nrf_log_backend_add                    0x00001918   Section        0  nrf_log_frontend.o(i.nrf_log_backend_add)
    i.nrf_log_backend_serial_put             0x00001968   Section        0  nrf_log_backend_serial.o(i.nrf_log_backend_serial_put)
    i.nrf_log_backend_uart_flush             0x00001a30   Section        0  nrf_log_backend_uart.o(i.nrf_log_backend_uart_flush)
    nrf_log_backend_uart_flush               0x00001a31   Thumb Code     2  nrf_log_backend_uart.o(i.nrf_log_backend_uart_flush)
    i.nrf_log_backend_uart_init              0x00001a32   Section        0  nrf_log_backend_uart.o(i.nrf_log_backend_uart_init)
    i.nrf_log_backend_uart_panic_set         0x00001a38   Section        0  nrf_log_backend_uart.o(i.nrf_log_backend_uart_panic_set)
    nrf_log_backend_uart_panic_set           0x00001a39   Thumb Code    36  nrf_log_backend_uart.o(i.nrf_log_backend_uart_panic_set)
    i.nrf_log_backend_uart_put               0x00001a64   Section        0  nrf_log_backend_uart.o(i.nrf_log_backend_uart_put)
    nrf_log_backend_uart_put                 0x00001a65   Thumb Code    16  nrf_log_backend_uart.o(i.nrf_log_backend_uart_put)
    i.nrf_log_color_id_get                   0x00001a7c   Section        0  nrf_log_frontend.o(i.nrf_log_color_id_get)
    i.nrf_log_default_backends_init          0x00001aac   Section        0  nrf_log_default_backends.o(i.nrf_log_default_backends_init)
    i.nrf_log_frontend_dequeue               0x00001ac8   Section        0  nrf_log_frontend.o(i.nrf_log_frontend_dequeue)
    i.nrf_log_frontend_std_0                 0x00001ce0   Section        0  nrf_log_frontend.o(i.nrf_log_frontend_std_0)
    i.nrf_log_frontend_std_2                 0x00001ce8   Section        0  nrf_log_frontend.o(i.nrf_log_frontend_std_2)
    i.nrf_log_hexdump_entry_process          0x00001cf8   Section        0  nrf_log_str_formatter.o(i.nrf_log_hexdump_entry_process)
    i.nrf_log_init                           0x00001da4   Section        0  nrf_log_frontend.o(i.nrf_log_init)
    i.nrf_log_module_cnt_get                 0x00001dfc   Section        0  nrf_log_frontend.o(i.nrf_log_module_cnt_get)
    i.nrf_log_module_name_get                0x00001e10   Section        0  nrf_log_frontend.o(i.nrf_log_module_name_get)
    i.nrf_log_panic                          0x00001e2c   Section        0  nrf_log_frontend.o(i.nrf_log_panic)
    i.nrf_log_std_entry_process              0x00001e54   Section        0  nrf_log_str_formatter.o(i.nrf_log_std_entry_process)
    i.nrf_memobj_alloc                       0x00001f0a   Section        0  nrf_memobj.o(i.nrf_memobj_alloc)
    i.nrf_memobj_free                        0x00001f6a   Section        0  nrf_memobj.o(i.nrf_memobj_free)
    i.nrf_memobj_get                         0x00001f9c   Section        0  nrf_memobj.o(i.nrf_memobj_get)
    i.nrf_memobj_pool_init                   0x00001fa4   Section        0  nrf_memobj.o(i.nrf_memobj_pool_init)
    i.nrf_memobj_put                         0x00001fa8   Section        0  nrf_memobj.o(i.nrf_memobj_put)
    i.nrf_memobj_read                        0x00001fc6   Section        0  nrf_memobj.o(i.nrf_memobj_read)
    i.nrf_memobj_write                       0x00001fd2   Section        0  nrf_memobj.o(i.nrf_memobj_write)
    i.nrf_twim_event_check                   0x00001fde   Section        0  nrfx_twim.o(i.nrf_twim_event_check)
    nrf_twim_event_check                     0x00001fdf   Thumb Code    10  nrfx_twim.o(i.nrf_twim_event_check)
    i.nrf_twim_event_clear                   0x00001fe8   Section        0  nrfx_twim.o(i.nrf_twim_event_clear)
    nrf_twim_event_clear                     0x00001fe9   Thumb Code    12  nrfx_twim.o(i.nrf_twim_event_clear)
    i.nrf_uart_event_check                   0x00001ff4   Section        0  nrfx_uart.o(i.nrf_uart_event_check)
    nrf_uart_event_check                     0x00001ff5   Thumb Code    10  nrfx_uart.o(i.nrf_uart_event_check)
    i.nrf_uart_event_clear                   0x00001ffe   Section        0  nrfx_uart.o(i.nrf_uart_event_clear)
    nrf_uart_event_clear                     0x00001fff   Thumb Code    12  nrfx_uart.o(i.nrf_uart_event_clear)
    i.nrf_uart_int_enable_check              0x0000200a   Section        0  nrfx_uart.o(i.nrf_uart_int_enable_check)
    nrf_uart_int_enable_check                0x0000200b   Thumb Code    12  nrfx_uart.o(i.nrf_uart_int_enable_check)
    i.nrf_uarte_event_check                  0x00002016   Section        0  nrfx_uarte.o(i.nrf_uarte_event_check)
    nrf_uarte_event_check                    0x00002017   Thumb Code    10  nrfx_uarte.o(i.nrf_uarte_event_check)
    i.nrf_uarte_event_clear                  0x00002020   Section        0  nrfx_uarte.o(i.nrf_uarte_event_clear)
    nrf_uarte_event_clear                    0x00002021   Thumb Code    12  nrfx_uarte.o(i.nrf_uarte_event_clear)
    i.nrfx_clock_enable                      0x0000202c   Section        0  nrfx_clock.o(i.nrfx_clock_enable)
    i.nrfx_clock_init                        0x00002058   Section        0  nrfx_clock.o(i.nrfx_clock_init)
    i.nrfx_clock_lfclk_start                 0x00002078   Section        0  nrfx_clock.o(i.nrfx_clock_lfclk_start)
    i.nrfx_coredep_delay_us                  0x000020c4   Section        0  app_timer.o(i.nrfx_coredep_delay_us)
    nrfx_coredep_delay_us                    0x000020c5   Thumb Code    12  app_timer.o(i.nrfx_coredep_delay_us)
    i.nrfx_gpiote_in_event_enable            0x000020d4   Section        0  nrfx_gpiote.o(i.nrfx_gpiote_in_event_enable)
    i.nrfx_gpiote_in_init                    0x00002178   Section        0  nrfx_gpiote.o(i.nrfx_gpiote_in_init)
    i.nrfx_gpiote_init                       0x00002248   Section        0  nrfx_gpiote.o(i.nrfx_gpiote_init)
    i.nrfx_gpiote_is_init                    0x000022b8   Section        0  nrfx_gpiote.o(i.nrfx_gpiote_is_init)
    i.nrfx_gpiote_out_init                   0x000022cc   Section        0  nrfx_gpiote.o(i.nrfx_gpiote_out_init)
    i.nrfx_gpiote_out_toggle                 0x0000238c   Section        0  nrfx_gpiote.o(i.nrfx_gpiote_out_toggle)
    i.nrfx_is_in_ram                         0x000023a8   Section        0  nrfx_uarte.o(i.nrfx_is_in_ram)
    nrfx_is_in_ram                           0x000023a9   Thumb Code    16  nrfx_uarte.o(i.nrfx_is_in_ram)
    i.nrfx_prs_acquire                       0x000023b8   Section        0  nrfx_prs.o(i.nrfx_prs_acquire)
    i.nrfx_prs_release                       0x000023e8   Section        0  nrfx_prs.o(i.nrfx_prs_release)
    i.nrfx_uart_0_irq_handler                0x000023fc   Section        0  nrfx_uart.o(i.nrfx_uart_0_irq_handler)
    i.nrfx_uart_init                         0x0000240c   Section        0  nrfx_uart.o(i.nrfx_uart_init)
    i.nrfx_uart_tx                           0x000024e0   Section        0  nrfx_uart.o(i.nrfx_uart_tx)
    i.nrfx_uart_tx_in_progress               0x00002584   Section        0  nrfx_uart.o(i.nrfx_uart_tx_in_progress)
    i.nrfx_uart_uninit                       0x000025a4   Section        0  nrfx_uart.o(i.nrfx_uart_uninit)
    i.nrfx_uarte_0_irq_handler               0x00002658   Section        0  nrfx_uarte.o(i.nrfx_uarte_0_irq_handler)
    i.nrfx_uarte_init                        0x00002668   Section        0  nrfx_uarte.o(i.nrfx_uarte_init)
    i.nrfx_uarte_tx                          0x000026d4   Section        0  nrfx_uarte.o(i.nrfx_uarte_tx)
    i.nrfx_uarte_tx_in_progress              0x00002764   Section        0  nrfx_uarte.o(i.nrfx_uarte_tx_in_progress)
    i.nrfx_uarte_uninit                      0x00002780   Section        0  nrfx_uarte.o(i.nrfx_uarte_uninit)
    i.pin_in_use_by_port                     0x00002830   Section        0  nrfx_gpiote.o(i.pin_in_use_by_port)
    pin_in_use_by_port                       0x00002831   Thumb Code    20  nrfx_gpiote.o(i.pin_in_use_by_port)
    i.pin_in_use_by_te                       0x00002848   Section        0  nrfx_gpiote.o(i.pin_in_use_by_te)
    pin_in_use_by_te                         0x00002849   Thumb Code    20  nrfx_gpiote.o(i.pin_in_use_by_te)
    i.postfix_process                        0x00002860   Section        0  nrf_log_str_formatter.o(i.postfix_process)
    postfix_process                          0x00002861   Thumb Code    48  nrf_log_str_formatter.o(i.postfix_process)
    i.prefix_process                         0x0000289c   Section        0  nrf_log_str_formatter.o(i.prefix_process)
    prefix_process                           0x0000289d   Thumb Code    90  nrf_log_str_formatter.o(i.prefix_process)
    i.prs_box_get                            0x00002934   Section        0  nrfx_prs.o(i.prs_box_get)
    prs_box_get                              0x00002935   Thumb Code    14  nrfx_prs.o(i.prs_box_get)
    i.rtc1_stop                              0x0000294c   Section        0  app_timer.o(i.rtc1_stop)
    rtc1_stop                                0x0000294d   Thumb Code    52  app_timer.o(i.rtc1_stop)
    i.rx_byte                                0x00002988   Section        0  nrfx_uart.o(i.rx_byte)
    rx_byte                                  0x00002989   Thumb Code    50  nrfx_uart.o(i.rx_byte)
    i.rx_done_event                          0x000029ba   Section        0  nrfx_uart.o(i.rx_done_event)
    rx_done_event                            0x000029bb   Thumb Code    22  nrfx_uart.o(i.rx_done_event)
    i.rx_done_event                          0x000029d0   Section        0  nrfx_uarte.o(i.rx_done_event)
    rx_done_event                            0x000029d1   Thumb Code    24  nrfx_uarte.o(i.rx_done_event)
    i.serial_tx                              0x000029e8   Section        0  nrf_log_backend_uart.o(i.serial_tx)
    serial_tx                                0x000029e9   Thumb Code    54  nrf_log_backend_uart.o(i.serial_tx)
    i.std_n                                  0x00002a28   Section        0  nrf_log_frontend.o(i.std_n)
    std_n                                    0x00002a29   Thumb Code   136  nrf_log_frontend.o(i.std_n)
    i.timer_list_handler                     0x00002ab4   Section        0  app_timer.o(i.timer_list_handler)
    timer_list_handler                       0x00002ab5   Thumb Code   122  app_timer.o(i.timer_list_handler)
    i.timer_list_insert                      0x00002b34   Section        0  app_timer.o(i.timer_list_insert)
    timer_list_insert                        0x00002b35   Thumb Code    56  app_timer.o(i.timer_list_insert)
    i.timer_list_remove                      0x00002b70   Section        0  app_timer.o(i.timer_list_remove)
    timer_list_remove                        0x00002b71   Thumb Code    88  app_timer.o(i.timer_list_remove)
    i.timer_stop_op_schedule                 0x00002bd0   Section        0  app_timer.o(i.timer_stop_op_schedule)
    timer_stop_op_schedule                   0x00002bd1   Thumb Code    60  app_timer.o(i.timer_stop_op_schedule)
    i.timer_timeouts_check                   0x00002c10   Section        0  app_timer.o(i.timer_timeouts_check)
    timer_timeouts_check                     0x00002c11   Thumb Code   106  app_timer.o(i.timer_timeouts_check)
    i.twim_irq_handler                       0x00002c84   Section        0  nrfx_twim.o(i.twim_irq_handler)
    twim_irq_handler                         0x00002c85   Thumb Code   328  nrfx_twim.o(i.twim_irq_handler)
    i.tx_byte                                0x00002dd0   Section        0  nrfx_uart.o(i.tx_byte)
    tx_byte                                  0x00002dd1   Thumb Code    32  nrfx_uart.o(i.tx_byte)
    i.tx_done_event                          0x00002df0   Section        0  nrfx_uart.o(i.tx_done_event)
    tx_done_event                            0x00002df1   Thumb Code    26  nrfx_uart.o(i.tx_done_event)
    i.uart_evt_handler                       0x00002e0c   Section        0  nrf_drv_uart.o(i.uart_evt_handler)
    uart_evt_handler                         0x00002e0d   Thumb Code    42  nrf_drv_uart.o(i.uart_evt_handler)
    i.uart_evt_handler                       0x00002e3c   Section        0  nrf_log_backend_uart.o(i.uart_evt_handler)
    uart_evt_handler                         0x00002e3d   Thumb Code     8  nrf_log_backend_uart.o(i.uart_evt_handler)
    i.uart_init                              0x00002e48   Section        0  nrf_log_backend_uart.o(i.uart_init)
    uart_init                                0x00002e49   Thumb Code    66  nrf_log_backend_uart.o(i.uart_init)
    i.uart_irq_handler                       0x00002e98   Section        0  nrfx_uart.o(i.uart_irq_handler)
    uart_irq_handler                         0x00002e99   Thumb Code   296  nrfx_uart.o(i.uart_irq_handler)
    i.uarte_evt_handler                      0x00002fc0   Section        0  nrf_drv_uart.o(i.uarte_evt_handler)
    uarte_evt_handler                        0x00002fc1   Thumb Code    42  nrf_drv_uart.o(i.uarte_evt_handler)
    i.uarte_irq_handler                      0x00002ff0   Section        0  nrfx_uarte.o(i.uarte_irq_handler)
    uarte_irq_handler                        0x00002ff1   Thumb Code   244  nrfx_uarte.o(i.uarte_irq_handler)
    i.unsigned_print                         0x000030e4   Section        0  nrf_fprintf_format.o(i.unsigned_print)
    unsigned_print                           0x000030e5   Thumb Code   176  nrf_fprintf_format.o(i.unsigned_print)
    i.user_gpioe_init                        0x00003198   Section        0  user_gpioe.o(i.user_gpioe_init)
    i.user_op_alloc                          0x0000323c   Section        0  app_timer.o(i.user_op_alloc)
    user_op_alloc                            0x0000323d   Thumb Code    42  app_timer.o(i.user_op_alloc)
    .constdata                               0x0000326c   Section        4  nrfx_uart.o(.constdata)
    irq_handlers                             0x0000326c   Data           4  nrfx_uart.o(.constdata)
    .constdata                               0x00003270   Section        4  nrfx_uarte.o(.constdata)
    irq_handlers                             0x00003270   Data           4  nrfx_uarte.o(.constdata)
    .constdata                               0x00003274   Section        4  nrfx_gpiote.o(.constdata)
    .constdata                               0x00003278   Section       16  nrf_fprintf_format.o(.constdata)
    _aV2C                                    0x00003278   Data          16  nrf_fprintf_format.o(.constdata)
    .constdata                               0x00003290   Section        6  app_timer.o(.constdata)
    delay_bytecode                           0x00003290   Data           6  app_timer.o(.constdata)
    .constdata                               0x00003298   Section       12  nrf_log_backend_uart.o(.constdata)
    .constdata                               0x000032a4   Section       32  nrf_log_backend_uart.o(.constdata)
    .constdata                               0x000032c4   Section        8  user_gpioe.o(.constdata)
    m_detection_delay_timer_id               0x000032c8   Data           4  user_gpioe.o(.constdata)
    .constdata                               0x000032cc   Section      129  ctype_o.o(.constdata)
    .constdata                               0x00003350   Section        4  ctype_o.o(.constdata)
    table                                    0x00003350   Data           4  ctype_o.o(.constdata)
    .conststring                             0x00003354   Section      102  nrf_log_str_formatter.o(.conststring)
    .conststrlit                             0x000033bc   Section        4  nrfx_prs.o(.conststrlit)
    .conststrlit                             0x000033c0   Section        5  nrfx_twim.o(.conststrlit)
    .conststrlit                             0x000033c8   Section        5  nrfx_uart.o(.conststrlit)
    .conststrlit                             0x000033d0   Section        6  nrfx_uarte.o(.conststrlit)
    .conststrlit                             0x000033d8   Section        7  nrfx_gpiote.o(.conststrlit)
    .conststrlit                             0x000033e0   Section        6  nrf_drv_clock.o(.conststrlit)
    .conststrlit                             0x000033e8   Section        6  nrfx_clock.o(.conststrlit)
    .conststrlit                             0x000033f0   Section       24  nrf_log_frontend.o(.conststrlit)
    log_const_data                           0x00003428   Section        8  nrfx_prs.o(log_const_data)
    __tagsym$$used                           0x00003428   Number         0  nrfx_prs.o(log_const_data)
    log_const_data                           0x00003430   Section        8  nrfx_twim.o(log_const_data)
    __tagsym$$used                           0x00003430   Number         0  nrfx_twim.o(log_const_data)
    log_const_data                           0x00003438   Section        8  nrfx_uart.o(log_const_data)
    __tagsym$$used                           0x00003438   Number         0  nrfx_uart.o(log_const_data)
    log_const_data                           0x00003440   Section        8  nrfx_uarte.o(log_const_data)
    __tagsym$$used                           0x00003440   Number         0  nrfx_uarte.o(log_const_data)
    log_const_data                           0x00003448   Section        8  nrfx_gpiote.o(log_const_data)
    __tagsym$$used                           0x00003448   Number         0  nrfx_gpiote.o(log_const_data)
    log_const_data                           0x00003450   Section        8  nrf_drv_clock.o(log_const_data)
    __tagsym$$used                           0x00003450   Number         0  nrf_drv_clock.o(log_const_data)
    log_const_data                           0x00003458   Section        8  nrfx_clock.o(log_const_data)
    __tagsym$$used                           0x00003458   Number         0  nrfx_clock.o(log_const_data)
    log_const_data                           0x00003460   Section       16  nrf_log_frontend.o(log_const_data)
    __tagsym$$used                           0x00003460   Number         0  nrf_log_frontend.o(log_const_data)
    __tagsym$$used                           0x00003468   Number         0  nrf_log_frontend.o(log_const_data)
    nrf_balloc                               0x00003470   Section       24  nrf_log_frontend.o(nrf_balloc)
    __tagsym$$used                           0x00003470   Number         0  nrf_log_frontend.o(nrf_balloc)
    .data                                    0x20000000   Section       12  nrf_drv_uart.o(.data)
    m_handlers                               0x20000004   Data           4  nrf_drv_uart.o(.data)
    m_contexts                               0x20000008   Data           4  nrf_drv_uart.o(.data)
    .data                                    0x2000000c   Section        8  nrfx_prs.o(.data)
    m_prs_box_4                              0x2000000c   Data           8  nrfx_prs.o(.data)
    .data                                    0x20000014   Section        8  nrfx_clock.o(.data)
    m_clock_cb                               0x20000014   Data           8  nrfx_clock.o(.data)
    .data                                    0x2000001c   Section        4  app_util_platform.o(.data)
    m_in_critical_region                     0x2000001c   Data           4  app_util_platform.o(.data)
    .data                                    0x20000020   Section       20  app_timer.o(.data)
    m_ticks_elapsed_q_read_ind               0x20000020   Data           1  app_timer.o(.data)
    m_ticks_elapsed_q_write_ind              0x20000021   Data           1  app_timer.o(.data)
    m_rtc1_running                           0x20000022   Data           1  app_timer.o(.data)
    m_rtc1_reset                             0x20000023   Data           1  app_timer.o(.data)
    mp_timer_id_head                         0x20000024   Data           4  app_timer.o(.data)
    m_ticks_latest                           0x20000028   Data           4  app_timer.o(.data)
    m_ticks_elapsed                          0x2000002c   Data           8  app_timer.o(.data)
    .data                                    0x20000034   Section       24  nrf_log_backend_uart.o(.data)
    m_xfer_done                              0x20000034   Data           1  nrf_log_backend_uart.o(.data)
    m_async_mode                             0x20000035   Data           1  nrf_log_backend_uart.o(.data)
    .data                                    0x2000004c   Section       12  nrf_log_default_backends.o(.data)
    uart_log_backend                         0x2000004c   Data          12  nrf_log_default_backends.o(.data)
    .data                                    0x20000058   Section        8  nrf_log_frontend.o(.data)
    log_mempool_nrf_balloc_pool_stack        0x20000058   Data           8  nrf_log_frontend.o(.data)
    .data                                    0x20000060   Section        8  nrf_log_frontend.o(.data)
    log_mempool_nrf_balloc_cb                0x20000060   Data           8  nrf_log_frontend.o(.data)
    .data                                    0x20000068   Section       64  nrf_log_str_formatter.o(.data)
    m_freq                                   0x20000068   Data           4  nrf_log_str_formatter.o(.data)
    m_timestamp_div                          0x2000006c   Data           4  nrf_log_str_formatter.o(.data)
    severity_names                           0x20000070   Data          20  nrf_log_str_formatter.o(.data)
    m_colors                                 0x20000084   Data          36  nrf_log_str_formatter.o(.data)
    .data                                    0x200000a8   Section        8  user_gpioe.o(.data)
    extints                                  0x200000a8   Data           8  user_gpioe.o(.data)
    .data                                    0x200000b0   Section        4  system_nrf52.o(.data)
    __tagsym$$used                           0x200000b0   Number         0  system_nrf52.o(.data)
    log_dynamic_data                         0x200000b4   Section        4  nrfx_prs.o(log_dynamic_data)
    __tagsym$$used                           0x200000b4   Number         0  nrfx_prs.o(log_dynamic_data)
    log_dynamic_data                         0x200000b8   Section        4  nrfx_twim.o(log_dynamic_data)
    __tagsym$$used                           0x200000b8   Number         0  nrfx_twim.o(log_dynamic_data)
    log_dynamic_data                         0x200000bc   Section        4  nrfx_uart.o(log_dynamic_data)
    __tagsym$$used                           0x200000bc   Number         0  nrfx_uart.o(log_dynamic_data)
    log_dynamic_data                         0x200000c0   Section        4  nrfx_uarte.o(log_dynamic_data)
    __tagsym$$used                           0x200000c0   Number         0  nrfx_uarte.o(log_dynamic_data)
    log_dynamic_data                         0x200000c4   Section        4  nrfx_gpiote.o(log_dynamic_data)
    __tagsym$$used                           0x200000c4   Number         0  nrfx_gpiote.o(log_dynamic_data)
    log_dynamic_data                         0x200000c8   Section        4  nrf_drv_clock.o(log_dynamic_data)
    __tagsym$$used                           0x200000c8   Number         0  nrf_drv_clock.o(log_dynamic_data)
    log_dynamic_data                         0x200000cc   Section        4  nrfx_clock.o(log_dynamic_data)
    __tagsym$$used                           0x200000cc   Number         0  nrfx_clock.o(log_dynamic_data)
    log_dynamic_data                         0x200000d0   Section        8  nrf_log_frontend.o(log_dynamic_data)
    __tagsym$$used                           0x200000d0   Number         0  nrf_log_frontend.o(log_dynamic_data)
    __tagsym$$used                           0x200000d4   Number         0  nrf_log_frontend.o(log_dynamic_data)
    .bss                                     0x200000d8   Section      104  nrfx_twim.o(.bss)
    m_cb                                     0x200000d8   Data         104  nrfx_twim.o(.bss)
    .bss                                     0x20000140   Section       44  nrfx_uart.o(.bss)
    m_cb                                     0x20000140   Data          44  nrfx_uart.o(.bss)
    .bss                                     0x2000016c   Section       36  nrfx_uarte.o(.bss)
    m_cb                                     0x2000016c   Data          36  nrfx_uarte.o(.bss)
    .bss                                     0x20000190   Section       76  nrfx_gpiote.o(.bss)
    m_cb                                     0x20000190   Data          76  nrfx_gpiote.o(.bss)
    .bss                                     0x200001dc   Section       20  nrf_drv_clock.o(.bss)
    m_clock_cb                               0x200001dc   Data          20  nrf_drv_clock.o(.bss)
    .bss                                     0x200001f0   Section      268  app_timer.o(.bss)
    m_op_queue                               0x200001f0   Data         268  app_timer.o(.bss)
    .bss                                     0x200002fc   Section       64  nrf_log_backend_uart.o(.bss)
    m_string_buff                            0x200002fc   Data          64  nrf_log_backend_uart.o(.bss)
    .bss                                     0x2000033c   Section      192  nrf_log_frontend.o(.bss)
    log_mempool_nrf_balloc_pool_mem          0x2000033c   Data         192  nrf_log_frontend.o(.bss)
    .bss                                     0x200003fc   Section     1060  nrf_log_frontend.o(.bss)
    m_log_data                               0x200003fc   Data        1060  nrf_log_frontend.o(.bss)
    .bss                                     0x20000820   Section       32  user_gpioe.o(.bss)
    m_detection_delay_timer_id_data          0x20000820   Data          32  user_gpioe.o(.bss)
    STACK                                    0x20000840   Section     8192  arm_startup_nrf52.o(STACK)

    Global Symbols

    Symbol Name                              Value     Ov Type        Size  Object(Section)

    BuildAttributes$$THM_ISAv4$E$P$D$K$B$S$7EM$VFPi3$EXTD16$VFPS$VFMA$PE$A:L22UL41UL21$X:L11$S22US41US21$IEEE1$IW$USESV6$~STKCKD$USESV7$~SHL$OSPACE$EBA8$MICROLIB$REQ8$EABIv2 0x00000000   Number         0  anon$$obj.o ABSOLUTE
    __ARM_use_no_argv                        0x00000000   Number         0  main.o ABSOLUTE
    __Vectors                                0x00000000   Data           4  arm_startup_nrf52.o(RESET)
    __use_no_errno                           0x00000000   Number         0  useno.o ABSOLUTE
    __use_no_exception_handling              0x00000000   Number         0  useno.o ABSOLUTE
    __use_no_fp                              0x00000000   Number         0  useno.o ABSOLUTE
    __use_no_heap                            0x00000000   Number         0  useno.o ABSOLUTE
    __use_no_heap_region                     0x00000000   Number         0  useno.o ABSOLUTE
    __use_no_semihosting                     0x00000000   Number         0  useno.o ABSOLUTE
    __use_no_semihosting_swi                 0x00000000   Number         0  useno.o ABSOLUTE
    __use_no_signal_handling                 0x00000000   Number         0  useno.o ABSOLUTE
    __cpp_initialize__aeabi_                  - Undefined Weak Reference
    __cxa_finalize                            - Undefined Weak Reference
    __decompress                              - Undefined Weak Reference
    _clock_init                               - Undefined Weak Reference
    _microlib_exit                            - Undefined Weak Reference
    __Vectors_End                            0x00000200   Data           0  arm_startup_nrf52.o(RESET)
    __Vectors_Size                           0x00000200   Number         0  arm_startup_nrf52.o ABSOLUTE
    __main                                   0x00000201   Thumb Code     0  entry.o(.ARM.Collect$$$$00000000)
    _main_stk                                0x00000201   Thumb Code     0  entry2.o(.ARM.Collect$$$$00000001)
    _main_scatterload                        0x00000205   Thumb Code     0  entry5.o(.ARM.Collect$$$$00000004)
    __main_after_scatterload                 0x00000209   Thumb Code     0  entry5.o(.ARM.Collect$$$$00000004)
    _main_clock                              0x00000209   Thumb Code     0  entry7b.o(.ARM.Collect$$$$00000008)
    _main_cpp_init                           0x00000209   Thumb Code     0  entry8b.o(.ARM.Collect$$$$0000000A)
    _main_init                               0x00000209   Thumb Code     0  entry9a.o(.ARM.Collect$$$$0000000B)
    __rt_final_cpp                           0x00000211   Thumb Code     0  entry10a.o(.ARM.Collect$$$$0000000D)
    __rt_final_exit                          0x00000211   Thumb Code     0  entry11a.o(.ARM.Collect$$$$0000000F)
    __asm___12_nrf_atomic_c_85ca2469__nrf_atomic_internal_mov 0x00000215   Thumb Code    24  nrf_atomic.o(.emb_text)
    __asm___12_nrf_atomic_c_85ca2469__nrf_atomic_internal_orr 0x0000022d   Thumb Code    26  nrf_atomic.o(.emb_text)
    __asm___12_nrf_atomic_c_85ca2469__nrf_atomic_internal_and 0x00000247   Thumb Code    26  nrf_atomic.o(.emb_text)
    __asm___12_nrf_atomic_c_85ca2469__nrf_atomic_internal_eor 0x00000261   Thumb Code    26  nrf_atomic.o(.emb_text)
    __asm___12_nrf_atomic_c_85ca2469__nrf_atomic_internal_add 0x0000027b   Thumb Code    26  nrf_atomic.o(.emb_text)
    __asm___12_nrf_atomic_c_85ca2469__nrf_atomic_internal_sub 0x00000295   Thumb Code    26  nrf_atomic.o(.emb_text)
    __asm___12_nrf_atomic_c_85ca2469__nrf_atomic_internal_cmp_exch 0x000002af   Thumb Code    42  nrf_atomic.o(.emb_text)
    __asm___12_nrf_atomic_c_85ca2469__nrf_atomic_internal_sub_hs 0x000002d9   Thumb Code    30  nrf_atomic.o(.emb_text)
    Reset_Handler                            0x000002f9   Thumb Code     8  arm_startup_nrf52.o(.text)
    NMI_Handler                              0x00000301   Thumb Code     2  arm_startup_nrf52.o(.text)
    HardFault_Handler                        0x00000303   Thumb Code     2  arm_startup_nrf52.o(.text)
    MemoryManagement_Handler                 0x00000305   Thumb Code     2  arm_startup_nrf52.o(.text)
    BusFault_Handler                         0x00000307   Thumb Code     2  arm_startup_nrf52.o(.text)
    UsageFault_Handler                       0x00000309   Thumb Code     2  arm_startup_nrf52.o(.text)
    SVC_Handler                              0x0000030b   Thumb Code     2  arm_startup_nrf52.o(.text)
    DebugMon_Handler                         0x0000030d   Thumb Code     2  arm_startup_nrf52.o(.text)
    PendSV_Handler                           0x0000030f   Thumb Code     2  arm_startup_nrf52.o(.text)
    SysTick_Handler                          0x00000311   Thumb Code     2  arm_startup_nrf52.o(.text)
    CCM_AAR_IRQHandler                       0x00000313   Thumb Code     0  arm_startup_nrf52.o(.text)
    COMP_LPCOMP_IRQHandler                   0x00000313   Thumb Code     0  arm_startup_nrf52.o(.text)
    ECB_IRQHandler                           0x00000313   Thumb Code     0  arm_startup_nrf52.o(.text)
    FPU_IRQHandler                           0x00000313   Thumb Code     0  arm_startup_nrf52.o(.text)
    I2S_IRQHandler                           0x00000313   Thumb Code     0  arm_startup_nrf52.o(.text)
    MWU_IRQHandler                           0x00000313   Thumb Code     0  arm_startup_nrf52.o(.text)
    NFCT_IRQHandler                          0x00000313   Thumb Code     0  arm_startup_nrf52.o(.text)
    PDM_IRQHandler                           0x00000313   Thumb Code     0  arm_startup_nrf52.o(.text)
    PWM0_IRQHandler                          0x00000313   Thumb Code     0  arm_startup_nrf52.o(.text)
    PWM1_IRQHandler                          0x00000313   Thumb Code     0  arm_startup_nrf52.o(.text)
    PWM2_IRQHandler                          0x00000313   Thumb Code     0  arm_startup_nrf52.o(.text)
    QDEC_IRQHandler                          0x00000313   Thumb Code     0  arm_startup_nrf52.o(.text)
    RADIO_IRQHandler                         0x00000313   Thumb Code     0  arm_startup_nrf52.o(.text)
    RNG_IRQHandler                           0x00000313   Thumb Code     0  arm_startup_nrf52.o(.text)
    RTC0_IRQHandler                          0x00000313   Thumb Code     0  arm_startup_nrf52.o(.text)
    RTC2_IRQHandler                          0x00000313   Thumb Code     0  arm_startup_nrf52.o(.text)
    SAADC_IRQHandler                         0x00000313   Thumb Code     0  arm_startup_nrf52.o(.text)
    SPIM2_SPIS2_SPI2_IRQHandler              0x00000313   Thumb Code     0  arm_startup_nrf52.o(.text)
    SWI1_EGU1_IRQHandler                     0x00000313   Thumb Code     0  arm_startup_nrf52.o(.text)
    SWI2_EGU2_IRQHandler                     0x00000313   Thumb Code     0  arm_startup_nrf52.o(.text)
    SWI3_EGU3_IRQHandler                     0x00000313   Thumb Code     0  arm_startup_nrf52.o(.text)
    SWI4_EGU4_IRQHandler                     0x00000313   Thumb Code     0  arm_startup_nrf52.o(.text)
    SWI5_EGU5_IRQHandler                     0x00000313   Thumb Code     0  arm_startup_nrf52.o(.text)
    TEMP_IRQHandler                          0x00000313   Thumb Code     0  arm_startup_nrf52.o(.text)
    TIMER0_IRQHandler                        0x00000313   Thumb Code     0  arm_startup_nrf52.o(.text)
    TIMER1_IRQHandler                        0x00000313   Thumb Code     0  arm_startup_nrf52.o(.text)
    TIMER2_IRQHandler                        0x00000313   Thumb Code     0  arm_startup_nrf52.o(.text)
    TIMER3_IRQHandler                        0x00000313   Thumb Code     0  arm_startup_nrf52.o(.text)
    TIMER4_IRQHandler                        0x00000313   Thumb Code     0  arm_startup_nrf52.o(.text)
    WDT_IRQHandler                           0x00000313   Thumb Code     0  arm_startup_nrf52.o(.text)
    __rt_ctype_table                         0x0000031d   Thumb Code     4  ctype_o.o(.text)
    __aeabi_memcpy                           0x00000325   Thumb Code    36  memcpya.o(.text)
    __aeabi_memcpy4                          0x00000325   Thumb Code     0  memcpya.o(.text)
    __aeabi_memcpy8                          0x00000325   Thumb Code     0  memcpya.o(.text)
    __aeabi_memset                           0x00000349   Thumb Code    14  memseta.o(.text)
    __aeabi_memset4                          0x00000349   Thumb Code     0  memseta.o(.text)
    __aeabi_memset8                          0x00000349   Thumb Code     0  memseta.o(.text)
    __aeabi_memclr                           0x00000357   Thumb Code     4  memseta.o(.text)
    __aeabi_memclr4                          0x00000357   Thumb Code     0  memseta.o(.text)
    __aeabi_memclr8                          0x00000357   Thumb Code     0  memseta.o(.text)
    _memset$wrapper                          0x0000035b   Thumb Code    18  memseta.o(.text)
    strlen                                   0x0000036d   Thumb Code    14  strlen.o(.text)
    __scatterload                            0x0000037d   Thumb Code    28  init.o(.text)
    __scatterload_rt2                        0x0000037d   Thumb Code     0  init.o(.text)
    GPIOTE_IRQHandler                        0x000003a1   Thumb Code   332  nrfx_gpiote.o(i.GPIOTE_IRQHandler)
    POWER_CLOCK_IRQHandler                   0x00000559   Thumb Code    82  nrfx_clock.o(i.POWER_CLOCK_IRQHandler)
    RTC1_IRQHandler                          0x000005b1   Thumb Code    32  app_timer.o(i.RTC1_IRQHandler)
    SPIM0_SPIS0_TWIM0_TWIS0_SPI0_TWI0_IRQHandler 0x000005d5   Thumb Code     8  nrfx_twim.o(i.SPIM0_SPIS0_TWIM0_TWIS0_SPI0_TWI0_IRQHandler)
    SPIM1_SPIS1_TWIM1_TWIS1_SPI1_TWI1_IRQHandler 0x000005e5   Thumb Code    10  nrfx_twim.o(i.SPIM1_SPIS1_TWIM1_TWIS1_SPI1_TWI1_IRQHandler)
    SWI0_EGU0_IRQHandler                     0x000005f5   Thumb Code     4  app_timer.o(i.SWI0_EGU0_IRQHandler)
    SystemInit                               0x000005f9   Thumb Code   726  system_nrf52.o(i.SystemInit)
    UARTE0_UART0_IRQHandler                  0x00000915   Thumb Code     6  nrfx_prs.o(i.UARTE0_UART0_IRQHandler)
    __scatterload_copy                       0x00000921   Thumb Code    14  handlers.o(i.__scatterload_copy)
    __scatterload_null                       0x0000092f   Thumb Code     2  handlers.o(i.__scatterload_null)
    __scatterload_zeroinit                   0x00000931   Thumb Code    14  handlers.o(i.__scatterload_zeroinit)
    app_error_fault_handler                  0x00000941   Thumb Code    84  app_error_weak.o(i.app_error_fault_handler)
    app_error_handler_bare                   0x000009bd   Thumb Code    22  app_error.o(i.app_error_handler_bare)
    app_timer_create                         0x000009d5   Thumb Code    36  app_timer.o(i.app_timer_create)
    app_timer_init                           0x000009fd   Thumb Code    70  app_timer.o(i.app_timer_init)
    app_timer_start                          0x00000a51   Thumb Code   120  app_timer.o(i.app_timer_start)
    app_timer_stop                           0x00000ad1   Thumb Code    26  app_timer.o(i.app_timer_stop)
    app_util_critical_region_enter           0x00000af1   Thumb Code     4  app_util_platform.o(i.app_util_critical_region_enter)
    app_util_critical_region_exit            0x00000af5   Thumb Code     4  app_util_platform.o(i.app_util_critical_region_exit)
    app_util_disable_irq                     0x00000af9   Thumb Code    12  app_util_platform.o(i.app_util_disable_irq)
    app_util_enable_irq                      0x00000b09   Thumb Code    14  app_util_platform.o(i.app_util_enable_irq)
    buffer_is_empty                          0x00000cd5   Thumb Code    16  nrf_log_frontend.o(i.buffer_is_empty)
    main                                     0x000012d1   Thumb Code    68  main.o(i.main)
    nrf_atomic_flag_clear_fetch              0x000013bd   Thumb Code     6  nrf_atomic.o(i.nrf_atomic_flag_clear_fetch)
    nrf_atomic_flag_set                      0x000013c3   Thumb Code     6  nrf_atomic.o(i.nrf_atomic_flag_set)
    nrf_atomic_u32_add                       0x000013c9   Thumb Code    12  nrf_atomic.o(i.nrf_atomic_u32_add)
    nrf_atomic_u32_fetch_and                 0x000013d5   Thumb Code    10  nrf_atomic.o(i.nrf_atomic_u32_fetch_and)
    nrf_atomic_u32_fetch_store               0x000013df   Thumb Code    10  nrf_atomic.o(i.nrf_atomic_u32_fetch_store)
    nrf_atomic_u32_or                        0x000013e9   Thumb Code    12  nrf_atomic.o(i.nrf_atomic_u32_or)
    nrf_atomic_u32_sub                       0x000013f5   Thumb Code    12  nrf_atomic.o(i.nrf_atomic_u32_sub)
    nrf_balloc_alloc                         0x00001401   Thumb Code    62  nrf_balloc.o(i.nrf_balloc_alloc)
    nrf_balloc_free                          0x0000143f   Thumb Code    42  nrf_balloc.o(i.nrf_balloc_free)
    nrf_balloc_init                          0x00001469   Thumb Code    48  nrf_balloc.o(i.nrf_balloc_init)
    nrf_drv_clock_init                       0x000014dd   Thumb Code    42  nrf_drv_clock.o(i.nrf_drv_clock_init)
    nrf_drv_clock_lfclk_request              0x00001511   Thumb Code    68  nrf_drv_clock.o(i.nrf_drv_clock_lfclk_request)
    nrf_drv_uart_init                        0x00001559   Thumb Code    90  nrf_drv_uart.o(i.nrf_drv_uart_init)
    nrf_fprintf                              0x000015c1   Thumb Code    26  nrf_fprintf.o(i.nrf_fprintf)
    nrf_fprintf_buffer_flush                 0x000015db   Thumb Code    24  nrf_fprintf.o(i.nrf_fprintf_buffer_flush)
    nrf_fprintf_fmt                          0x000015f3   Thumb Code   474  nrf_fprintf_format.o(i.nrf_fprintf_fmt)
    nrf_log_backend_add                      0x00001919   Thumb Code    74  nrf_log_frontend.o(i.nrf_log_backend_add)
    nrf_log_backend_serial_put               0x00001969   Thumb Code   200  nrf_log_backend_serial.o(i.nrf_log_backend_serial_put)
    nrf_log_backend_uart_init                0x00001a33   Thumb Code     6  nrf_log_backend_uart.o(i.nrf_log_backend_uart_init)
    nrf_log_color_id_get                     0x00001a7d   Thumb Code    42  nrf_log_frontend.o(i.nrf_log_color_id_get)
    nrf_log_default_backends_init            0x00001aad   Thumb Code    22  nrf_log_default_backends.o(i.nrf_log_default_backends_init)
    nrf_log_frontend_dequeue                 0x00001ac9   Thumb Code   502  nrf_log_frontend.o(i.nrf_log_frontend_dequeue)
    nrf_log_frontend_std_0                   0x00001ce1   Thumb Code     8  nrf_log_frontend.o(i.nrf_log_frontend_std_0)
    nrf_log_frontend_std_2                   0x00001ce9   Thumb Code    16  nrf_log_frontend.o(i.nrf_log_frontend_std_2)
    nrf_log_hexdump_entry_process            0x00001cf9   Thumb Code   146  nrf_log_str_formatter.o(i.nrf_log_hexdump_entry_process)
    nrf_log_init                             0x00001da5   Thumb Code    66  nrf_log_frontend.o(i.nrf_log_init)
    nrf_log_module_cnt_get                   0x00001dfd   Thumb Code    10  nrf_log_frontend.o(i.nrf_log_module_cnt_get)
    nrf_log_module_name_get                  0x00001e11   Thumb Code    24  nrf_log_frontend.o(i.nrf_log_module_name_get)
    nrf_log_panic                            0x00001e2d   Thumb Code    34  nrf_log_frontend.o(i.nrf_log_panic)
    nrf_log_std_entry_process                0x00001e55   Thumb Code   182  nrf_log_str_formatter.o(i.nrf_log_std_entry_process)
    nrf_memobj_alloc                         0x00001f0b   Thumb Code    96  nrf_memobj.o(i.nrf_memobj_alloc)
    nrf_memobj_free                          0x00001f6b   Thumb Code    50  nrf_memobj.o(i.nrf_memobj_free)
    nrf_memobj_get                           0x00001f9d   Thumb Code     8  nrf_memobj.o(i.nrf_memobj_get)
    nrf_memobj_pool_init                     0x00001fa5   Thumb Code     4  nrf_memobj.o(i.nrf_memobj_pool_init)
    nrf_memobj_put                           0x00001fa9   Thumb Code    30  nrf_memobj.o(i.nrf_memobj_put)
    nrf_memobj_read                          0x00001fc7   Thumb Code    12  nrf_memobj.o(i.nrf_memobj_read)
    nrf_memobj_write                         0x00001fd3   Thumb Code    12  nrf_memobj.o(i.nrf_memobj_write)
    nrfx_clock_enable                        0x0000202d   Thumb Code    36  nrfx_clock.o(i.nrfx_clock_enable)
    nrfx_clock_init                          0x00002059   Thumb Code    26  nrfx_clock.o(i.nrfx_clock_init)
    nrfx_clock_lfclk_start                   0x00002079   Thumb Code    64  nrfx_clock.o(i.nrfx_clock_lfclk_start)
    nrfx_gpiote_in_event_enable              0x000020d5   Thumb Code   156  nrfx_gpiote.o(i.nrfx_gpiote_in_event_enable)
    nrfx_gpiote_in_init                      0x00002179   Thumb Code   194  nrfx_gpiote.o(i.nrfx_gpiote_in_init)
    nrfx_gpiote_init                         0x00002249   Thumb Code    98  nrfx_gpiote.o(i.nrfx_gpiote_init)
    nrfx_gpiote_is_init                      0x000022b9   Thumb Code    14  nrfx_gpiote.o(i.nrfx_gpiote_is_init)
    nrfx_gpiote_out_init                     0x000022cd   Thumb Code   180  nrfx_gpiote.o(i.nrfx_gpiote_out_init)
    nrfx_gpiote_out_toggle                   0x0000238d   Thumb Code    28  nrfx_gpiote.o(i.nrfx_gpiote_out_toggle)
    nrfx_prs_acquire                         0x000023b9   Thumb Code    48  nrfx_prs.o(i.nrfx_prs_acquire)
    nrfx_prs_release                         0x000023e9   Thumb Code    18  nrfx_prs.o(i.nrfx_prs_release)
    nrfx_uart_0_irq_handler                  0x000023fd   Thumb Code     8  nrfx_uart.o(i.nrfx_uart_0_irq_handler)
    nrfx_uart_init                           0x0000240d   Thumb Code   200  nrfx_uart.o(i.nrfx_uart_init)
    nrfx_uart_tx                             0x000024e1   Thumb Code   160  nrfx_uart.o(i.nrfx_uart_tx)
    nrfx_uart_tx_in_progress                 0x00002585   Thumb Code    26  nrfx_uart.o(i.nrfx_uart_tx_in_progress)
    nrfx_uart_uninit                         0x000025a5   Thumb Code   170  nrfx_uart.o(i.nrfx_uart_uninit)
    nrfx_uarte_0_irq_handler                 0x00002659   Thumb Code     8  nrfx_uarte.o(i.nrfx_uarte_0_irq_handler)
    nrfx_uarte_init                          0x00002669   Thumb Code   100  nrfx_uarte.o(i.nrfx_uarte_init)
    nrfx_uarte_tx                            0x000026d5   Thumb Code   138  nrfx_uarte.o(i.nrfx_uarte_tx)
    nrfx_uarte_tx_in_progress                0x00002765   Thumb Code    22  nrfx_uarte.o(i.nrfx_uarte_tx_in_progress)
    nrfx_uarte_uninit                        0x00002781   Thumb Code   166  nrfx_uarte.o(i.nrfx_uarte_uninit)
    user_gpioe_init                          0x00003199   Thumb Code   128  user_gpioe.o(i.user_gpioe_init)
    nrf_log_backend_uart_api                 0x00003298   Data          12  nrf_log_backend_uart.o(.constdata)
    __ctype_table                            0x000032cc   Data         129  ctype_o.o(.constdata)
    Region$$Table$$Base                      0x00003408   Number         0  anon$$obj.o(Region$$Table)
    Region$$Table$$Limit                     0x00003428   Number         0  anon$$obj.o(Region$$Table)
    log_const_data$$Base                     0x00003428   Number         0  nrfx_prs.o(log_const_data)
    m_nrf_log_PRS_logs_data_const            0x00003428   Data           8  nrfx_prs.o(log_const_data)
    m_nrf_log_TWIM_logs_data_const           0x00003430   Data           8  nrfx_twim.o(log_const_data)
    m_nrf_log_UART_logs_data_const           0x00003438   Data           8  nrfx_uart.o(log_const_data)
    m_nrf_log_UARTE_logs_data_const          0x00003440   Data           8  nrfx_uarte.o(log_const_data)
    m_nrf_log_GPIOTE_logs_data_const         0x00003448   Data           8  nrfx_gpiote.o(log_const_data)
    m_nrf_log_clock_logs_data_const          0x00003450   Data           8  nrf_drv_clock.o(log_const_data)
    m_nrf_log_CLOCK_logs_data_const          0x00003458   Data           8  nrfx_clock.o(log_const_data)
    m_nrf_log_balloc_log_mempool_logs_data_const 0x00003460   Data           8  nrf_log_frontend.o(log_const_data)
    m_nrf_log_app_logs_data_const            0x00003468   Data           8  nrf_log_frontend.o(log_const_data)
    log_const_data$$Limit                    0x00003470   Number         0  nrf_log_frontend.o(log_const_data)
    log_mempool                              0x00003470   Data          24  nrf_log_frontend.o(nrf_balloc)
    nrf_drv_uart_use_easy_dma                0x20000000   Data           1  nrf_drv_uart.o(.data)
    m_uart                                   0x20000038   Data          20  nrf_log_backend_uart.o(.data)
    SystemCoreClock                          0x200000b0   Data           4  system_nrf52.o(.data)
    log_dynamic_data$$Base                   0x200000b4   Number         0  nrfx_prs.o(log_dynamic_data)
    m_nrf_log_PRS_logs_data_dynamic          0x200000b4   Data           4  nrfx_prs.o(log_dynamic_data)
    m_nrf_log_TWIM_logs_data_dynamic         0x200000b8   Data           4  nrfx_twim.o(log_dynamic_data)
    m_nrf_log_UART_logs_data_dynamic         0x200000bc   Data           4  nrfx_uart.o(log_dynamic_data)
    m_nrf_log_UARTE_logs_data_dynamic        0x200000c0   Data           4  nrfx_uarte.o(log_dynamic_data)
    m_nrf_log_GPIOTE_logs_data_dynamic       0x200000c4   Data           4  nrfx_gpiote.o(log_dynamic_data)
    m_nrf_log_clock_logs_data_dynamic        0x200000c8   Data           4  nrf_drv_clock.o(log_dynamic_data)
    m_nrf_log_CLOCK_logs_data_dynamic        0x200000cc   Data           4  nrfx_clock.o(log_dynamic_data)
    m_nrf_log_balloc_log_mempool_logs_data_dynamic 0x200000d0   Data           4  nrf_log_frontend.o(log_dynamic_data)
    m_nrf_log_app_logs_data_dynamic          0x200000d4   Data           4  nrf_log_frontend.o(log_dynamic_data)
    __initial_sp                             0x20002840   Data           0  arm_startup_nrf52.o(STACK)



==============================================================================

Memory Map of the image

  Image Entry point : 0x00000201

  Load Region LR_IROM1 (Base: 0x00000000, Size: 0x00003560, Max: 0x00080000, ABSOLUTE)

    Execution Region ER_IROM1 (Exec base: 0x00000000, Load base: 0x00000000, Size: 0x00003488, Max: 0x00080000, ABSOLUTE)

    Exec Addr    Load Addr    Size         Type   Attr      Idx    E Section Name        Object

    0x00000000   0x00000000   0x00000200   Data   RO         3135    RESET               arm_startup_nrf52.o
    0x00000200   0x00000200   0x00000000   Code   RO         3176  * .ARM.Collect$$$$00000000  mc_w.l(entry.o)
    0x00000200   0x00000200   0x00000004   Code   RO         3224    .ARM.Collect$$$$00000001  mc_w.l(entry2.o)
    0x00000204   0x00000204   0x00000004   Code   RO         3227    .ARM.Collect$$$$00000004  mc_w.l(entry5.o)
    0x00000208   0x00000208   0x00000000   Code   RO         3229    .ARM.Collect$$$$00000008  mc_w.l(entry7b.o)
    0x00000208   0x00000208   0x00000000   Code   RO         3231    .ARM.Collect$$$$0000000A  mc_w.l(entry8b.o)
    0x00000208   0x00000208   0x00000008   Code   RO         3232    .ARM.Collect$$$$0000000B  mc_w.l(entry9a.o)
    0x00000210   0x00000210   0x00000000   Code   RO         3234    .ARM.Collect$$$$0000000D  mc_w.l(entry10a.o)
    0x00000210   0x00000210   0x00000000   Code   RO         3236    .ARM.Collect$$$$0000000F  mc_w.l(entry11a.o)
    0x00000210   0x00000210   0x00000004   Code   RO         3225    .ARM.Collect$$$$00002712  mc_w.l(entry2.o)
    0x00000214   0x00000214   0x000000e2   Code   RO         1750    .emb_text           nrf_atomic.o
    0x000002f6   0x000002f6   0x00000002   PAD
    0x000002f8   0x000002f8   0x00000024   Code   RO         3136    .text               arm_startup_nrf52.o
    0x0000031c   0x0000031c   0x00000008   Code   RO         3184    .text               mc_w.l(ctype_o.o)
    0x00000324   0x00000324   0x00000024   Code   RO         3212    .text               mc_w.l(memcpya.o)
    0x00000348   0x00000348   0x00000024   Code   RO         3214    .text               mc_w.l(memseta.o)
    0x0000036c   0x0000036c   0x0000000e   Code   RO         3216    .text               mc_w.l(strlen.o)
    0x0000037a   0x0000037a   0x00000002   PAD
    0x0000037c   0x0000037c   0x00000024   Code   RO         3240    .text               mc_w.l(init.o)
    0x000003a0   0x000003a0   0x00000154   Code   RO         1046    i.GPIOTE_IRQHandler  nrfx_gpiote.o
    0x000004f4   0x000004f4   0x00000016   Code   RO         2116    i.NVIC_ClearPendingIRQ  app_timer.o
    0x0000050a   0x0000050a   0x00000016   Code   RO         2117    i.NVIC_EnableIRQ    app_timer.o
    0x00000520   0x00000520   0x00000016   Code   RO         2118    i.NVIC_SetPendingIRQ  app_timer.o
    0x00000536   0x00000536   0x00000020   Code   RO         2119    i.NVIC_SetPriority  app_timer.o
    0x00000556   0x00000556   0x00000002   PAD
    0x00000558   0x00000558   0x00000058   Code   RO         1439    i.POWER_CLOCK_IRQHandler  nrfx_clock.o
    0x000005b0   0x000005b0   0x00000024   Code   RO         2120    i.RTC1_IRQHandler   app_timer.o
    0x000005d4   0x000005d4   0x00000010   Code   RO          559    i.SPIM0_SPIS0_TWIM0_TWIS0_SPI0_TWI0_IRQHandler  nrfx_twim.o
    0x000005e4   0x000005e4   0x00000010   Code   RO          560    i.SPIM1_SPIS1_TWIM1_TWIS1_SPI1_TWI1_IRQHandler  nrfx_twim.o
    0x000005f4   0x000005f4   0x00000004   Code   RO         2121    i.SWI0_EGU0_IRQHandler  app_timer.o
    0x000005f8   0x000005f8   0x0000031c   Code   RO         3144    i.SystemInit        system_nrf52.o
    0x00000914   0x00000914   0x0000000c   Code   RO          478    i.UARTE0_UART0_IRQHandler  nrfx_prs.o
    0x00000920   0x00000920   0x0000000e   Code   RO         3244    i.__scatterload_copy  mc_w.l(handlers.o)
    0x0000092e   0x0000092e   0x00000002   Code   RO         3245    i.__scatterload_null  mc_w.l(handlers.o)
    0x00000930   0x00000930   0x0000000e   Code   RO         3246    i.__scatterload_zeroinit  mc_w.l(handlers.o)
    0x0000093e   0x0000093e   0x00000002   PAD
    0x00000940   0x00000940   0x0000007c   Code   RO         1633    i.app_error_fault_handler  app_error_weak.o
    0x000009bc   0x000009bc   0x00000016   Code   RO         1564    i.app_error_handler_bare  app_error.o
    0x000009d2   0x000009d2   0x00000002   PAD
    0x000009d4   0x000009d4   0x00000028   Code   RO         2124    i.app_timer_create  app_timer.o
    0x000009fc   0x000009fc   0x00000054   Code   RO         2125    i.app_timer_init    app_timer.o
    0x00000a50   0x00000a50   0x00000080   Code   RO         2128    i.app_timer_start   app_timer.o
    0x00000ad0   0x00000ad0   0x00000020   Code   RO         2129    i.app_timer_stop    app_timer.o
    0x00000af0   0x00000af0   0x00000004   Code   RO         1661    i.app_util_critical_region_enter  app_util_platform.o
    0x00000af4   0x00000af4   0x00000004   Code   RO         1662    i.app_util_critical_region_exit  app_util_platform.o
    0x00000af8   0x00000af8   0x00000010   Code   RO         1663    i.app_util_disable_irq  app_util_platform.o
    0x00000b08   0x00000b08   0x00000014   Code   RO         1664    i.app_util_enable_irq  app_util_platform.o
    0x00000b1c   0x00000b1c   0x00000088   Code   RO          715    i.apply_config      nrfx_uart.o
    0x00000ba4   0x00000ba4   0x00000088   Code   RO          897    i.apply_config      nrfx_uarte.o
    0x00000c2c   0x00000c2c   0x00000088   Code   RO         2478    i.buf_prealloc      nrf_log_frontend.o
    0x00000cb4   0x00000cb4   0x0000001e   Code   RO         1965    i.buffer_add        nrf_fprintf_format.o
    0x00000cd2   0x00000cd2   0x00000002   PAD
    0x00000cd4   0x00000cd4   0x00000014   Code   RO         2479    i.buffer_is_empty   nrf_log_frontend.o
    0x00000ce8   0x00000ce8   0x0000001c   Code   RO         1047    i.channel_free      nrfx_gpiote.o
    0x00000d04   0x00000d04   0x00000048   Code   RO         1048    i.channel_port_alloc  nrfx_gpiote.o
    0x00000d4c   0x00000d4c   0x00000010   Code   RO         1049    i.channel_port_get  nrfx_gpiote.o
    0x00000d5c   0x00000d5c   0x00000028   Code   RO         1312    i.clock_clk_started_notify  nrf_drv_clock.o
    0x00000d84   0x00000d84   0x0000001c   Code   RO         1313    i.clock_irq_handler  nrf_drv_clock.o
    0x00000da0   0x00000da0   0x000000ac   Code   RO         2131    i.compare_reg_update  app_timer.o
    0x00000e4c   0x00000e4c   0x00000034   Code   RO         3078    i.detection_delay_timeout_handler  user_gpioe.o
    0x00000e80   0x00000e80   0x00000014   Code   RO         2481    i.dropped_sat16_get  nrf_log_frontend.o
    0x00000e94   0x00000e94   0x00000040   Code   RO         2132    i.elapsed_ticks_acquire  app_timer.o
    0x00000ed4   0x00000ed4   0x0000005c   Code   RO         3079    i.extint_event_handler  user_gpioe.o
    0x00000f30   0x00000f30   0x00000080   Code   RO         3080    i.gpiote_event_handler  user_gpioe.o
    0x00000fb0   0x00000fb0   0x000000a6   Code   RO         1966    i.int_print         nrf_fprintf_format.o
    0x00001056   0x00001056   0x00000002   PAD
    0x00001058   0x00001058   0x00000080   Code   RO          898    i.interrupts_enable  nrfx_uarte.o
    0x000010d8   0x000010d8   0x0000004c   Code   RO         2482    i.invalid_packets_pushed_str_omit  nrf_log_frontend.o
    0x00001124   0x00001124   0x00000016   Code   RO         1314    i.item_enqueue      nrf_drv_clock.o
    0x0000113a   0x0000113a   0x00000002   PAD
    0x0000113c   0x0000113c   0x000000f8   Code   RO         2133    i.list_insertions_handler  app_timer.o
    0x00001234   0x00001234   0x0000009c   Code   RO         2483    i.log_skip          nrf_log_frontend.o
    0x000012d0   0x000012d0   0x00000044   Code   RO            4    i.main              main.o
    0x00001314   0x00001314   0x00000076   Code   RO         2005    i.memobj_op         nrf_memobj.o
    0x0000138a   0x0000138a   0x00000002   PAD
    0x0000138c   0x0000138c   0x00000030   Code   RO         2484    i.module_idx_get    nrf_log_frontend.o
    0x000013bc   0x000013bc   0x00000006   Code   RO         1752    i.nrf_atomic_flag_clear_fetch  nrf_atomic.o
    0x000013c2   0x000013c2   0x00000006   Code   RO         1753    i.nrf_atomic_flag_set  nrf_atomic.o
    0x000013c8   0x000013c8   0x0000000c   Code   RO         1755    i.nrf_atomic_u32_add  nrf_atomic.o
    0x000013d4   0x000013d4   0x0000000a   Code   RO         1759    i.nrf_atomic_u32_fetch_and  nrf_atomic.o
    0x000013de   0x000013de   0x0000000a   Code   RO         1761    i.nrf_atomic_u32_fetch_store  nrf_atomic.o
    0x000013e8   0x000013e8   0x0000000c   Code   RO         1765    i.nrf_atomic_u32_or  nrf_atomic.o
    0x000013f4   0x000013f4   0x0000000c   Code   RO         1767    i.nrf_atomic_u32_sub  nrf_atomic.o
    0x00001400   0x00001400   0x0000003e   Code   RO         1889    i.nrf_balloc_alloc  nrf_balloc.o
    0x0000143e   0x0000143e   0x0000002a   Code   RO         1890    i.nrf_balloc_free   nrf_balloc.o
    0x00001468   0x00001468   0x00000030   Code   RO         1891    i.nrf_balloc_init   nrf_balloc.o
    0x00001498   0x00001498   0x00000010   Code   RO         1050    i.nrf_bitmask_bit_is_set  nrfx_gpiote.o
    0x000014a8   0x000014a8   0x00000014   Code   RO         1051    i.nrf_bitmask_bit_set  nrfx_gpiote.o
    0x000014bc   0x000014bc   0x0000000e   Code   RO         1440    i.nrf_clock_event_check  nrfx_clock.o
    0x000014ca   0x000014ca   0x00000010   Code   RO         1441    i.nrf_clock_event_clear  nrfx_clock.o
    0x000014da   0x000014da   0x00000002   PAD
    0x000014dc   0x000014dc   0x00000034   Code   RO         1320    i.nrf_drv_clock_init  nrf_drv_clock.o
    0x00001510   0x00001510   0x00000048   Code   RO         1325    i.nrf_drv_clock_lfclk_request  nrf_drv_clock.o
    0x00001558   0x00001558   0x00000068   Code   RO          426    i.nrf_drv_uart_init  nrf_drv_uart.o
    0x000015c0   0x000015c0   0x0000001a   Code   RO         1926    i.nrf_fprintf       nrf_fprintf.o
    0x000015da   0x000015da   0x00000018   Code   RO         1927    i.nrf_fprintf_buffer_flush  nrf_fprintf.o
    0x000015f2   0x000015f2   0x000001da   Code   RO         1967    i.nrf_fprintf_fmt   nrf_fprintf_format.o
    0x000017cc   0x000017cc   0x00000024   Code   RO          716    i.nrf_gpio_cfg      nrfx_uart.o
    0x000017f0   0x000017f0   0x00000024   Code   RO          899    i.nrf_gpio_cfg      nrfx_uarte.o
    0x00001814   0x00001814   0x00000024   Code   RO         1052    i.nrf_gpio_cfg      nrfx_gpiote.o
    0x00001838   0x00001838   0x00000012   Code   RO          717    i.nrf_gpio_cfg_default  nrfx_uart.o
    0x0000184a   0x0000184a   0x00000012   Code   RO          900    i.nrf_gpio_cfg_default  nrfx_uarte.o
    0x0000185c   0x0000185c   0x00000012   Code   RO          718    i.nrf_gpio_cfg_input  nrfx_uart.o
    0x0000186e   0x0000186e   0x00000012   Code   RO          901    i.nrf_gpio_cfg_input  nrfx_uarte.o
    0x00001880   0x00001880   0x00000014   Code   RO          719    i.nrf_gpio_cfg_output  nrfx_uart.o
    0x00001894   0x00001894   0x00000014   Code   RO          902    i.nrf_gpio_cfg_output  nrfx_uarte.o
    0x000018a8   0x000018a8   0x00000022   Code   RO         1054    i.nrf_gpio_cfg_sense_set  nrfx_gpiote.o
    0x000018ca   0x000018ca   0x00000002   PAD
    0x000018cc   0x000018cc   0x00000028   Code   RO         1055    i.nrf_gpio_ports_read  nrfx_gpiote.o
    0x000018f4   0x000018f4   0x00000014   Code   RO         1056    i.nrf_gpiote_event_clear  nrfx_gpiote.o
    0x00001908   0x00001908   0x00000010   Code   RO         1057    i.nrf_gpiote_event_is_set  nrfx_gpiote.o
    0x00001918   0x00001918   0x00000050   Code   RO         2485    i.nrf_log_backend_add  nrf_log_frontend.o
    0x00001968   0x00001968   0x000000c8   Code   RO         2316    i.nrf_log_backend_serial_put  nrf_log_backend_serial.o
    0x00001a30   0x00001a30   0x00000002   Code   RO         2356    i.nrf_log_backend_uart_flush  nrf_log_backend_uart.o
    0x00001a32   0x00001a32   0x00000006   Code   RO         2357    i.nrf_log_backend_uart_init  nrf_log_backend_uart.o
    0x00001a38   0x00001a38   0x0000002c   Code   RO         2358    i.nrf_log_backend_uart_panic_set  nrf_log_backend_uart.o
    0x00001a64   0x00001a64   0x00000018   Code   RO         2359    i.nrf_log_backend_uart_put  nrf_log_backend_uart.o
    0x00001a7c   0x00001a7c   0x00000030   Code   RO         2487    i.nrf_log_color_id_get  nrf_log_frontend.o
    0x00001aac   0x00001aac   0x0000001c   Code   RO         2445    i.nrf_log_default_backends_init  nrf_log_default_backends.o
    0x00001ac8   0x00001ac8   0x00000218   Code   RO         2488    i.nrf_log_frontend_dequeue  nrf_log_frontend.o
    0x00001ce0   0x00001ce0   0x00000008   Code   RO         2490    i.nrf_log_frontend_std_0  nrf_log_frontend.o
    0x00001ce8   0x00001ce8   0x00000010   Code   RO         2492    i.nrf_log_frontend_std_2  nrf_log_frontend.o
    0x00001cf8   0x00001cf8   0x000000ac   Code   RO         2665    i.nrf_log_hexdump_entry_process  nrf_log_str_formatter.o
    0x00001da4   0x00001da4   0x00000058   Code   RO         2497    i.nrf_log_init      nrf_log_frontend.o
    0x00001dfc   0x00001dfc   0x00000014   Code   RO         2498    i.nrf_log_module_cnt_get  nrf_log_frontend.o
    0x00001e10   0x00001e10   0x0000001c   Code   RO         2501    i.nrf_log_module_name_get  nrf_log_frontend.o
    0x00001e2c   0x00001e2c   0x00000028   Code   RO         2502    i.nrf_log_panic     nrf_log_frontend.o
    0x00001e54   0x00001e54   0x000000b6   Code   RO         2666    i.nrf_log_std_entry_process  nrf_log_str_formatter.o
    0x00001f0a   0x00001f0a   0x00000060   Code   RO         2006    i.nrf_memobj_alloc  nrf_memobj.o
    0x00001f6a   0x00001f6a   0x00000032   Code   RO         2007    i.nrf_memobj_free   nrf_memobj.o
    0x00001f9c   0x00001f9c   0x00000008   Code   RO         2008    i.nrf_memobj_get    nrf_memobj.o
    0x00001fa4   0x00001fa4   0x00000004   Code   RO         2009    i.nrf_memobj_pool_init  nrf_memobj.o
    0x00001fa8   0x00001fa8   0x0000001e   Code   RO         2010    i.nrf_memobj_put    nrf_memobj.o
    0x00001fc6   0x00001fc6   0x0000000c   Code   RO         2011    i.nrf_memobj_read   nrf_memobj.o
    0x00001fd2   0x00001fd2   0x0000000c   Code   RO         2012    i.nrf_memobj_write  nrf_memobj.o
    0x00001fde   0x00001fde   0x0000000a   Code   RO          563    i.nrf_twim_event_check  nrfx_twim.o
    0x00001fe8   0x00001fe8   0x0000000c   Code   RO          564    i.nrf_twim_event_clear  nrfx_twim.o
    0x00001ff4   0x00001ff4   0x0000000a   Code   RO          720    i.nrf_uart_event_check  nrfx_uart.o
    0x00001ffe   0x00001ffe   0x0000000c   Code   RO          721    i.nrf_uart_event_clear  nrfx_uart.o
    0x0000200a   0x0000200a   0x0000000c   Code   RO          722    i.nrf_uart_int_enable_check  nrfx_uart.o
    0x00002016   0x00002016   0x0000000a   Code   RO          903    i.nrf_uarte_event_check  nrfx_uarte.o
    0x00002020   0x00002020   0x0000000c   Code   RO          904    i.nrf_uarte_event_clear  nrfx_uarte.o
    0x0000202c   0x0000202c   0x0000002c   Code   RO         1446    i.nrfx_clock_enable  nrfx_clock.o
    0x00002058   0x00002058   0x00000020   Code   RO         1449    i.nrfx_clock_init   nrfx_clock.o
    0x00002078   0x00002078   0x0000004c   Code   RO         1451    i.nrfx_clock_lfclk_start  nrfx_clock.o
    0x000020c4   0x000020c4   0x00000010   Code   RO         2134    i.nrfx_coredep_delay_us  app_timer.o
    0x000020d4   0x000020d4   0x000000a4   Code   RO         1062    i.nrfx_gpiote_in_event_enable  nrfx_gpiote.o
    0x00002178   0x00002178   0x000000d0   Code   RO         1063    i.nrfx_gpiote_in_init  nrfx_gpiote.o
    0x00002248   0x00002248   0x00000070   Code   RO         1066    i.nrfx_gpiote_init  nrfx_gpiote.o
    0x000022b8   0x000022b8   0x00000014   Code   RO         1067    i.nrfx_gpiote_is_init  nrfx_gpiote.o
    0x000022cc   0x000022cc   0x000000c0   Code   RO         1069    i.nrfx_gpiote_out_init  nrfx_gpiote.o
    0x0000238c   0x0000238c   0x0000001c   Code   RO         1076    i.nrfx_gpiote_out_toggle  nrfx_gpiote.o
    0x000023a8   0x000023a8   0x00000010   Code   RO          905    i.nrfx_is_in_ram    nrfx_uarte.o
    0x000023b8   0x000023b8   0x00000030   Code   RO          479    i.nrfx_prs_acquire  nrfx_prs.o
    0x000023e8   0x000023e8   0x00000012   Code   RO          480    i.nrfx_prs_release  nrfx_prs.o
    0x000023fa   0x000023fa   0x00000002   PAD
    0x000023fc   0x000023fc   0x00000010   Code   RO          723    i.nrfx_uart_0_irq_handler  nrfx_uart.o
    0x0000240c   0x0000240c   0x000000d4   Code   RO          725    i.nrfx_uart_init    nrfx_uart.o
    0x000024e0   0x000024e0   0x000000a4   Code   RO          731    i.nrfx_uart_tx      nrfx_uart.o
    0x00002584   0x00002584   0x00000020   Code   RO          733    i.nrfx_uart_tx_in_progress  nrfx_uart.o
    0x000025a4   0x000025a4   0x000000b4   Code   RO          734    i.nrfx_uart_uninit  nrfx_uart.o
    0x00002658   0x00002658   0x00000010   Code   RO          906    i.nrfx_uarte_0_irq_handler  nrfx_uarte.o
    0x00002668   0x00002668   0x0000006c   Code   RO          908    i.nrfx_uarte_init   nrfx_uarte.o
    0x000026d4   0x000026d4   0x00000090   Code   RO          912    i.nrfx_uarte_tx     nrfx_uarte.o
    0x00002764   0x00002764   0x0000001c   Code   RO          914    i.nrfx_uarte_tx_in_progress  nrfx_uarte.o
    0x00002780   0x00002780   0x000000b0   Code   RO          915    i.nrfx_uarte_uninit  nrfx_uarte.o
    0x00002830   0x00002830   0x00000018   Code   RO         1083    i.pin_in_use_by_port  nrfx_gpiote.o
    0x00002848   0x00002848   0x00000018   Code   RO         1084    i.pin_in_use_by_te  nrfx_gpiote.o
    0x00002860   0x00002860   0x0000003c   Code   RO         2668    i.postfix_process   nrf_log_str_formatter.o
    0x0000289c   0x0000289c   0x00000098   Code   RO         2669    i.prefix_process    nrf_log_str_formatter.o
    0x00002934   0x00002934   0x00000018   Code   RO          481    i.prs_box_get       nrfx_prs.o
    0x0000294c   0x0000294c   0x0000003c   Code   RO         2135    i.rtc1_stop         app_timer.o
    0x00002988   0x00002988   0x00000032   Code   RO          735    i.rx_byte           nrfx_uart.o
    0x000029ba   0x000029ba   0x00000016   Code   RO          736    i.rx_done_event     nrfx_uart.o
    0x000029d0   0x000029d0   0x00000018   Code   RO          916    i.rx_done_event     nrfx_uarte.o
    0x000029e8   0x000029e8   0x00000040   Code   RO         2360    i.serial_tx         nrf_log_backend_uart.o
    0x00002a28   0x00002a28   0x0000008c   Code   RO         2504    i.std_n             nrf_log_frontend.o
    0x00002ab4   0x00002ab4   0x00000080   Code   RO         2136    i.timer_list_handler  app_timer.o
    0x00002b34   0x00002b34   0x0000003c   Code   RO         2137    i.timer_list_insert  app_timer.o
    0x00002b70   0x00002b70   0x00000060   Code   RO         2138    i.timer_list_remove  app_timer.o
    0x00002bd0   0x00002bd0   0x00000040   Code   RO         2139    i.timer_stop_op_schedule  app_timer.o
    0x00002c10   0x00002c10   0x00000074   Code   RO         2140    i.timer_timeouts_check  app_timer.o
    0x00002c84   0x00002c84   0x0000014c   Code   RO          576    i.twim_irq_handler  nrfx_twim.o
    0x00002dd0   0x00002dd0   0x00000020   Code   RO          738    i.tx_byte           nrfx_uart.o
    0x00002df0   0x00002df0   0x0000001a   Code   RO          739    i.tx_done_event     nrfx_uart.o
    0x00002e0a   0x00002e0a   0x00000002   PAD
    0x00002e0c   0x00002e0c   0x00000030   Code   RO          427    i.uart_evt_handler  nrf_drv_uart.o
    0x00002e3c   0x00002e3c   0x0000000c   Code   RO         2361    i.uart_evt_handler  nrf_log_backend_uart.o
    0x00002e48   0x00002e48   0x00000050   Code   RO         2362    i.uart_init         nrf_log_backend_uart.o
    0x00002e98   0x00002e98   0x00000128   Code   RO          740    i.uart_irq_handler  nrfx_uart.o
    0x00002fc0   0x00002fc0   0x00000030   Code   RO          428    i.uarte_evt_handler  nrf_drv_uart.o
    0x00002ff0   0x00002ff0   0x000000f4   Code   RO          917    i.uarte_irq_handler  nrfx_uarte.o
    0x000030e4   0x000030e4   0x000000b4   Code   RO         1968    i.unsigned_print    nrf_fprintf_format.o
    0x00003198   0x00003198   0x000000a4   Code   RO         3081    i.user_gpioe_init   user_gpioe.o
    0x0000323c   0x0000323c   0x00000030   Code   RO         2141    i.user_op_alloc     app_timer.o
    0x0000326c   0x0000326c   0x00000004   Data   RO          743    .constdata          nrfx_uart.o
    0x00003270   0x00003270   0x00000004   Data   RO          920    .constdata          nrfx_uarte.o
    0x00003274   0x00003274   0x00000004   Data   RO         1086    .constdata          nrfx_gpiote.o
    0x00003278   0x00003278   0x00000010   Data   RO         1969    .constdata          nrf_fprintf_format.o
    0x00003288   0x00003288   0x00000008   PAD
    0x00003290   0x00003290   0x00000006   Data   RO         2143    .constdata          app_timer.o
    0x00003296   0x00003296   0x00000002   PAD
    0x00003298   0x00003298   0x0000000c   Data   RO         2364    .constdata          nrf_log_backend_uart.o
    0x000032a4   0x000032a4   0x00000020   Data   RO         2365    .constdata          nrf_log_backend_uart.o
    0x000032c4   0x000032c4   0x00000008   Data   RO         3083    .constdata          user_gpioe.o
    0x000032cc   0x000032cc   0x00000081   Data   RO         3185    .constdata          mc_w.l(ctype_o.o)
    0x0000334d   0x0000334d   0x00000003   PAD
    0x00003350   0x00003350   0x00000004   Data   RO         3186    .constdata          mc_w.l(ctype_o.o)
    0x00003354   0x00003354   0x00000066   Data   RO         2670    .conststring        nrf_log_str_formatter.o
    0x000033ba   0x000033ba   0x00000002   PAD
    0x000033bc   0x000033bc   0x00000004   Data   RO          483    .conststrlit        nrfx_prs.o
    0x000033c0   0x000033c0   0x00000005   Data   RO          583    .conststrlit        nrfx_twim.o
    0x000033c5   0x000033c5   0x00000003   PAD
    0x000033c8   0x000033c8   0x00000005   Data   RO          746    .conststrlit        nrfx_uart.o
    0x000033cd   0x000033cd   0x00000003   PAD
    0x000033d0   0x000033d0   0x00000006   Data   RO          923    .conststrlit        nrfx_uarte.o
    0x000033d6   0x000033d6   0x00000002   PAD
    0x000033d8   0x000033d8   0x00000007   Data   RO         1090    .conststrlit        nrfx_gpiote.o
    0x000033df   0x000033df   0x00000001   PAD
    0x000033e0   0x000033e0   0x00000006   Data   RO         1332    .conststrlit        nrf_drv_clock.o
    0x000033e6   0x000033e6   0x00000002   PAD
    0x000033e8   0x000033e8   0x00000006   Data   RO         1456    .conststrlit        nrfx_clock.o
    0x000033ee   0x000033ee   0x00000002   PAD
    0x000033f0   0x000033f0   0x00000018   Data   RO         2507    .conststrlit        nrf_log_frontend.o
    0x00003408   0x00003408   0x00000020   Data   RO         3242    Region$$Table       anon$$obj.o
    0x00003428   0x00003428   0x00000008   Data   RO          485    log_const_data      nrfx_prs.o
    0x00003430   0x00003430   0x00000008   Data   RO          584    log_const_data      nrfx_twim.o
    0x00003438   0x00003438   0x00000008   Data   RO          747    log_const_data      nrfx_uart.o
    0x00003440   0x00003440   0x00000008   Data   RO          924    log_const_data      nrfx_uarte.o
    0x00003448   0x00003448   0x00000008   Data   RO         1091    log_const_data      nrfx_gpiote.o
    0x00003450   0x00003450   0x00000008   Data   RO         1333    log_const_data      nrf_drv_clock.o
    0x00003458   0x00003458   0x00000008   Data   RO         1458    log_const_data      nrfx_clock.o
    0x00003460   0x00003460   0x00000010   Data   RO         2510    log_const_data      nrf_log_frontend.o
    0x00003470   0x00003470   0x00000018   Data   RO         2512    nrf_balloc          nrf_log_frontend.o


    Execution Region RW_IRAM1 (Exec base: 0x20000000, Load base: 0x00003488, Size: 0x00002840, Max: 0x00010000, ABSOLUTE)

    Exec Addr    Load Addr    Size         Type   Attr      Idx    E Section Name        Object

    0x20000000   0x00003488   0x0000000c   Data   RW          429    .data               nrf_drv_uart.o
    0x2000000c   0x00003494   0x00000008   Data   RW          484    .data               nrfx_prs.o
    0x20000014   0x0000349c   0x00000008   Data   RW         1457    .data               nrfx_clock.o
    0x2000001c   0x000034a4   0x00000004   Data   RW         1667    .data               app_util_platform.o
    0x20000020   0x000034a8   0x00000014   Data   RW         2144    .data               app_timer.o
    0x20000034   0x000034bc   0x00000018   Data   RW         2366    .data               nrf_log_backend_uart.o
    0x2000004c   0x000034d4   0x0000000c   Data   RW         2446    .data               nrf_log_default_backends.o
    0x20000058   0x000034e0   0x00000008   Data   RW         2508    .data               nrf_log_frontend.o
    0x20000060   0x000034e8   0x00000008   Data   RW         2509    .data               nrf_log_frontend.o
    0x20000068   0x000034f0   0x00000040   Data   RW         2671    .data               nrf_log_str_formatter.o
    0x200000a8   0x00003530   0x00000008   Data   RW         3084    .data               user_gpioe.o
    0x200000b0   0x00003538   0x00000004   Data   RW         3145    .data               system_nrf52.o
    0x200000b4   0x0000353c   0x00000004   Data   RW          486    log_dynamic_data    nrfx_prs.o
    0x200000b8   0x00003540   0x00000004   Data   RW          585    log_dynamic_data    nrfx_twim.o
    0x200000bc   0x00003544   0x00000004   Data   RW          748    log_dynamic_data    nrfx_uart.o
    0x200000c0   0x00003548   0x00000004   Data   RW          925    log_dynamic_data    nrfx_uarte.o
    0x200000c4   0x0000354c   0x00000004   Data   RW         1092    log_dynamic_data    nrfx_gpiote.o
    0x200000c8   0x00003550   0x00000004   Data   RW         1334    log_dynamic_data    nrf_drv_clock.o
    0x200000cc   0x00003554   0x00000004   Data   RW         1459    log_dynamic_data    nrfx_clock.o
    0x200000d0   0x00003558   0x00000008   Data   RW         2511    log_dynamic_data    nrf_log_frontend.o
    0x200000d8        -       0x00000068   Zero   RW          578    .bss                nrfx_twim.o
    0x20000140        -       0x0000002c   Zero   RW          741    .bss                nrfx_uart.o
    0x2000016c        -       0x00000024   Zero   RW          918    .bss                nrfx_uarte.o
    0x20000190        -       0x0000004c   Zero   RW         1085    .bss                nrfx_gpiote.o
    0x200001dc        -       0x00000014   Zero   RW         1327    .bss                nrf_drv_clock.o
    0x200001f0        -       0x0000010c   Zero   RW         2142    .bss                app_timer.o
    0x200002fc        -       0x00000040   Zero   RW         2363    .bss                nrf_log_backend_uart.o
    0x2000033c        -       0x000000c0   Zero   RW         2505    .bss                nrf_log_frontend.o
    0x200003fc        -       0x00000424   Zero   RW         2506    .bss                nrf_log_frontend.o
    0x20000820        -       0x00000020   Zero   RW         3082    .bss                user_gpioe.o
    0x20000840        -       0x00002000   Zero   RW         3133    STACK               arm_startup_nrf52.o


==============================================================================

Image component sizes


      Code (inc. data)   RO Data    RW Data    ZI Data      Debug   Object Name

        22          0          0          0          0       2421   app_error.o
         0          0          0          0          0        384   app_error_handler_keil.o
       124         40          0          0          0      27369   app_error_weak.o
      1494        118          6         20        268      76743   app_timer.o
        44         10          0          4          0       3252   app_util_platform.o
        36          8        512          0       8192        912   arm_startup_nrf52.o
         0          0          0          0          0        516   boards.o
        68          0          0          0          0      67891   main.o
       294          0          0          0          0       7727   nrf_atomic.o
       152          0          0          0          0       3528   nrf_balloc.o
       214         24         14          4         20       9991   nrf_drv_clock.o
         0          0          0          0          0        572   nrf_drv_twi.o
       200         26          0         12          0      17532   nrf_drv_uart.o
        50          0          0          0          0       3465   nrf_fprintf.o
       850          4         16          0          0       5406   nrf_fprintf_format.o
       200          0          0          0          0      11439   nrf_log_backend_serial.o
       232         44         44         24         64      20950   nrf_log_backend_uart.o
        28          6          0         12          0       3135   nrf_log_default_backends.o
      1460        118         64         24       1252      28716   nrf_log_frontend.o
       566        108        102         64          0       5700   nrf_log_str_formatter.o
       330          0          0          0          0       9483   nrf_memobj.o
       270         32         14         12          0      13466   nrfx_clock.o
      1410        102         19          4         76      59858   nrfx_gpiote.o
       102         16         12         12          0       5708   nrfx_prs.o
       386         18         13          4        104      44574   nrfx_twim.o
      1292         40         17          4         44      27970   nrfx_uart.o
      1134         44         18          4         36      22381   nrfx_uarte.o
       796         70          0          4          0       2895   system_nrf52.o
       436        166          8          8         32      16470   user_gpioe.o

    ----------------------------------------------------------------------
     12212        994        916        216      10088     500454   Object Totals
         0          0         32          0          0          0   (incl. Generated)
        22          0         25          0          0          0   (incl. Padding)

    ----------------------------------------------------------------------

      Code (inc. data)   RO Data    RW Data    ZI Data      Debug   Library Member Name

         8          4        133          0          0         68   ctype_o.o
         0          0          0          0          0          0   entry.o
         0          0          0          0          0          0   entry10a.o
         0          0          0          0          0          0   entry11a.o
         8          4          0          0          0          0   entry2.o
         4          0          0          0          0          0   entry5.o
         0          0          0          0          0          0   entry7b.o
         0          0          0          0          0          0   entry8b.o
         8          4          0          0          0          0   entry9a.o
        30          0          0          0          0          0   handlers.o
        36          8          0          0          0         68   init.o
        36          0          0          0          0         68   memcpya.o
        36          0          0          0          0        108   memseta.o
        14          0          0          0          0         68   strlen.o

    ----------------------------------------------------------------------
       184         20        136          0          0        380   Library Totals
         4          0          3          0          0          0   (incl. Padding)

    ----------------------------------------------------------------------

      Code (inc. data)   RO Data    RW Data    ZI Data      Debug   Library Name

       180         20        133          0          0        380   mc_w.l

    ----------------------------------------------------------------------
       184         20        136          0          0        380   Library Totals

    ----------------------------------------------------------------------

==============================================================================


      Code (inc. data)   RO Data    RW Data    ZI Data      Debug   

     12396       1014       1052        216      10088     485286   Grand Totals
     12396       1014       1052        216      10088     485286   ELF Image Totals
     12396       1014       1052        216          0          0   ROM Totals

==============================================================================

    Total RO  Size (Code + RO Data)                13448 (  13.13kB)
    Total RW  Size (RW Data + ZI Data)             10304 (  10.06kB)
    Total ROM Size (Code + RO Data + RW Data)      13664 (  13.34kB)

==============================================================================

