<!doctype html public "-//w3c//dtd html 4.0 transitional//en">
<html><head>
<title>Static Call Graph - [.\_build\nrf52832_xxaa.axf]</title></head>
<body><HR>
<H1>Static Call Graph for image .\_build\nrf52832_xxaa.axf</H1><HR>
<BR><P>#&#060CALLGRAPH&#062# ARM Linker, 5060750: Last Updated: Sun Sep 02 20:00:55 2018
<BR><P>
<H3>Maximum Stack Usage =        344 bytes + Unknown(Cycles, Untraceable Function Pointers)</H3><H3>
Call chain for Maximum Stack Depth:</H3>
nrf_log_backend_uart_put &rArr; nrf_log_backend_serial_put &rArr; nrf_log_std_entry_process &rArr; prefix_process &rArr; nrf_fprintf &rArr; nrf_fprintf_fmt &rArr; int_print &rArr; unsigned_print &rArr; buffer_add &rArr; nrf_fprintf_buffer_flush
<P>
<H3>
Mutually Recursive functions
</H3> <LI><a href="#[1]">NMI_Handler</a>&nbsp;&nbsp;&nbsp;&rArr;&nbsp;&nbsp;&nbsp;<a href="#[1]">NMI_Handler</a><BR>
 <LI><a href="#[2]">HardFault_Handler</a>&nbsp;&nbsp;&nbsp;&rArr;&nbsp;&nbsp;&nbsp;<a href="#[2]">HardFault_Handler</a><BR>
 <LI><a href="#[3]">MemoryManagement_Handler</a>&nbsp;&nbsp;&nbsp;&rArr;&nbsp;&nbsp;&nbsp;<a href="#[3]">MemoryManagement_Handler</a><BR>
 <LI><a href="#[4]">BusFault_Handler</a>&nbsp;&nbsp;&nbsp;&rArr;&nbsp;&nbsp;&nbsp;<a href="#[4]">BusFault_Handler</a><BR>
 <LI><a href="#[5]">UsageFault_Handler</a>&nbsp;&nbsp;&nbsp;&rArr;&nbsp;&nbsp;&nbsp;<a href="#[5]">UsageFault_Handler</a><BR>
 <LI><a href="#[6]">SVC_Handler</a>&nbsp;&nbsp;&nbsp;&rArr;&nbsp;&nbsp;&nbsp;<a href="#[6]">SVC_Handler</a><BR>
 <LI><a href="#[7]">DebugMon_Handler</a>&nbsp;&nbsp;&nbsp;&rArr;&nbsp;&nbsp;&nbsp;<a href="#[7]">DebugMon_Handler</a><BR>
 <LI><a href="#[8]">PendSV_Handler</a>&nbsp;&nbsp;&nbsp;&rArr;&nbsp;&nbsp;&nbsp;<a href="#[8]">PendSV_Handler</a><BR>
 <LI><a href="#[9]">SysTick_Handler</a>&nbsp;&nbsp;&nbsp;&rArr;&nbsp;&nbsp;&nbsp;<a href="#[9]">SysTick_Handler</a><BR>
 <LI><a href="#[19]">CCM_AAR_IRQHandler</a>&nbsp;&nbsp;&nbsp;&rArr;&nbsp;&nbsp;&nbsp;<a href="#[19]">CCM_AAR_IRQHandler</a><BR>
 <LI><a href="#[b1]">std_n</a>&nbsp;&nbsp;&nbsp;&rArr;&nbsp;&nbsp;&nbsp;<a href="#[53]">nrf_log_frontend_dequeue</a><BR>
</UL>
<P>
<H3>
Function Pointers
</H3><UL>
 <LI><a href="#[4]">BusFault_Handler</a> from arm_startup_nrf52.o(.text) referenced from arm_startup_nrf52.o(RESET)
 <LI><a href="#[19]">CCM_AAR_IRQHandler</a> from arm_startup_nrf52.o(.text) referenced from arm_startup_nrf52.o(RESET)
 <LI><a href="#[1d]">COMP_LPCOMP_IRQHandler</a> from arm_startup_nrf52.o(.text) referenced from arm_startup_nrf52.o(RESET)
 <LI><a href="#[7]">DebugMon_Handler</a> from arm_startup_nrf52.o(.text) referenced from arm_startup_nrf52.o(RESET)
 <LI><a href="#[18]">ECB_IRQHandler</a> from arm_startup_nrf52.o(.text) referenced from arm_startup_nrf52.o(RESET)
 <LI><a href="#[2e]">FPU_IRQHandler</a> from arm_startup_nrf52.o(.text) referenced from arm_startup_nrf52.o(RESET)
 <LI><a href="#[10]">GPIOTE_IRQHandler</a> from nrfx_gpiote.o(i.GPIOTE_IRQHandler) referenced from arm_startup_nrf52.o(RESET)
 <LI><a href="#[2]">HardFault_Handler</a> from arm_startup_nrf52.o(.text) referenced from arm_startup_nrf52.o(RESET)
 <LI><a href="#[2d]">I2S_IRQHandler</a> from arm_startup_nrf52.o(.text) referenced from arm_startup_nrf52.o(RESET)
 <LI><a href="#[28]">MWU_IRQHandler</a> from arm_startup_nrf52.o(.text) referenced from arm_startup_nrf52.o(RESET)
 <LI><a href="#[3]">MemoryManagement_Handler</a> from arm_startup_nrf52.o(.text) referenced from arm_startup_nrf52.o(RESET)
 <LI><a href="#[f]">NFCT_IRQHandler</a> from arm_startup_nrf52.o(.text) referenced from arm_startup_nrf52.o(RESET)
 <LI><a href="#[1]">NMI_Handler</a> from arm_startup_nrf52.o(.text) referenced from arm_startup_nrf52.o(RESET)
 <LI><a href="#[27]">PDM_IRQHandler</a> from arm_startup_nrf52.o(.text) referenced from arm_startup_nrf52.o(RESET)
 <LI><a href="#[a]">POWER_CLOCK_IRQHandler</a> from nrfx_clock.o(i.POWER_CLOCK_IRQHandler) referenced from arm_startup_nrf52.o(RESET)
 <LI><a href="#[26]">PWM0_IRQHandler</a> from arm_startup_nrf52.o(.text) referenced from arm_startup_nrf52.o(RESET)
 <LI><a href="#[29]">PWM1_IRQHandler</a> from arm_startup_nrf52.o(.text) referenced from arm_startup_nrf52.o(RESET)
 <LI><a href="#[2a]">PWM2_IRQHandler</a> from arm_startup_nrf52.o(.text) referenced from arm_startup_nrf52.o(RESET)
 <LI><a href="#[8]">PendSV_Handler</a> from arm_startup_nrf52.o(.text) referenced from arm_startup_nrf52.o(RESET)
 <LI><a href="#[1c]">QDEC_IRQHandler</a> from arm_startup_nrf52.o(.text) referenced from arm_startup_nrf52.o(RESET)
 <LI><a href="#[b]">RADIO_IRQHandler</a> from arm_startup_nrf52.o(.text) referenced from arm_startup_nrf52.o(RESET)
 <LI><a href="#[17]">RNG_IRQHandler</a> from arm_startup_nrf52.o(.text) referenced from arm_startup_nrf52.o(RESET)
 <LI><a href="#[15]">RTC0_IRQHandler</a> from arm_startup_nrf52.o(.text) referenced from arm_startup_nrf52.o(RESET)
 <LI><a href="#[1b]">RTC1_IRQHandler</a> from app_timer.o(i.RTC1_IRQHandler) referenced from arm_startup_nrf52.o(RESET)
 <LI><a href="#[2c]">RTC2_IRQHandler</a> from arm_startup_nrf52.o(.text) referenced from arm_startup_nrf52.o(RESET)
 <LI><a href="#[0]">Reset_Handler</a> from arm_startup_nrf52.o(.text) referenced from arm_startup_nrf52.o(RESET)
 <LI><a href="#[11]">SAADC_IRQHandler</a> from arm_startup_nrf52.o(.text) referenced from arm_startup_nrf52.o(RESET)
 <LI><a href="#[d]">SPIM0_SPIS0_TWIM0_TWIS0_SPI0_TWI0_IRQHandler</a> from nrfx_twim.o(i.SPIM0_SPIS0_TWIM0_TWIS0_SPI0_TWI0_IRQHandler) referenced from arm_startup_nrf52.o(RESET)
 <LI><a href="#[e]">SPIM1_SPIS1_TWIM1_TWIS1_SPI1_TWI1_IRQHandler</a> from nrfx_twim.o(i.SPIM1_SPIS1_TWIM1_TWIS1_SPI1_TWI1_IRQHandler) referenced from arm_startup_nrf52.o(RESET)
 <LI><a href="#[2b]">SPIM2_SPIS2_SPI2_IRQHandler</a> from arm_startup_nrf52.o(.text) referenced from arm_startup_nrf52.o(RESET)
 <LI><a href="#[6]">SVC_Handler</a> from arm_startup_nrf52.o(.text) referenced from arm_startup_nrf52.o(RESET)
 <LI><a href="#[1e]">SWI0_EGU0_IRQHandler</a> from app_timer.o(i.SWI0_EGU0_IRQHandler) referenced from arm_startup_nrf52.o(RESET)
 <LI><a href="#[1f]">SWI1_EGU1_IRQHandler</a> from arm_startup_nrf52.o(.text) referenced from arm_startup_nrf52.o(RESET)
 <LI><a href="#[20]">SWI2_EGU2_IRQHandler</a> from arm_startup_nrf52.o(.text) referenced from arm_startup_nrf52.o(RESET)
 <LI><a href="#[21]">SWI3_EGU3_IRQHandler</a> from arm_startup_nrf52.o(.text) referenced from arm_startup_nrf52.o(RESET)
 <LI><a href="#[22]">SWI4_EGU4_IRQHandler</a> from arm_startup_nrf52.o(.text) referenced from arm_startup_nrf52.o(RESET)
 <LI><a href="#[23]">SWI5_EGU5_IRQHandler</a> from arm_startup_nrf52.o(.text) referenced from arm_startup_nrf52.o(RESET)
 <LI><a href="#[9]">SysTick_Handler</a> from arm_startup_nrf52.o(.text) referenced from arm_startup_nrf52.o(RESET)
 <LI><a href="#[30]">SystemInit</a> from system_nrf52.o(i.SystemInit) referenced from arm_startup_nrf52.o(.text)
 <LI><a href="#[16]">TEMP_IRQHandler</a> from arm_startup_nrf52.o(.text) referenced from arm_startup_nrf52.o(RESET)
 <LI><a href="#[12]">TIMER0_IRQHandler</a> from arm_startup_nrf52.o(.text) referenced from arm_startup_nrf52.o(RESET)
 <LI><a href="#[13]">TIMER1_IRQHandler</a> from arm_startup_nrf52.o(.text) referenced from arm_startup_nrf52.o(RESET)
 <LI><a href="#[14]">TIMER2_IRQHandler</a> from arm_startup_nrf52.o(.text) referenced from arm_startup_nrf52.o(RESET)
 <LI><a href="#[24]">TIMER3_IRQHandler</a> from arm_startup_nrf52.o(.text) referenced from arm_startup_nrf52.o(RESET)
 <LI><a href="#[25]">TIMER4_IRQHandler</a> from arm_startup_nrf52.o(.text) referenced from arm_startup_nrf52.o(RESET)
 <LI><a href="#[c]">UARTE0_UART0_IRQHandler</a> from nrfx_prs.o(i.UARTE0_UART0_IRQHandler) referenced from arm_startup_nrf52.o(RESET)
 <LI><a href="#[5]">UsageFault_Handler</a> from arm_startup_nrf52.o(.text) referenced from arm_startup_nrf52.o(RESET)
 <LI><a href="#[1a]">WDT_IRQHandler</a> from arm_startup_nrf52.o(.text) referenced from arm_startup_nrf52.o(RESET)
 <LI><a href="#[31]">__main</a> from entry.o(.ARM.Collect$$$$00000000) referenced from arm_startup_nrf52.o(.text)
 <LI><a href="#[32]">clock_irq_handler</a> from nrf_drv_clock.o(i.clock_irq_handler) referenced from nrf_drv_clock.o(i.nrf_drv_clock_init)
 <LI><a href="#[38]">detection_delay_timeout_handler</a> from user_gpioe.o(i.detection_delay_timeout_handler) referenced from user_gpioe.o(i.user_gpioe_init)
 <LI><a href="#[3e]">extint_event_handler</a> from user_gpioe.o(i.extint_event_handler) referenced from user_gpioe.o(.data)
 <LI><a href="#[37]">gpiote_event_handler</a> from user_gpioe.o(i.gpiote_event_handler) referenced from user_gpioe.o(i.user_gpioe_init)
 <LI><a href="#[2f]">main</a> from main.o(i.main) referenced from entry9a.o(.ARM.Collect$$$$0000000B)
 <LI><a href="#[3d]">nrf_log_backend_uart_flush</a> from nrf_log_backend_uart.o(i.nrf_log_backend_uart_flush) referenced from nrf_log_backend_uart.o(.constdata)
 <LI><a href="#[3c]">nrf_log_backend_uart_panic_set</a> from nrf_log_backend_uart.o(i.nrf_log_backend_uart_panic_set) referenced from nrf_log_backend_uart.o(.constdata)
 <LI><a href="#[3b]">nrf_log_backend_uart_put</a> from nrf_log_backend_uart.o(i.nrf_log_backend_uart_put) referenced from nrf_log_backend_uart.o(.constdata)
 <LI><a href="#[39]">nrfx_uart_0_irq_handler</a> from nrfx_uart.o(i.nrfx_uart_0_irq_handler) referenced from nrfx_uart.o(.constdata)
 <LI><a href="#[3a]">nrfx_uarte_0_irq_handler</a> from nrfx_uarte.o(i.nrfx_uarte_0_irq_handler) referenced from nrfx_uarte.o(.constdata)
 <LI><a href="#[35]">serial_tx</a> from nrf_log_backend_uart.o(i.serial_tx) referenced from nrf_log_backend_uart.o(i.nrf_log_backend_uart_put)
 <LI><a href="#[34]">uart_evt_handler</a> from nrf_drv_uart.o(i.uart_evt_handler) referenced from nrf_drv_uart.o(i.nrf_drv_uart_init)
 <LI><a href="#[36]">uart_evt_handler</a> from nrf_log_backend_uart.o(i.uart_evt_handler) referenced from nrf_log_backend_uart.o(i.uart_init)
 <LI><a href="#[33]">uarte_evt_handler</a> from nrf_drv_uart.o(i.uarte_evt_handler) referenced from nrf_drv_uart.o(i.nrf_drv_uart_init)
</UL>
<P>
<H3>
Global Symbols
</H3>
<P><STRONG><a name="[31]"></a>__main</STRONG> (Thumb, 0 bytes, Stack size unknown bytes, entry.o(.ARM.Collect$$$$00000000))
<BR>[Address Reference Count : 1]<UL><LI> arm_startup_nrf52.o(.text)
</UL>
<P><STRONG><a name="[db]"></a>_main_stk</STRONG> (Thumb, 0 bytes, Stack size unknown bytes, entry2.o(.ARM.Collect$$$$00000001))

<P><STRONG><a name="[3f]"></a>_main_scatterload</STRONG> (Thumb, 0 bytes, Stack size unknown bytes, entry5.o(.ARM.Collect$$$$00000004))
<BR><BR>[Calls]<UL><LI><a href="#[40]">&gt;&gt;</a>&nbsp;&nbsp;&nbsp;__scatterload
</UL>

<P><STRONG><a name="[44]"></a>__main_after_scatterload</STRONG> (Thumb, 0 bytes, Stack size unknown bytes, entry5.o(.ARM.Collect$$$$00000004))
<BR><BR>[Called By]<UL><LI><a href="#[40]">&gt;&gt;</a>&nbsp;&nbsp;&nbsp;__scatterload
</UL>

<P><STRONG><a name="[dc]"></a>_main_clock</STRONG> (Thumb, 0 bytes, Stack size unknown bytes, entry7b.o(.ARM.Collect$$$$00000008))

<P><STRONG><a name="[dd]"></a>_main_cpp_init</STRONG> (Thumb, 0 bytes, Stack size unknown bytes, entry8b.o(.ARM.Collect$$$$0000000A))

<P><STRONG><a name="[de]"></a>_main_init</STRONG> (Thumb, 0 bytes, Stack size unknown bytes, entry9a.o(.ARM.Collect$$$$0000000B))

<P><STRONG><a name="[df]"></a>__rt_final_cpp</STRONG> (Thumb, 0 bytes, Stack size unknown bytes, entry10a.o(.ARM.Collect$$$$0000000D))

<P><STRONG><a name="[e0]"></a>__rt_final_exit</STRONG> (Thumb, 0 bytes, Stack size unknown bytes, entry11a.o(.ARM.Collect$$$$0000000F))

<P><STRONG><a name="[8d]"></a>__asm___12_nrf_atomic_c_85ca2469__nrf_atomic_internal_mov</STRONG> (Thumb, 24 bytes, Stack size 0 bytes, nrf_atomic.o(.emb_text))
<BR><BR>[Called By]<UL><LI><a href="#[73]">&gt;&gt;</a>&nbsp;&nbsp;&nbsp;nrf_atomic_u32_fetch_store
</UL>

<P><STRONG><a name="[8e]"></a>__asm___12_nrf_atomic_c_85ca2469__nrf_atomic_internal_orr</STRONG> (Thumb, 26 bytes, Stack size 0 bytes, nrf_atomic.o(.emb_text))
<BR><BR>[Called By]<UL><LI><a href="#[8a]">&gt;&gt;</a>&nbsp;&nbsp;&nbsp;nrf_atomic_u32_or
</UL>

<P><STRONG><a name="[8c]"></a>__asm___12_nrf_atomic_c_85ca2469__nrf_atomic_internal_and</STRONG> (Thumb, 26 bytes, Stack size 0 bytes, nrf_atomic.o(.emb_text))
<BR><BR>[Called By]<UL><LI><a href="#[89]">&gt;&gt;</a>&nbsp;&nbsp;&nbsp;nrf_atomic_u32_fetch_and
</UL>

<P><STRONG><a name="[e1]"></a>__asm___12_nrf_atomic_c_85ca2469__nrf_atomic_internal_eor</STRONG> (Thumb, 26 bytes, Stack size 0 bytes, nrf_atomic.o(.emb_text), UNUSED)

<P><STRONG><a name="[8b]"></a>__asm___12_nrf_atomic_c_85ca2469__nrf_atomic_internal_add</STRONG> (Thumb, 26 bytes, Stack size 0 bytes, nrf_atomic.o(.emb_text))
<BR><BR>[Called By]<UL><LI><a href="#[6b]">&gt;&gt;</a>&nbsp;&nbsp;&nbsp;nrf_atomic_u32_add
</UL>

<P><STRONG><a name="[90]"></a>__asm___12_nrf_atomic_c_85ca2469__nrf_atomic_internal_sub</STRONG> (Thumb, 26 bytes, Stack size 0 bytes, nrf_atomic.o(.emb_text))
<BR><BR>[Called By]<UL><LI><a href="#[8f]">&gt;&gt;</a>&nbsp;&nbsp;&nbsp;nrf_atomic_u32_sub
</UL>

<P><STRONG><a name="[e2]"></a>__asm___12_nrf_atomic_c_85ca2469__nrf_atomic_internal_cmp_exch</STRONG> (Thumb, 42 bytes, Stack size 0 bytes, nrf_atomic.o(.emb_text), UNUSED)

<P><STRONG><a name="[e3]"></a>__asm___12_nrf_atomic_c_85ca2469__nrf_atomic_internal_sub_hs</STRONG> (Thumb, 30 bytes, Stack size 0 bytes, nrf_atomic.o(.emb_text), UNUSED)

<P><STRONG><a name="[0]"></a>Reset_Handler</STRONG> (Thumb, 8 bytes, Stack size 0 bytes, arm_startup_nrf52.o(.text))
<BR>[Address Reference Count : 1]<UL><LI> arm_startup_nrf52.o(RESET)
</UL>
<P><STRONG><a name="[1]"></a>NMI_Handler</STRONG> (Thumb, 2 bytes, Stack size 0 bytes, arm_startup_nrf52.o(.text))
<BR><BR>[Calls]<UL><LI><a href="#[1]">&gt;&gt;</a>&nbsp;&nbsp;&nbsp;NMI_Handler
</UL>
<BR>[Called By]<UL><LI><a href="#[1]">&gt;&gt;</a>&nbsp;&nbsp;&nbsp;NMI_Handler
</UL>
<BR>[Address Reference Count : 1]<UL><LI> arm_startup_nrf52.o(RESET)
</UL>
<P><STRONG><a name="[2]"></a>HardFault_Handler</STRONG> (Thumb, 2 bytes, Stack size 0 bytes, arm_startup_nrf52.o(.text))
<BR><BR>[Calls]<UL><LI><a href="#[2]">&gt;&gt;</a>&nbsp;&nbsp;&nbsp;HardFault_Handler
</UL>
<BR>[Called By]<UL><LI><a href="#[2]">&gt;&gt;</a>&nbsp;&nbsp;&nbsp;HardFault_Handler
</UL>
<BR>[Address Reference Count : 1]<UL><LI> arm_startup_nrf52.o(RESET)
</UL>
<P><STRONG><a name="[3]"></a>MemoryManagement_Handler</STRONG> (Thumb, 2 bytes, Stack size 0 bytes, arm_startup_nrf52.o(.text))
<BR><BR>[Calls]<UL><LI><a href="#[3]">&gt;&gt;</a>&nbsp;&nbsp;&nbsp;MemoryManagement_Handler
</UL>
<BR>[Called By]<UL><LI><a href="#[3]">&gt;&gt;</a>&nbsp;&nbsp;&nbsp;MemoryManagement_Handler
</UL>
<BR>[Address Reference Count : 1]<UL><LI> arm_startup_nrf52.o(RESET)
</UL>
<P><STRONG><a name="[4]"></a>BusFault_Handler</STRONG> (Thumb, 2 bytes, Stack size 0 bytes, arm_startup_nrf52.o(.text))
<BR><BR>[Calls]<UL><LI><a href="#[4]">&gt;&gt;</a>&nbsp;&nbsp;&nbsp;BusFault_Handler
</UL>
<BR>[Called By]<UL><LI><a href="#[4]">&gt;&gt;</a>&nbsp;&nbsp;&nbsp;BusFault_Handler
</UL>
<BR>[Address Reference Count : 1]<UL><LI> arm_startup_nrf52.o(RESET)
</UL>
<P><STRONG><a name="[5]"></a>UsageFault_Handler</STRONG> (Thumb, 2 bytes, Stack size 0 bytes, arm_startup_nrf52.o(.text))
<BR><BR>[Calls]<UL><LI><a href="#[5]">&gt;&gt;</a>&nbsp;&nbsp;&nbsp;UsageFault_Handler
</UL>
<BR>[Called By]<UL><LI><a href="#[5]">&gt;&gt;</a>&nbsp;&nbsp;&nbsp;UsageFault_Handler
</UL>
<BR>[Address Reference Count : 1]<UL><LI> arm_startup_nrf52.o(RESET)
</UL>
<P><STRONG><a name="[6]"></a>SVC_Handler</STRONG> (Thumb, 2 bytes, Stack size 0 bytes, arm_startup_nrf52.o(.text))
<BR><BR>[Calls]<UL><LI><a href="#[6]">&gt;&gt;</a>&nbsp;&nbsp;&nbsp;SVC_Handler
</UL>
<BR>[Called By]<UL><LI><a href="#[6]">&gt;&gt;</a>&nbsp;&nbsp;&nbsp;SVC_Handler
</UL>
<BR>[Address Reference Count : 1]<UL><LI> arm_startup_nrf52.o(RESET)
</UL>
<P><STRONG><a name="[7]"></a>DebugMon_Handler</STRONG> (Thumb, 2 bytes, Stack size 0 bytes, arm_startup_nrf52.o(.text))
<BR><BR>[Calls]<UL><LI><a href="#[7]">&gt;&gt;</a>&nbsp;&nbsp;&nbsp;DebugMon_Handler
</UL>
<BR>[Called By]<UL><LI><a href="#[7]">&gt;&gt;</a>&nbsp;&nbsp;&nbsp;DebugMon_Handler
</UL>
<BR>[Address Reference Count : 1]<UL><LI> arm_startup_nrf52.o(RESET)
</UL>
<P><STRONG><a name="[8]"></a>PendSV_Handler</STRONG> (Thumb, 2 bytes, Stack size 0 bytes, arm_startup_nrf52.o(.text))
<BR><BR>[Calls]<UL><LI><a href="#[8]">&gt;&gt;</a>&nbsp;&nbsp;&nbsp;PendSV_Handler
</UL>
<BR>[Called By]<UL><LI><a href="#[8]">&gt;&gt;</a>&nbsp;&nbsp;&nbsp;PendSV_Handler
</UL>
<BR>[Address Reference Count : 1]<UL><LI> arm_startup_nrf52.o(RESET)
</UL>
<P><STRONG><a name="[9]"></a>SysTick_Handler</STRONG> (Thumb, 2 bytes, Stack size 0 bytes, arm_startup_nrf52.o(.text))
<BR><BR>[Calls]<UL><LI><a href="#[9]">&gt;&gt;</a>&nbsp;&nbsp;&nbsp;SysTick_Handler
</UL>
<BR>[Called By]<UL><LI><a href="#[9]">&gt;&gt;</a>&nbsp;&nbsp;&nbsp;SysTick_Handler
</UL>
<BR>[Address Reference Count : 1]<UL><LI> arm_startup_nrf52.o(RESET)
</UL>
<P><STRONG><a name="[19]"></a>CCM_AAR_IRQHandler</STRONG> (Thumb, 0 bytes, Stack size 0 bytes, arm_startup_nrf52.o(.text))
<BR><BR>[Calls]<UL><LI><a href="#[19]">&gt;&gt;</a>&nbsp;&nbsp;&nbsp;CCM_AAR_IRQHandler
</UL>
<BR>[Called By]<UL><LI><a href="#[19]">&gt;&gt;</a>&nbsp;&nbsp;&nbsp;CCM_AAR_IRQHandler
</UL>
<BR>[Address Reference Count : 1]<UL><LI> arm_startup_nrf52.o(RESET)
</UL>
<P><STRONG><a name="[1d]"></a>COMP_LPCOMP_IRQHandler</STRONG> (Thumb, 0 bytes, Stack size 0 bytes, arm_startup_nrf52.o(.text))
<BR>[Address Reference Count : 1]<UL><LI> arm_startup_nrf52.o(RESET)
</UL>
<P><STRONG><a name="[18]"></a>ECB_IRQHandler</STRONG> (Thumb, 0 bytes, Stack size 0 bytes, arm_startup_nrf52.o(.text))
<BR>[Address Reference Count : 1]<UL><LI> arm_startup_nrf52.o(RESET)
</UL>
<P><STRONG><a name="[2e]"></a>FPU_IRQHandler</STRONG> (Thumb, 0 bytes, Stack size 0 bytes, arm_startup_nrf52.o(.text))
<BR>[Address Reference Count : 1]<UL><LI> arm_startup_nrf52.o(RESET)
</UL>
<P><STRONG><a name="[2d]"></a>I2S_IRQHandler</STRONG> (Thumb, 0 bytes, Stack size 0 bytes, arm_startup_nrf52.o(.text))
<BR>[Address Reference Count : 1]<UL><LI> arm_startup_nrf52.o(RESET)
</UL>
<P><STRONG><a name="[28]"></a>MWU_IRQHandler</STRONG> (Thumb, 0 bytes, Stack size 0 bytes, arm_startup_nrf52.o(.text))
<BR>[Address Reference Count : 1]<UL><LI> arm_startup_nrf52.o(RESET)
</UL>
<P><STRONG><a name="[f]"></a>NFCT_IRQHandler</STRONG> (Thumb, 0 bytes, Stack size 0 bytes, arm_startup_nrf52.o(.text))
<BR>[Address Reference Count : 1]<UL><LI> arm_startup_nrf52.o(RESET)
</UL>
<P><STRONG><a name="[27]"></a>PDM_IRQHandler</STRONG> (Thumb, 0 bytes, Stack size 0 bytes, arm_startup_nrf52.o(.text))
<BR>[Address Reference Count : 1]<UL><LI> arm_startup_nrf52.o(RESET)
</UL>
<P><STRONG><a name="[26]"></a>PWM0_IRQHandler</STRONG> (Thumb, 0 bytes, Stack size 0 bytes, arm_startup_nrf52.o(.text))
<BR>[Address Reference Count : 1]<UL><LI> arm_startup_nrf52.o(RESET)
</UL>
<P><STRONG><a name="[29]"></a>PWM1_IRQHandler</STRONG> (Thumb, 0 bytes, Stack size 0 bytes, arm_startup_nrf52.o(.text))
<BR>[Address Reference Count : 1]<UL><LI> arm_startup_nrf52.o(RESET)
</UL>
<P><STRONG><a name="[2a]"></a>PWM2_IRQHandler</STRONG> (Thumb, 0 bytes, Stack size 0 bytes, arm_startup_nrf52.o(.text))
<BR>[Address Reference Count : 1]<UL><LI> arm_startup_nrf52.o(RESET)
</UL>
<P><STRONG><a name="[1c]"></a>QDEC_IRQHandler</STRONG> (Thumb, 0 bytes, Stack size 0 bytes, arm_startup_nrf52.o(.text))
<BR>[Address Reference Count : 1]<UL><LI> arm_startup_nrf52.o(RESET)
</UL>
<P><STRONG><a name="[b]"></a>RADIO_IRQHandler</STRONG> (Thumb, 0 bytes, Stack size 0 bytes, arm_startup_nrf52.o(.text))
<BR>[Address Reference Count : 1]<UL><LI> arm_startup_nrf52.o(RESET)
</UL>
<P><STRONG><a name="[17]"></a>RNG_IRQHandler</STRONG> (Thumb, 0 bytes, Stack size 0 bytes, arm_startup_nrf52.o(.text))
<BR>[Address Reference Count : 1]<UL><LI> arm_startup_nrf52.o(RESET)
</UL>
<P><STRONG><a name="[15]"></a>RTC0_IRQHandler</STRONG> (Thumb, 0 bytes, Stack size 0 bytes, arm_startup_nrf52.o(.text))
<BR>[Address Reference Count : 1]<UL><LI> arm_startup_nrf52.o(RESET)
</UL>
<P><STRONG><a name="[2c]"></a>RTC2_IRQHandler</STRONG> (Thumb, 0 bytes, Stack size 0 bytes, arm_startup_nrf52.o(.text))
<BR>[Address Reference Count : 1]<UL><LI> arm_startup_nrf52.o(RESET)
</UL>
<P><STRONG><a name="[11]"></a>SAADC_IRQHandler</STRONG> (Thumb, 0 bytes, Stack size 0 bytes, arm_startup_nrf52.o(.text))
<BR>[Address Reference Count : 1]<UL><LI> arm_startup_nrf52.o(RESET)
</UL>
<P><STRONG><a name="[2b]"></a>SPIM2_SPIS2_SPI2_IRQHandler</STRONG> (Thumb, 0 bytes, Stack size 0 bytes, arm_startup_nrf52.o(.text))
<BR>[Address Reference Count : 1]<UL><LI> arm_startup_nrf52.o(RESET)
</UL>
<P><STRONG><a name="[1f]"></a>SWI1_EGU1_IRQHandler</STRONG> (Thumb, 0 bytes, Stack size 0 bytes, arm_startup_nrf52.o(.text))
<BR>[Address Reference Count : 1]<UL><LI> arm_startup_nrf52.o(RESET)
</UL>
<P><STRONG><a name="[20]"></a>SWI2_EGU2_IRQHandler</STRONG> (Thumb, 0 bytes, Stack size 0 bytes, arm_startup_nrf52.o(.text))
<BR>[Address Reference Count : 1]<UL><LI> arm_startup_nrf52.o(RESET)
</UL>
<P><STRONG><a name="[21]"></a>SWI3_EGU3_IRQHandler</STRONG> (Thumb, 0 bytes, Stack size 0 bytes, arm_startup_nrf52.o(.text))
<BR>[Address Reference Count : 1]<UL><LI> arm_startup_nrf52.o(RESET)
</UL>
<P><STRONG><a name="[22]"></a>SWI4_EGU4_IRQHandler</STRONG> (Thumb, 0 bytes, Stack size 0 bytes, arm_startup_nrf52.o(.text))
<BR>[Address Reference Count : 1]<UL><LI> arm_startup_nrf52.o(RESET)
</UL>
<P><STRONG><a name="[23]"></a>SWI5_EGU5_IRQHandler</STRONG> (Thumb, 0 bytes, Stack size 0 bytes, arm_startup_nrf52.o(.text))
<BR>[Address Reference Count : 1]<UL><LI> arm_startup_nrf52.o(RESET)
</UL>
<P><STRONG><a name="[16]"></a>TEMP_IRQHandler</STRONG> (Thumb, 0 bytes, Stack size 0 bytes, arm_startup_nrf52.o(.text))
<BR>[Address Reference Count : 1]<UL><LI> arm_startup_nrf52.o(RESET)
</UL>
<P><STRONG><a name="[12]"></a>TIMER0_IRQHandler</STRONG> (Thumb, 0 bytes, Stack size 0 bytes, arm_startup_nrf52.o(.text))
<BR>[Address Reference Count : 1]<UL><LI> arm_startup_nrf52.o(RESET)
</UL>
<P><STRONG><a name="[13]"></a>TIMER1_IRQHandler</STRONG> (Thumb, 0 bytes, Stack size 0 bytes, arm_startup_nrf52.o(.text))
<BR>[Address Reference Count : 1]<UL><LI> arm_startup_nrf52.o(RESET)
</UL>
<P><STRONG><a name="[14]"></a>TIMER2_IRQHandler</STRONG> (Thumb, 0 bytes, Stack size 0 bytes, arm_startup_nrf52.o(.text))
<BR>[Address Reference Count : 1]<UL><LI> arm_startup_nrf52.o(RESET)
</UL>
<P><STRONG><a name="[24]"></a>TIMER3_IRQHandler</STRONG> (Thumb, 0 bytes, Stack size 0 bytes, arm_startup_nrf52.o(.text))
<BR>[Address Reference Count : 1]<UL><LI> arm_startup_nrf52.o(RESET)
</UL>
<P><STRONG><a name="[25]"></a>TIMER4_IRQHandler</STRONG> (Thumb, 0 bytes, Stack size 0 bytes, arm_startup_nrf52.o(.text))
<BR>[Address Reference Count : 1]<UL><LI> arm_startup_nrf52.o(RESET)
</UL>
<P><STRONG><a name="[1a]"></a>WDT_IRQHandler</STRONG> (Thumb, 0 bytes, Stack size 0 bytes, arm_startup_nrf52.o(.text))
<BR>[Address Reference Count : 1]<UL><LI> arm_startup_nrf52.o(RESET)
</UL>
<P><STRONG><a name="[b3]"></a>__rt_ctype_table</STRONG> (Thumb, 4 bytes, Stack size 0 bytes, ctype_o.o(.text))
<BR><BR>[Called By]<UL><LI><a href="#[a7]">&gt;&gt;</a>&nbsp;&nbsp;&nbsp;nrf_log_hexdump_entry_process
</UL>

<P><STRONG><a name="[86]"></a>__aeabi_memcpy</STRONG> (Thumb, 36 bytes, Stack size 0 bytes, memcpya.o(.text))
<BR><BR>[Called By]<UL><LI><a href="#[85]">&gt;&gt;</a>&nbsp;&nbsp;&nbsp;memobj_op
</UL>

<P><STRONG><a name="[98]"></a>__aeabi_memcpy4</STRONG> (Thumb, 0 bytes, Stack size 0 bytes, memcpya.o(.text))
<BR><BR>[Called By]<UL><LI><a href="#[4f]">&gt;&gt;</a>&nbsp;&nbsp;&nbsp;twim_irq_handler
<LI><a href="#[97]">&gt;&gt;</a>&nbsp;&nbsp;&nbsp;nrf_drv_uart_init
<LI><a href="#[aa]">&gt;&gt;</a>&nbsp;&nbsp;&nbsp;uart_init
</UL>

<P><STRONG><a name="[e4]"></a>__aeabi_memcpy8</STRONG> (Thumb, 0 bytes, Stack size 0 bytes, memcpya.o(.text), UNUSED)

<P><STRONG><a name="[42]"></a>__aeabi_memset</STRONG> (Thumb, 14 bytes, Stack size 0 bytes, memseta.o(.text), UNUSED)
<BR><BR>[Called By]<UL><LI><a href="#[43]">&gt;&gt;</a>&nbsp;&nbsp;&nbsp;_memset$wrapper
<LI><a href="#[41]">&gt;&gt;</a>&nbsp;&nbsp;&nbsp;__aeabi_memclr
</UL>

<P><STRONG><a name="[e5]"></a>__aeabi_memset4</STRONG> (Thumb, 0 bytes, Stack size 0 bytes, memseta.o(.text), UNUSED)

<P><STRONG><a name="[e6]"></a>__aeabi_memset8</STRONG> (Thumb, 0 bytes, Stack size 0 bytes, memseta.o(.text), UNUSED)

<P><STRONG><a name="[41]"></a>__aeabi_memclr</STRONG> (Thumb, 4 bytes, Stack size 0 bytes, memseta.o(.text), UNUSED)
<BR><BR>[Calls]<UL><LI><a href="#[42]">&gt;&gt;</a>&nbsp;&nbsp;&nbsp;__aeabi_memset
</UL>

<P><STRONG><a name="[a4]"></a>__aeabi_memclr4</STRONG> (Thumb, 0 bytes, Stack size 0 bytes, memseta.o(.text))
<BR><BR>[Called By]<UL><LI><a href="#[a2]">&gt;&gt;</a>&nbsp;&nbsp;&nbsp;nrf_log_backend_serial_put
</UL>

<P><STRONG><a name="[e7]"></a>__aeabi_memclr8</STRONG> (Thumb, 0 bytes, Stack size 0 bytes, memseta.o(.text), UNUSED)

<P><STRONG><a name="[43]"></a>_memset$wrapper</STRONG> (Thumb, 18 bytes, Stack size 8 bytes, memseta.o(.text), UNUSED)
<BR><BR>[Calls]<UL><LI><a href="#[42]">&gt;&gt;</a>&nbsp;&nbsp;&nbsp;__aeabi_memset
</UL>

<P><STRONG><a name="[9d]"></a>strlen</STRONG> (Thumb, 14 bytes, Stack size 0 bytes, strlen.o(.text))
<BR><BR>[Called By]<UL><LI><a href="#[9c]">&gt;&gt;</a>&nbsp;&nbsp;&nbsp;nrf_fprintf_fmt
</UL>

<P><STRONG><a name="[40]"></a>__scatterload</STRONG> (Thumb, 28 bytes, Stack size 0 bytes, init.o(.text))
<BR><BR>[Calls]<UL><LI><a href="#[44]">&gt;&gt;</a>&nbsp;&nbsp;&nbsp;__main_after_scatterload
</UL>
<BR>[Called By]<UL><LI><a href="#[3f]">&gt;&gt;</a>&nbsp;&nbsp;&nbsp;_main_scatterload
</UL>

<P><STRONG><a name="[e8]"></a>__scatterload_rt2</STRONG> (Thumb, 0 bytes, Stack size 0 bytes, init.o(.text), UNUSED)

<P><STRONG><a name="[10]"></a>GPIOTE_IRQHandler</STRONG> (Thumb, 332 bytes, Stack size 64 bytes, nrfx_gpiote.o(i.GPIOTE_IRQHandler))
<BR><BR>[Stack]<UL><LI>Max Depth = 76<LI>Call Chain = GPIOTE_IRQHandler &rArr; nrf_gpio_ports_read
</UL>
<BR>[Calls]<UL><LI><a href="#[45]">&gt;&gt;</a>&nbsp;&nbsp;&nbsp;nrf_gpiote_event_is_set
<LI><a href="#[46]">&gt;&gt;</a>&nbsp;&nbsp;&nbsp;nrf_gpiote_event_clear
<LI><a href="#[47]">&gt;&gt;</a>&nbsp;&nbsp;&nbsp;nrf_gpio_ports_read
<LI><a href="#[4b]">&gt;&gt;</a>&nbsp;&nbsp;&nbsp;nrf_gpio_cfg_sense_set
<LI><a href="#[4a]">&gt;&gt;</a>&nbsp;&nbsp;&nbsp;nrf_bitmask_bit_set
<LI><a href="#[48]">&gt;&gt;</a>&nbsp;&nbsp;&nbsp;nrf_bitmask_bit_is_set
<LI><a href="#[49]">&gt;&gt;</a>&nbsp;&nbsp;&nbsp;channel_port_get
</UL>
<BR>[Address Reference Count : 1]<UL><LI> arm_startup_nrf52.o(RESET)
</UL>
<P><STRONG><a name="[a]"></a>POWER_CLOCK_IRQHandler</STRONG> (Thumb, 82 bytes, Stack size 16 bytes, nrfx_clock.o(i.POWER_CLOCK_IRQHandler))
<BR><BR>[Stack]<UL><LI>Max Depth = 24<LI>Call Chain = POWER_CLOCK_IRQHandler &rArr; nrf_clock_event_clear
</UL>
<BR>[Calls]<UL><LI><a href="#[4d]">&gt;&gt;</a>&nbsp;&nbsp;&nbsp;nrf_clock_event_clear
<LI><a href="#[4c]">&gt;&gt;</a>&nbsp;&nbsp;&nbsp;nrf_clock_event_check
</UL>
<BR>[Address Reference Count : 1]<UL><LI> arm_startup_nrf52.o(RESET)
</UL>
<P><STRONG><a name="[1b]"></a>RTC1_IRQHandler</STRONG> (Thumb, 32 bytes, Stack size 0 bytes, app_timer.o(i.RTC1_IRQHandler))
<BR><BR>[Stack]<UL><LI>Max Depth = 24<LI>Call Chain = RTC1_IRQHandler &rArr; timer_timeouts_check
</UL>
<BR>[Calls]<UL><LI><a href="#[4e]">&gt;&gt;</a>&nbsp;&nbsp;&nbsp;timer_timeouts_check
</UL>
<BR>[Address Reference Count : 1]<UL><LI> arm_startup_nrf52.o(RESET)
</UL>
<P><STRONG><a name="[d]"></a>SPIM0_SPIS0_TWIM0_TWIS0_SPI0_TWI0_IRQHandler</STRONG> (Thumb, 8 bytes, Stack size 0 bytes, nrfx_twim.o(i.SPIM0_SPIS0_TWIM0_TWIS0_SPI0_TWI0_IRQHandler))
<BR><BR>[Stack]<UL><LI>Max Depth = 72<LI>Call Chain = SPIM0_SPIS0_TWIM0_TWIS0_SPI0_TWI0_IRQHandler &rArr; twim_irq_handler &rArr; nrf_twim_event_clear
</UL>
<BR>[Calls]<UL><LI><a href="#[4f]">&gt;&gt;</a>&nbsp;&nbsp;&nbsp;twim_irq_handler
</UL>
<BR>[Address Reference Count : 1]<UL><LI> arm_startup_nrf52.o(RESET)
</UL>
<P><STRONG><a name="[e]"></a>SPIM1_SPIS1_TWIM1_TWIS1_SPI1_TWI1_IRQHandler</STRONG> (Thumb, 10 bytes, Stack size 0 bytes, nrfx_twim.o(i.SPIM1_SPIS1_TWIM1_TWIS1_SPI1_TWI1_IRQHandler))
<BR><BR>[Stack]<UL><LI>Max Depth = 72<LI>Call Chain = SPIM1_SPIS1_TWIM1_TWIS1_SPI1_TWI1_IRQHandler &rArr; twim_irq_handler &rArr; nrf_twim_event_clear
</UL>
<BR>[Calls]<UL><LI><a href="#[4f]">&gt;&gt;</a>&nbsp;&nbsp;&nbsp;twim_irq_handler
</UL>
<BR>[Address Reference Count : 1]<UL><LI> arm_startup_nrf52.o(RESET)
</UL>
<P><STRONG><a name="[1e]"></a>SWI0_EGU0_IRQHandler</STRONG> (Thumb, 4 bytes, Stack size 0 bytes, app_timer.o(i.SWI0_EGU0_IRQHandler))
<BR><BR>[Stack]<UL><LI>Max Depth = 96<LI>Call Chain = SWI0_EGU0_IRQHandler &rArr; timer_list_handler &rArr; list_insertions_handler &rArr; timer_list_remove
</UL>
<BR>[Calls]<UL><LI><a href="#[50]">&gt;&gt;</a>&nbsp;&nbsp;&nbsp;timer_list_handler
</UL>
<BR>[Address Reference Count : 1]<UL><LI> arm_startup_nrf52.o(RESET)
</UL>
<P><STRONG><a name="[30]"></a>SystemInit</STRONG> (Thumb, 726 bytes, Stack size 20 bytes, system_nrf52.o(i.SystemInit))
<BR><BR>[Stack]<UL><LI>Max Depth = 20<LI>Call Chain = SystemInit
</UL>
<BR>[Address Reference Count : 1]<UL><LI> arm_startup_nrf52.o(.text)
</UL>
<P><STRONG><a name="[c]"></a>UARTE0_UART0_IRQHandler</STRONG> (Thumb, 6 bytes, Stack size 0 bytes, nrfx_prs.o(i.UARTE0_UART0_IRQHandler))
<BR>[Address Reference Count : 1]<UL><LI> arm_startup_nrf52.o(RESET)
</UL>
<P><STRONG><a name="[e9]"></a>__scatterload_copy</STRONG> (Thumb, 14 bytes, Stack size unknown bytes, handlers.o(i.__scatterload_copy), UNUSED)

<P><STRONG><a name="[ea]"></a>__scatterload_null</STRONG> (Thumb, 2 bytes, Stack size unknown bytes, handlers.o(i.__scatterload_null), UNUSED)

<P><STRONG><a name="[eb]"></a>__scatterload_zeroinit</STRONG> (Thumb, 14 bytes, Stack size unknown bytes, handlers.o(i.__scatterload_zeroinit), UNUSED)

<P><STRONG><a name="[51]"></a>app_error_fault_handler</STRONG> (Thumb, 84 bytes, Stack size 0 bytes, app_error_weak.o(i.app_error_fault_handler))
<BR><BR>[Stack]<UL><LI>Max Depth = 200<LI>Call Chain = app_error_fault_handler &rArr; nrf_log_frontend_dequeue &rArr; nrf_log_frontend_std_0 &rArr; std_n &rArr;  nrf_log_frontend_dequeue (Cycle)
</UL>
<BR>[Calls]<UL><LI><a href="#[53]">&gt;&gt;</a>&nbsp;&nbsp;&nbsp;nrf_log_frontend_dequeue
<LI><a href="#[52]">&gt;&gt;</a>&nbsp;&nbsp;&nbsp;nrf_log_panic
<LI><a href="#[54]">&gt;&gt;</a>&nbsp;&nbsp;&nbsp;nrf_log_frontend_std_0
</UL>
<BR>[Called By]<UL><LI><a href="#[55]">&gt;&gt;</a>&nbsp;&nbsp;&nbsp;app_error_handler_bare
</UL>

<P><STRONG><a name="[55]"></a>app_error_handler_bare</STRONG> (Thumb, 22 bytes, Stack size 16 bytes, app_error.o(i.app_error_handler_bare))
<BR><BR>[Stack]<UL><LI>Max Depth = 216<LI>Call Chain = app_error_handler_bare &rArr; app_error_fault_handler &rArr; nrf_log_frontend_dequeue &rArr; nrf_log_frontend_std_0 &rArr; std_n &rArr;  nrf_log_frontend_dequeue (Cycle)
</UL>
<BR>[Calls]<UL><LI><a href="#[51]">&gt;&gt;</a>&nbsp;&nbsp;&nbsp;app_error_fault_handler
</UL>
<BR>[Called By]<UL><LI><a href="#[84]">&gt;&gt;</a>&nbsp;&nbsp;&nbsp;user_gpioe_init
<LI><a href="#[2f]">&gt;&gt;</a>&nbsp;&nbsp;&nbsp;main
<LI><a href="#[aa]">&gt;&gt;</a>&nbsp;&nbsp;&nbsp;uart_init
<LI><a href="#[35]">&gt;&gt;</a>&nbsp;&nbsp;&nbsp;serial_tx
<LI><a href="#[37]">&gt;&gt;</a>&nbsp;&nbsp;&nbsp;gpiote_event_handler
<LI><a href="#[3e]">&gt;&gt;</a>&nbsp;&nbsp;&nbsp;extint_event_handler
</UL>

<P><STRONG><a name="[da]"></a>app_timer_create</STRONG> (Thumb, 36 bytes, Stack size 0 bytes, app_timer.o(i.app_timer_create))
<BR><BR>[Called By]<UL><LI><a href="#[84]">&gt;&gt;</a>&nbsp;&nbsp;&nbsp;user_gpioe_init
</UL>

<P><STRONG><a name="[56]"></a>app_timer_init</STRONG> (Thumb, 70 bytes, Stack size 16 bytes, app_timer.o(i.app_timer_init))
<BR><BR>[Stack]<UL><LI>Max Depth = 32<LI>Call Chain = app_timer_init &rArr; rtc1_stop
</UL>
<BR>[Calls]<UL><LI><a href="#[57]">&gt;&gt;</a>&nbsp;&nbsp;&nbsp;rtc1_stop
<LI><a href="#[59]">&gt;&gt;</a>&nbsp;&nbsp;&nbsp;NVIC_SetPriority
<LI><a href="#[5a]">&gt;&gt;</a>&nbsp;&nbsp;&nbsp;NVIC_EnableIRQ
<LI><a href="#[58]">&gt;&gt;</a>&nbsp;&nbsp;&nbsp;NVIC_ClearPendingIRQ
</UL>
<BR>[Called By]<UL><LI><a href="#[2f]">&gt;&gt;</a>&nbsp;&nbsp;&nbsp;main
</UL>

<P><STRONG><a name="[5b]"></a>app_timer_start</STRONG> (Thumb, 120 bytes, Stack size 32 bytes, app_timer.o(i.app_timer_start))
<BR><BR>[Stack]<UL><LI>Max Depth = 32<LI>Call Chain = app_timer_start
</UL>
<BR>[Calls]<UL><LI><a href="#[5e]">&gt;&gt;</a>&nbsp;&nbsp;&nbsp;app_util_critical_region_exit
<LI><a href="#[5c]">&gt;&gt;</a>&nbsp;&nbsp;&nbsp;app_util_critical_region_enter
<LI><a href="#[5d]">&gt;&gt;</a>&nbsp;&nbsp;&nbsp;user_op_alloc
<LI><a href="#[5f]">&gt;&gt;</a>&nbsp;&nbsp;&nbsp;NVIC_SetPendingIRQ
</UL>
<BR>[Called By]<UL><LI><a href="#[37]">&gt;&gt;</a>&nbsp;&nbsp;&nbsp;gpiote_event_handler
</UL>

<P><STRONG><a name="[60]"></a>app_timer_stop</STRONG> (Thumb, 26 bytes, Stack size 0 bytes, app_timer.o(i.app_timer_stop))
<BR><BR>[Stack]<UL><LI>Max Depth = 24<LI>Call Chain = app_timer_stop &rArr; timer_stop_op_schedule
</UL>
<BR>[Calls]<UL><LI><a href="#[61]">&gt;&gt;</a>&nbsp;&nbsp;&nbsp;timer_stop_op_schedule
</UL>
<BR>[Called By]<UL><LI><a href="#[37]">&gt;&gt;</a>&nbsp;&nbsp;&nbsp;gpiote_event_handler
</UL>

<P><STRONG><a name="[5c]"></a>app_util_critical_region_enter</STRONG> (Thumb, 4 bytes, Stack size 0 bytes, app_util_platform.o(i.app_util_critical_region_enter))
<BR><BR>[Calls]<UL><LI><a href="#[62]">&gt;&gt;</a>&nbsp;&nbsp;&nbsp;app_util_disable_irq
</UL>
<BR>[Called By]<UL><LI><a href="#[c2]">&gt;&gt;</a>&nbsp;&nbsp;&nbsp;nrfx_prs_acquire
<LI><a href="#[53]">&gt;&gt;</a>&nbsp;&nbsp;&nbsp;nrf_log_frontend_dequeue
<LI><a href="#[83]">&gt;&gt;</a>&nbsp;&nbsp;&nbsp;nrf_drv_clock_lfclk_request
<LI><a href="#[5b]">&gt;&gt;</a>&nbsp;&nbsp;&nbsp;app_timer_start
<LI><a href="#[61]">&gt;&gt;</a>&nbsp;&nbsp;&nbsp;timer_stop_op_schedule
<LI><a href="#[92]">&gt;&gt;</a>&nbsp;&nbsp;&nbsp;nrf_balloc_free
<LI><a href="#[91]">&gt;&gt;</a>&nbsp;&nbsp;&nbsp;nrf_balloc_alloc
<LI><a href="#[6a]">&gt;&gt;</a>&nbsp;&nbsp;&nbsp;buf_prealloc
</UL>

<P><STRONG><a name="[5e]"></a>app_util_critical_region_exit</STRONG> (Thumb, 4 bytes, Stack size 0 bytes, app_util_platform.o(i.app_util_critical_region_exit))
<BR><BR>[Calls]<UL><LI><a href="#[63]">&gt;&gt;</a>&nbsp;&nbsp;&nbsp;app_util_enable_irq
</UL>
<BR>[Called By]<UL><LI><a href="#[c2]">&gt;&gt;</a>&nbsp;&nbsp;&nbsp;nrfx_prs_acquire
<LI><a href="#[53]">&gt;&gt;</a>&nbsp;&nbsp;&nbsp;nrf_log_frontend_dequeue
<LI><a href="#[83]">&gt;&gt;</a>&nbsp;&nbsp;&nbsp;nrf_drv_clock_lfclk_request
<LI><a href="#[5b]">&gt;&gt;</a>&nbsp;&nbsp;&nbsp;app_timer_start
<LI><a href="#[61]">&gt;&gt;</a>&nbsp;&nbsp;&nbsp;timer_stop_op_schedule
<LI><a href="#[92]">&gt;&gt;</a>&nbsp;&nbsp;&nbsp;nrf_balloc_free
<LI><a href="#[91]">&gt;&gt;</a>&nbsp;&nbsp;&nbsp;nrf_balloc_alloc
<LI><a href="#[6a]">&gt;&gt;</a>&nbsp;&nbsp;&nbsp;buf_prealloc
</UL>

<P><STRONG><a name="[62]"></a>app_util_disable_irq</STRONG> (Thumb, 12 bytes, Stack size 0 bytes, app_util_platform.o(i.app_util_disable_irq))
<BR><BR>[Called By]<UL><LI><a href="#[5c]">&gt;&gt;</a>&nbsp;&nbsp;&nbsp;app_util_critical_region_enter
</UL>

<P><STRONG><a name="[63]"></a>app_util_enable_irq</STRONG> (Thumb, 14 bytes, Stack size 0 bytes, app_util_platform.o(i.app_util_enable_irq))
<BR><BR>[Called By]<UL><LI><a href="#[5e]">&gt;&gt;</a>&nbsp;&nbsp;&nbsp;app_util_critical_region_exit
</UL>

<P><STRONG><a name="[ae]"></a>buffer_is_empty</STRONG> (Thumb, 16 bytes, Stack size 0 bytes, nrf_log_frontend.o(i.buffer_is_empty))
<BR><BR>[Called By]<UL><LI><a href="#[53]">&gt;&gt;</a>&nbsp;&nbsp;&nbsp;nrf_log_frontend_dequeue
</UL>

<P><STRONG><a name="[2f]"></a>main</STRONG> (Thumb, 68 bytes, Stack size 0 bytes, main.o(i.main))
<BR><BR>[Stack]<UL><LI>Max Depth = 264<LI>Call Chain = main &rArr; nrf_log_default_backends_init &rArr; nrf_log_backend_uart_init &rArr; uart_init &rArr; app_error_handler_bare &rArr; app_error_fault_handler &rArr; nrf_log_frontend_dequeue &rArr; nrf_log_frontend_std_0 &rArr; std_n &rArr;  nrf_log_frontend_dequeue (Cycle)
</UL>
<BR>[Calls]<UL><LI><a href="#[84]">&gt;&gt;</a>&nbsp;&nbsp;&nbsp;user_gpioe_init
<LI><a href="#[80]">&gt;&gt;</a>&nbsp;&nbsp;&nbsp;nrf_log_init
<LI><a href="#[53]">&gt;&gt;</a>&nbsp;&nbsp;&nbsp;nrf_log_frontend_dequeue
<LI><a href="#[81]">&gt;&gt;</a>&nbsp;&nbsp;&nbsp;nrf_log_default_backends_init
<LI><a href="#[83]">&gt;&gt;</a>&nbsp;&nbsp;&nbsp;nrf_drv_clock_lfclk_request
<LI><a href="#[82]">&gt;&gt;</a>&nbsp;&nbsp;&nbsp;nrf_drv_clock_init
<LI><a href="#[56]">&gt;&gt;</a>&nbsp;&nbsp;&nbsp;app_timer_init
<LI><a href="#[55]">&gt;&gt;</a>&nbsp;&nbsp;&nbsp;app_error_handler_bare
</UL>
<BR>[Address Reference Count : 1]<UL><LI> entry9a.o(.ARM.Collect$$$$0000000B)
</UL>
<P><STRONG><a name="[7f]"></a>nrf_atomic_flag_clear_fetch</STRONG> (Thumb, 6 bytes, Stack size 0 bytes, nrf_atomic.o(i.nrf_atomic_flag_clear_fetch))
<BR><BR>[Stack]<UL><LI>Max Depth = 8<LI>Call Chain = nrf_atomic_flag_clear_fetch &rArr; nrf_atomic_u32_fetch_and
</UL>
<BR>[Calls]<UL><LI><a href="#[89]">&gt;&gt;</a>&nbsp;&nbsp;&nbsp;nrf_atomic_u32_fetch_and
</UL>
<BR>[Called By]<UL><LI><a href="#[6c]">&gt;&gt;</a>&nbsp;&nbsp;&nbsp;log_skip
</UL>

<P><STRONG><a name="[7d]"></a>nrf_atomic_flag_set</STRONG> (Thumb, 6 bytes, Stack size 0 bytes, nrf_atomic.o(i.nrf_atomic_flag_set))
<BR><BR>[Stack]<UL><LI>Max Depth = 8<LI>Call Chain = nrf_atomic_flag_set &rArr; nrf_atomic_u32_or
</UL>
<BR>[Calls]<UL><LI><a href="#[8a]">&gt;&gt;</a>&nbsp;&nbsp;&nbsp;nrf_atomic_u32_or
</UL>
<BR>[Called By]<UL><LI><a href="#[6c]">&gt;&gt;</a>&nbsp;&nbsp;&nbsp;log_skip
</UL>

<P><STRONG><a name="[6b]"></a>nrf_atomic_u32_add</STRONG> (Thumb, 12 bytes, Stack size 8 bytes, nrf_atomic.o(i.nrf_atomic_u32_add))
<BR><BR>[Stack]<UL><LI>Max Depth = 8<LI>Call Chain = nrf_atomic_u32_add
</UL>
<BR>[Calls]<UL><LI><a href="#[8b]">&gt;&gt;</a>&nbsp;&nbsp;&nbsp;__asm___12_nrf_atomic_c_85ca2469__nrf_atomic_internal_add
</UL>
<BR>[Called By]<UL><LI><a href="#[a3]">&gt;&gt;</a>&nbsp;&nbsp;&nbsp;nrf_memobj_get
<LI><a href="#[6a]">&gt;&gt;</a>&nbsp;&nbsp;&nbsp;buf_prealloc
</UL>

<P><STRONG><a name="[89]"></a>nrf_atomic_u32_fetch_and</STRONG> (Thumb, 10 bytes, Stack size 8 bytes, nrf_atomic.o(i.nrf_atomic_u32_fetch_and))
<BR><BR>[Stack]<UL><LI>Max Depth = 8<LI>Call Chain = nrf_atomic_u32_fetch_and
</UL>
<BR>[Calls]<UL><LI><a href="#[8c]">&gt;&gt;</a>&nbsp;&nbsp;&nbsp;__asm___12_nrf_atomic_c_85ca2469__nrf_atomic_internal_and
</UL>
<BR>[Called By]<UL><LI><a href="#[7f]">&gt;&gt;</a>&nbsp;&nbsp;&nbsp;nrf_atomic_flag_clear_fetch
</UL>

<P><STRONG><a name="[73]"></a>nrf_atomic_u32_fetch_store</STRONG> (Thumb, 10 bytes, Stack size 8 bytes, nrf_atomic.o(i.nrf_atomic_u32_fetch_store))
<BR><BR>[Stack]<UL><LI>Max Depth = 8<LI>Call Chain = nrf_atomic_u32_fetch_store
</UL>
<BR>[Calls]<UL><LI><a href="#[8d]">&gt;&gt;</a>&nbsp;&nbsp;&nbsp;__asm___12_nrf_atomic_c_85ca2469__nrf_atomic_internal_mov
</UL>
<BR>[Called By]<UL><LI><a href="#[72]">&gt;&gt;</a>&nbsp;&nbsp;&nbsp;dropped_sat16_get
</UL>

<P><STRONG><a name="[8a]"></a>nrf_atomic_u32_or</STRONG> (Thumb, 12 bytes, Stack size 8 bytes, nrf_atomic.o(i.nrf_atomic_u32_or))
<BR><BR>[Stack]<UL><LI>Max Depth = 8<LI>Call Chain = nrf_atomic_u32_or
</UL>
<BR>[Calls]<UL><LI><a href="#[8e]">&gt;&gt;</a>&nbsp;&nbsp;&nbsp;__asm___12_nrf_atomic_c_85ca2469__nrf_atomic_internal_orr
</UL>
<BR>[Called By]<UL><LI><a href="#[7d]">&gt;&gt;</a>&nbsp;&nbsp;&nbsp;nrf_atomic_flag_set
</UL>

<P><STRONG><a name="[8f]"></a>nrf_atomic_u32_sub</STRONG> (Thumb, 12 bytes, Stack size 8 bytes, nrf_atomic.o(i.nrf_atomic_u32_sub))
<BR><BR>[Stack]<UL><LI>Max Depth = 8<LI>Call Chain = nrf_atomic_u32_sub
</UL>
<BR>[Calls]<UL><LI><a href="#[90]">&gt;&gt;</a>&nbsp;&nbsp;&nbsp;__asm___12_nrf_atomic_c_85ca2469__nrf_atomic_internal_sub
</UL>
<BR>[Called By]<UL><LI><a href="#[a8]">&gt;&gt;</a>&nbsp;&nbsp;&nbsp;nrf_memobj_put
</UL>

<P><STRONG><a name="[91]"></a>nrf_balloc_alloc</STRONG> (Thumb, 62 bytes, Stack size 16 bytes, nrf_balloc.o(i.nrf_balloc_alloc))
<BR><BR>[Stack]<UL><LI>Max Depth = 16<LI>Call Chain = nrf_balloc_alloc
</UL>
<BR>[Calls]<UL><LI><a href="#[5e]">&gt;&gt;</a>&nbsp;&nbsp;&nbsp;app_util_critical_region_exit
<LI><a href="#[5c]">&gt;&gt;</a>&nbsp;&nbsp;&nbsp;app_util_critical_region_enter
</UL>
<BR>[Called By]<UL><LI><a href="#[af]">&gt;&gt;</a>&nbsp;&nbsp;&nbsp;nrf_memobj_alloc
</UL>

<P><STRONG><a name="[92]"></a>nrf_balloc_free</STRONG> (Thumb, 42 bytes, Stack size 16 bytes, nrf_balloc.o(i.nrf_balloc_free))
<BR><BR>[Stack]<UL><LI>Max Depth = 16<LI>Call Chain = nrf_balloc_free
</UL>
<BR>[Calls]<UL><LI><a href="#[5e]">&gt;&gt;</a>&nbsp;&nbsp;&nbsp;app_util_critical_region_exit
<LI><a href="#[5c]">&gt;&gt;</a>&nbsp;&nbsp;&nbsp;app_util_critical_region_enter
</UL>
<BR>[Called By]<UL><LI><a href="#[b7]">&gt;&gt;</a>&nbsp;&nbsp;&nbsp;nrf_memobj_free
</UL>

<P><STRONG><a name="[b8]"></a>nrf_balloc_init</STRONG> (Thumb, 48 bytes, Stack size 8 bytes, nrf_balloc.o(i.nrf_balloc_init))
<BR><BR>[Stack]<UL><LI>Max Depth = 8<LI>Call Chain = nrf_balloc_init
</UL>
<BR>[Called By]<UL><LI><a href="#[b5]">&gt;&gt;</a>&nbsp;&nbsp;&nbsp;nrf_memobj_pool_init
</UL>

<P><STRONG><a name="[82]"></a>nrf_drv_clock_init</STRONG> (Thumb, 42 bytes, Stack size 16 bytes, nrf_drv_clock.o(i.nrf_drv_clock_init))
<BR><BR>[Stack]<UL><LI>Max Depth = 16<LI>Call Chain = nrf_drv_clock_init
</UL>
<BR>[Calls]<UL><LI><a href="#[93]">&gt;&gt;</a>&nbsp;&nbsp;&nbsp;nrfx_clock_init
<LI><a href="#[94]">&gt;&gt;</a>&nbsp;&nbsp;&nbsp;nrfx_clock_enable
</UL>
<BR>[Called By]<UL><LI><a href="#[2f]">&gt;&gt;</a>&nbsp;&nbsp;&nbsp;main
</UL>

<P><STRONG><a name="[83]"></a>nrf_drv_clock_lfclk_request</STRONG> (Thumb, 68 bytes, Stack size 16 bytes, nrf_drv_clock.o(i.nrf_drv_clock_lfclk_request))
<BR><BR>[Stack]<UL><LI>Max Depth = 40<LI>Call Chain = nrf_drv_clock_lfclk_request &rArr; nrfx_clock_lfclk_start &rArr; nrf_clock_event_clear
</UL>
<BR>[Calls]<UL><LI><a href="#[5e]">&gt;&gt;</a>&nbsp;&nbsp;&nbsp;app_util_critical_region_exit
<LI><a href="#[5c]">&gt;&gt;</a>&nbsp;&nbsp;&nbsp;app_util_critical_region_enter
<LI><a href="#[96]">&gt;&gt;</a>&nbsp;&nbsp;&nbsp;nrfx_clock_lfclk_start
<LI><a href="#[95]">&gt;&gt;</a>&nbsp;&nbsp;&nbsp;item_enqueue
</UL>
<BR>[Called By]<UL><LI><a href="#[2f]">&gt;&gt;</a>&nbsp;&nbsp;&nbsp;main
</UL>

<P><STRONG><a name="[97]"></a>nrf_drv_uart_init</STRONG> (Thumb, 90 bytes, Stack size 56 bytes, nrf_drv_uart.o(i.nrf_drv_uart_init))
<BR><BR>[Stack]<UL><LI>Max Depth = 136<LI>Call Chain = nrf_drv_uart_init &rArr; nrfx_uarte_init &rArr; apply_config &rArr; nrf_gpio_cfg_output &rArr; nrf_gpio_cfg
</UL>
<BR>[Calls]<UL><LI><a href="#[99]">&gt;&gt;</a>&nbsp;&nbsp;&nbsp;nrfx_uarte_init
<LI><a href="#[9a]">&gt;&gt;</a>&nbsp;&nbsp;&nbsp;nrfx_uart_init
<LI><a href="#[98]">&gt;&gt;</a>&nbsp;&nbsp;&nbsp;__aeabi_memcpy4
</UL>
<BR>[Called By]<UL><LI><a href="#[aa]">&gt;&gt;</a>&nbsp;&nbsp;&nbsp;uart_init
</UL>

<P><STRONG><a name="[9b]"></a>nrf_fprintf</STRONG> (Thumb, 26 bytes, Stack size 24 bytes, nrf_fprintf.o(i.nrf_fprintf))
<BR><BR>[Stack]<UL><LI>Max Depth = 168<LI>Call Chain = nrf_fprintf &rArr; nrf_fprintf_fmt &rArr; int_print &rArr; unsigned_print &rArr; buffer_add &rArr; nrf_fprintf_buffer_flush
</UL>
<BR>[Calls]<UL><LI><a href="#[9c]">&gt;&gt;</a>&nbsp;&nbsp;&nbsp;nrf_fprintf_fmt
</UL>
<BR>[Called By]<UL><LI><a href="#[b2]">&gt;&gt;</a>&nbsp;&nbsp;&nbsp;prefix_process
<LI><a href="#[b4]">&gt;&gt;</a>&nbsp;&nbsp;&nbsp;postfix_process
<LI><a href="#[a6]">&gt;&gt;</a>&nbsp;&nbsp;&nbsp;nrf_log_std_entry_process
<LI><a href="#[a7]">&gt;&gt;</a>&nbsp;&nbsp;&nbsp;nrf_log_hexdump_entry_process
</UL>

<P><STRONG><a name="[6e]"></a>nrf_fprintf_buffer_flush</STRONG> (Thumb, 24 bytes, Stack size 8 bytes, nrf_fprintf.o(i.nrf_fprintf_buffer_flush))
<BR><BR>[Stack]<UL><LI>Max Depth = 8<LI>Call Chain = nrf_fprintf_buffer_flush
</UL>
<BR>[Called By]<UL><LI><a href="#[6d]">&gt;&gt;</a>&nbsp;&nbsp;&nbsp;buffer_add
<LI><a href="#[9c]">&gt;&gt;</a>&nbsp;&nbsp;&nbsp;nrf_fprintf_fmt
<LI><a href="#[b4]">&gt;&gt;</a>&nbsp;&nbsp;&nbsp;postfix_process
</UL>

<P><STRONG><a name="[9c]"></a>nrf_fprintf_fmt</STRONG> (Thumb, 474 bytes, Stack size 40 bytes, nrf_fprintf_format.o(i.nrf_fprintf_fmt))
<BR><BR>[Stack]<UL><LI>Max Depth = 144<LI>Call Chain = nrf_fprintf_fmt &rArr; int_print &rArr; unsigned_print &rArr; buffer_add &rArr; nrf_fprintf_buffer_flush
</UL>
<BR>[Calls]<UL><LI><a href="#[77]">&gt;&gt;</a>&nbsp;&nbsp;&nbsp;unsigned_print
<LI><a href="#[76]">&gt;&gt;</a>&nbsp;&nbsp;&nbsp;int_print
<LI><a href="#[6d]">&gt;&gt;</a>&nbsp;&nbsp;&nbsp;buffer_add
<LI><a href="#[6e]">&gt;&gt;</a>&nbsp;&nbsp;&nbsp;nrf_fprintf_buffer_flush
<LI><a href="#[9d]">&gt;&gt;</a>&nbsp;&nbsp;&nbsp;strlen
</UL>
<BR>[Called By]<UL><LI><a href="#[9b]">&gt;&gt;</a>&nbsp;&nbsp;&nbsp;nrf_fprintf
</UL>

<P><STRONG><a name="[ad]"></a>nrf_log_backend_add</STRONG> (Thumb, 74 bytes, Stack size 12 bytes, nrf_log_frontend.o(i.nrf_log_backend_add))
<BR><BR>[Stack]<UL><LI>Max Depth = 12<LI>Call Chain = nrf_log_backend_add
</UL>
<BR>[Called By]<UL><LI><a href="#[81]">&gt;&gt;</a>&nbsp;&nbsp;&nbsp;nrf_log_default_backends_init
</UL>

<P><STRONG><a name="[a2]"></a>nrf_log_backend_serial_put</STRONG> (Thumb, 200 bytes, Stack size 104 bytes, nrf_log_backend_serial.o(i.nrf_log_backend_serial_put))
<BR><BR>[Stack]<UL><LI>Max Depth = 336<LI>Call Chain = nrf_log_backend_serial_put &rArr; nrf_log_std_entry_process &rArr; prefix_process &rArr; nrf_fprintf &rArr; nrf_fprintf_fmt &rArr; int_print &rArr; unsigned_print &rArr; buffer_add &rArr; nrf_fprintf_buffer_flush
</UL>
<BR>[Calls]<UL><LI><a href="#[a5]">&gt;&gt;</a>&nbsp;&nbsp;&nbsp;nrf_memobj_read
<LI><a href="#[a8]">&gt;&gt;</a>&nbsp;&nbsp;&nbsp;nrf_memobj_put
<LI><a href="#[a3]">&gt;&gt;</a>&nbsp;&nbsp;&nbsp;nrf_memobj_get
<LI><a href="#[a6]">&gt;&gt;</a>&nbsp;&nbsp;&nbsp;nrf_log_std_entry_process
<LI><a href="#[a7]">&gt;&gt;</a>&nbsp;&nbsp;&nbsp;nrf_log_hexdump_entry_process
<LI><a href="#[a4]">&gt;&gt;</a>&nbsp;&nbsp;&nbsp;__aeabi_memclr4
</UL>
<BR>[Called By]<UL><LI><a href="#[3b]">&gt;&gt;</a>&nbsp;&nbsp;&nbsp;nrf_log_backend_uart_put
</UL>

<P><STRONG><a name="[a9]"></a>nrf_log_backend_uart_init</STRONG> (Thumb, 6 bytes, Stack size 0 bytes, nrf_log_backend_uart.o(i.nrf_log_backend_uart_init))
<BR><BR>[Stack]<UL><LI>Max Depth = 256<LI>Call Chain = nrf_log_backend_uart_init &rArr; uart_init &rArr; app_error_handler_bare &rArr; app_error_fault_handler &rArr; nrf_log_frontend_dequeue &rArr; nrf_log_frontend_std_0 &rArr; std_n &rArr;  nrf_log_frontend_dequeue (Cycle)
</UL>
<BR>[Calls]<UL><LI><a href="#[aa]">&gt;&gt;</a>&nbsp;&nbsp;&nbsp;uart_init
</UL>
<BR>[Called By]<UL><LI><a href="#[81]">&gt;&gt;</a>&nbsp;&nbsp;&nbsp;nrf_log_default_backends_init
</UL>

<P><STRONG><a name="[d0]"></a>nrf_log_color_id_get</STRONG> (Thumb, 42 bytes, Stack size 0 bytes, nrf_log_frontend.o(i.nrf_log_color_id_get))
<BR><BR>[Called By]<UL><LI><a href="#[b2]">&gt;&gt;</a>&nbsp;&nbsp;&nbsp;prefix_process
</UL>

<P><STRONG><a name="[81]"></a>nrf_log_default_backends_init</STRONG> (Thumb, 22 bytes, Stack size 8 bytes, nrf_log_default_backends.o(i.nrf_log_default_backends_init))
<BR><BR>[Stack]<UL><LI>Max Depth = 264<LI>Call Chain = nrf_log_default_backends_init &rArr; nrf_log_backend_uart_init &rArr; uart_init &rArr; app_error_handler_bare &rArr; app_error_fault_handler &rArr; nrf_log_frontend_dequeue &rArr; nrf_log_frontend_std_0 &rArr; std_n &rArr;  nrf_log_frontend_dequeue (Cycle)
</UL>
<BR>[Calls]<UL><LI><a href="#[ad]">&gt;&gt;</a>&nbsp;&nbsp;&nbsp;nrf_log_backend_add
<LI><a href="#[a9]">&gt;&gt;</a>&nbsp;&nbsp;&nbsp;nrf_log_backend_uart_init
</UL>
<BR>[Called By]<UL><LI><a href="#[2f]">&gt;&gt;</a>&nbsp;&nbsp;&nbsp;main
</UL>

<P><STRONG><a name="[53]"></a>nrf_log_frontend_dequeue</STRONG> (Thumb, 502 bytes, Stack size 80 bytes, nrf_log_frontend.o(i.nrf_log_frontend_dequeue))
<BR><BR>[Stack]<UL><LI>Max Depth = 200<LI>Call Chain = nrf_log_frontend_dequeue &rArr; nrf_log_frontend_std_0 &rArr; std_n &rArr;  nrf_log_frontend_dequeue (Cycle)
</UL>
<BR>[Calls]<UL><LI><a href="#[5e]">&gt;&gt;</a>&nbsp;&nbsp;&nbsp;app_util_critical_region_exit
<LI><a href="#[5c]">&gt;&gt;</a>&nbsp;&nbsp;&nbsp;app_util_critical_region_enter
<LI><a href="#[b0]">&gt;&gt;</a>&nbsp;&nbsp;&nbsp;nrf_memobj_write
<LI><a href="#[a8]">&gt;&gt;</a>&nbsp;&nbsp;&nbsp;nrf_memobj_put
<LI><a href="#[a3]">&gt;&gt;</a>&nbsp;&nbsp;&nbsp;nrf_memobj_get
<LI><a href="#[af]">&gt;&gt;</a>&nbsp;&nbsp;&nbsp;nrf_memobj_alloc
<LI><a href="#[54]">&gt;&gt;</a>&nbsp;&nbsp;&nbsp;nrf_log_frontend_std_0
<LI><a href="#[ae]">&gt;&gt;</a>&nbsp;&nbsp;&nbsp;buffer_is_empty
<LI><a href="#[7e]">&gt;&gt;</a>&nbsp;&nbsp;&nbsp;invalid_packets_pushed_str_omit
</UL>
<BR>[Called By]<UL><LI><a href="#[2f]">&gt;&gt;</a>&nbsp;&nbsp;&nbsp;main
<LI><a href="#[51]">&gt;&gt;</a>&nbsp;&nbsp;&nbsp;app_error_fault_handler
<LI><a href="#[b1]">&gt;&gt;</a>&nbsp;&nbsp;&nbsp;std_n
<LI><a href="#[3e]">&gt;&gt;</a>&nbsp;&nbsp;&nbsp;extint_event_handler
</UL>

<P><STRONG><a name="[54]"></a>nrf_log_frontend_std_0</STRONG> (Thumb, 8 bytes, Stack size 0 bytes, nrf_log_frontend.o(i.nrf_log_frontend_std_0))
<BR><BR>[Stack]<UL><LI>Max Depth = 120<LI>Call Chain = nrf_log_frontend_std_0 &rArr; std_n &rArr;  nrf_log_frontend_dequeue (Cycle)
</UL>
<BR>[Calls]<UL><LI><a href="#[b1]">&gt;&gt;</a>&nbsp;&nbsp;&nbsp;std_n
</UL>
<BR>[Called By]<UL><LI><a href="#[84]">&gt;&gt;</a>&nbsp;&nbsp;&nbsp;user_gpioe_init
<LI><a href="#[53]">&gt;&gt;</a>&nbsp;&nbsp;&nbsp;nrf_log_frontend_dequeue
<LI><a href="#[51]">&gt;&gt;</a>&nbsp;&nbsp;&nbsp;app_error_fault_handler
<LI><a href="#[38]">&gt;&gt;</a>&nbsp;&nbsp;&nbsp;detection_delay_timeout_handler
</UL>

<P><STRONG><a name="[74]"></a>nrf_log_frontend_std_2</STRONG> (Thumb, 16 bytes, Stack size 16 bytes, nrf_log_frontend.o(i.nrf_log_frontend_std_2))
<BR><BR>[Stack]<UL><LI>Max Depth = 136<LI>Call Chain = nrf_log_frontend_std_2 &rArr; std_n &rArr;  nrf_log_frontend_dequeue (Cycle)
</UL>
<BR>[Calls]<UL><LI><a href="#[b1]">&gt;&gt;</a>&nbsp;&nbsp;&nbsp;std_n
</UL>
<BR>[Called By]<UL><LI><a href="#[37]">&gt;&gt;</a>&nbsp;&nbsp;&nbsp;gpiote_event_handler
<LI><a href="#[3e]">&gt;&gt;</a>&nbsp;&nbsp;&nbsp;extint_event_handler
</UL>

<P><STRONG><a name="[a7]"></a>nrf_log_hexdump_entry_process</STRONG> (Thumb, 146 bytes, Stack size 32 bytes, nrf_log_str_formatter.o(i.nrf_log_hexdump_entry_process))
<BR><BR>[Stack]<UL><LI>Max Depth = 216<LI>Call Chain = nrf_log_hexdump_entry_process &rArr; prefix_process &rArr; nrf_fprintf &rArr; nrf_fprintf_fmt &rArr; int_print &rArr; unsigned_print &rArr; buffer_add &rArr; nrf_fprintf_buffer_flush
</UL>
<BR>[Calls]<UL><LI><a href="#[9b]">&gt;&gt;</a>&nbsp;&nbsp;&nbsp;nrf_fprintf
<LI><a href="#[b2]">&gt;&gt;</a>&nbsp;&nbsp;&nbsp;prefix_process
<LI><a href="#[b4]">&gt;&gt;</a>&nbsp;&nbsp;&nbsp;postfix_process
<LI><a href="#[b3]">&gt;&gt;</a>&nbsp;&nbsp;&nbsp;__rt_ctype_table
</UL>
<BR>[Called By]<UL><LI><a href="#[a2]">&gt;&gt;</a>&nbsp;&nbsp;&nbsp;nrf_log_backend_serial_put
</UL>

<P><STRONG><a name="[80]"></a>nrf_log_init</STRONG> (Thumb, 66 bytes, Stack size 8 bytes, nrf_log_frontend.o(i.nrf_log_init))
<BR><BR>[Stack]<UL><LI>Max Depth = 16<LI>Call Chain = nrf_log_init &rArr; nrf_memobj_pool_init &rArr; nrf_balloc_init
</UL>
<BR>[Calls]<UL><LI><a href="#[b5]">&gt;&gt;</a>&nbsp;&nbsp;&nbsp;nrf_memobj_pool_init
</UL>
<BR>[Called By]<UL><LI><a href="#[2f]">&gt;&gt;</a>&nbsp;&nbsp;&nbsp;main
</UL>

<P><STRONG><a name="[88]"></a>nrf_log_module_cnt_get</STRONG> (Thumb, 10 bytes, Stack size 0 bytes, nrf_log_frontend.o(i.nrf_log_module_cnt_get))
<BR><BR>[Called By]<UL><LI><a href="#[87]">&gt;&gt;</a>&nbsp;&nbsp;&nbsp;module_idx_get
</UL>

<P><STRONG><a name="[b6]"></a>nrf_log_module_name_get</STRONG> (Thumb, 24 bytes, Stack size 16 bytes, nrf_log_frontend.o(i.nrf_log_module_name_get))
<BR><BR>[Stack]<UL><LI>Max Depth = 28<LI>Call Chain = nrf_log_module_name_get &rArr; module_idx_get
</UL>
<BR>[Calls]<UL><LI><a href="#[87]">&gt;&gt;</a>&nbsp;&nbsp;&nbsp;module_idx_get
</UL>
<BR>[Called By]<UL><LI><a href="#[b2]">&gt;&gt;</a>&nbsp;&nbsp;&nbsp;prefix_process
</UL>

<P><STRONG><a name="[52]"></a>nrf_log_panic</STRONG> (Thumb, 34 bytes, Stack size 16 bytes, nrf_log_frontend.o(i.nrf_log_panic))
<BR><BR>[Stack]<UL><LI>Max Depth = 16<LI>Call Chain = nrf_log_panic
</UL>
<BR>[Called By]<UL><LI><a href="#[51]">&gt;&gt;</a>&nbsp;&nbsp;&nbsp;app_error_fault_handler
</UL>

<P><STRONG><a name="[a6]"></a>nrf_log_std_entry_process</STRONG> (Thumb, 182 bytes, Stack size 48 bytes, nrf_log_str_formatter.o(i.nrf_log_std_entry_process))
<BR><BR>[Stack]<UL><LI>Max Depth = 232<LI>Call Chain = nrf_log_std_entry_process &rArr; prefix_process &rArr; nrf_fprintf &rArr; nrf_fprintf_fmt &rArr; int_print &rArr; unsigned_print &rArr; buffer_add &rArr; nrf_fprintf_buffer_flush
</UL>
<BR>[Calls]<UL><LI><a href="#[9b]">&gt;&gt;</a>&nbsp;&nbsp;&nbsp;nrf_fprintf
<LI><a href="#[b2]">&gt;&gt;</a>&nbsp;&nbsp;&nbsp;prefix_process
<LI><a href="#[b4]">&gt;&gt;</a>&nbsp;&nbsp;&nbsp;postfix_process
</UL>
<BR>[Called By]<UL><LI><a href="#[a2]">&gt;&gt;</a>&nbsp;&nbsp;&nbsp;nrf_log_backend_serial_put
</UL>

<P><STRONG><a name="[af]"></a>nrf_memobj_alloc</STRONG> (Thumb, 96 bytes, Stack size 24 bytes, nrf_memobj.o(i.nrf_memobj_alloc))
<BR><BR>[Stack]<UL><LI>Max Depth = 64<LI>Call Chain = nrf_memobj_alloc &rArr; nrf_memobj_free &rArr; nrf_balloc_free
</UL>
<BR>[Calls]<UL><LI><a href="#[b7]">&gt;&gt;</a>&nbsp;&nbsp;&nbsp;nrf_memobj_free
<LI><a href="#[91]">&gt;&gt;</a>&nbsp;&nbsp;&nbsp;nrf_balloc_alloc
</UL>
<BR>[Called By]<UL><LI><a href="#[53]">&gt;&gt;</a>&nbsp;&nbsp;&nbsp;nrf_log_frontend_dequeue
</UL>

<P><STRONG><a name="[b7]"></a>nrf_memobj_free</STRONG> (Thumb, 50 bytes, Stack size 24 bytes, nrf_memobj.o(i.nrf_memobj_free))
<BR><BR>[Stack]<UL><LI>Max Depth = 40<LI>Call Chain = nrf_memobj_free &rArr; nrf_balloc_free
</UL>
<BR>[Calls]<UL><LI><a href="#[92]">&gt;&gt;</a>&nbsp;&nbsp;&nbsp;nrf_balloc_free
</UL>
<BR>[Called By]<UL><LI><a href="#[a8]">&gt;&gt;</a>&nbsp;&nbsp;&nbsp;nrf_memobj_put
<LI><a href="#[af]">&gt;&gt;</a>&nbsp;&nbsp;&nbsp;nrf_memobj_alloc
</UL>

<P><STRONG><a name="[a3]"></a>nrf_memobj_get</STRONG> (Thumb, 8 bytes, Stack size 0 bytes, nrf_memobj.o(i.nrf_memobj_get))
<BR><BR>[Stack]<UL><LI>Max Depth = 8<LI>Call Chain = nrf_memobj_get &rArr; nrf_atomic_u32_add
</UL>
<BR>[Calls]<UL><LI><a href="#[6b]">&gt;&gt;</a>&nbsp;&nbsp;&nbsp;nrf_atomic_u32_add
</UL>
<BR>[Called By]<UL><LI><a href="#[53]">&gt;&gt;</a>&nbsp;&nbsp;&nbsp;nrf_log_frontend_dequeue
<LI><a href="#[a2]">&gt;&gt;</a>&nbsp;&nbsp;&nbsp;nrf_log_backend_serial_put
</UL>

<P><STRONG><a name="[b5]"></a>nrf_memobj_pool_init</STRONG> (Thumb, 4 bytes, Stack size 0 bytes, nrf_memobj.o(i.nrf_memobj_pool_init))
<BR><BR>[Stack]<UL><LI>Max Depth = 8<LI>Call Chain = nrf_memobj_pool_init &rArr; nrf_balloc_init
</UL>
<BR>[Calls]<UL><LI><a href="#[b8]">&gt;&gt;</a>&nbsp;&nbsp;&nbsp;nrf_balloc_init
</UL>
<BR>[Called By]<UL><LI><a href="#[80]">&gt;&gt;</a>&nbsp;&nbsp;&nbsp;nrf_log_init
</UL>

<P><STRONG><a name="[a8]"></a>nrf_memobj_put</STRONG> (Thumb, 30 bytes, Stack size 8 bytes, nrf_memobj.o(i.nrf_memobj_put))
<BR><BR>[Stack]<UL><LI>Max Depth = 48<LI>Call Chain = nrf_memobj_put &rArr; nrf_memobj_free &rArr; nrf_balloc_free
</UL>
<BR>[Calls]<UL><LI><a href="#[b7]">&gt;&gt;</a>&nbsp;&nbsp;&nbsp;nrf_memobj_free
<LI><a href="#[8f]">&gt;&gt;</a>&nbsp;&nbsp;&nbsp;nrf_atomic_u32_sub
</UL>
<BR>[Called By]<UL><LI><a href="#[53]">&gt;&gt;</a>&nbsp;&nbsp;&nbsp;nrf_log_frontend_dequeue
<LI><a href="#[a2]">&gt;&gt;</a>&nbsp;&nbsp;&nbsp;nrf_log_backend_serial_put
</UL>

<P><STRONG><a name="[a5]"></a>nrf_memobj_read</STRONG> (Thumb, 12 bytes, Stack size 16 bytes, nrf_memobj.o(i.nrf_memobj_read))
<BR><BR>[Stack]<UL><LI>Max Depth = 48<LI>Call Chain = nrf_memobj_read &rArr; memobj_op
</UL>
<BR>[Calls]<UL><LI><a href="#[85]">&gt;&gt;</a>&nbsp;&nbsp;&nbsp;memobj_op
</UL>
<BR>[Called By]<UL><LI><a href="#[a2]">&gt;&gt;</a>&nbsp;&nbsp;&nbsp;nrf_log_backend_serial_put
</UL>

<P><STRONG><a name="[b0]"></a>nrf_memobj_write</STRONG> (Thumb, 12 bytes, Stack size 16 bytes, nrf_memobj.o(i.nrf_memobj_write))
<BR><BR>[Stack]<UL><LI>Max Depth = 48<LI>Call Chain = nrf_memobj_write &rArr; memobj_op
</UL>
<BR>[Calls]<UL><LI><a href="#[85]">&gt;&gt;</a>&nbsp;&nbsp;&nbsp;memobj_op
</UL>
<BR>[Called By]<UL><LI><a href="#[53]">&gt;&gt;</a>&nbsp;&nbsp;&nbsp;nrf_log_frontend_dequeue
</UL>

<P><STRONG><a name="[94]"></a>nrfx_clock_enable</STRONG> (Thumb, 36 bytes, Stack size 0 bytes, nrfx_clock.o(i.nrfx_clock_enable))
<BR><BR>[Called By]<UL><LI><a href="#[82]">&gt;&gt;</a>&nbsp;&nbsp;&nbsp;nrf_drv_clock_init
</UL>

<P><STRONG><a name="[93]"></a>nrfx_clock_init</STRONG> (Thumb, 26 bytes, Stack size 0 bytes, nrfx_clock.o(i.nrfx_clock_init))
<BR><BR>[Called By]<UL><LI><a href="#[82]">&gt;&gt;</a>&nbsp;&nbsp;&nbsp;nrf_drv_clock_init
</UL>

<P><STRONG><a name="[96]"></a>nrfx_clock_lfclk_start</STRONG> (Thumb, 64 bytes, Stack size 16 bytes, nrfx_clock.o(i.nrfx_clock_lfclk_start))
<BR><BR>[Stack]<UL><LI>Max Depth = 24<LI>Call Chain = nrfx_clock_lfclk_start &rArr; nrf_clock_event_clear
</UL>
<BR>[Calls]<UL><LI><a href="#[4d]">&gt;&gt;</a>&nbsp;&nbsp;&nbsp;nrf_clock_event_clear
</UL>
<BR>[Called By]<UL><LI><a href="#[83]">&gt;&gt;</a>&nbsp;&nbsp;&nbsp;nrf_drv_clock_lfclk_request
</UL>

<P><STRONG><a name="[b9]"></a>nrfx_gpiote_in_event_enable</STRONG> (Thumb, 156 bytes, Stack size 24 bytes, nrfx_gpiote.o(i.nrfx_gpiote_in_event_enable))
<BR><BR>[Stack]<UL><LI>Max Depth = 32<LI>Call Chain = nrfx_gpiote_in_event_enable &rArr; nrf_gpiote_event_clear
</UL>
<BR>[Calls]<UL><LI><a href="#[bb]">&gt;&gt;</a>&nbsp;&nbsp;&nbsp;pin_in_use_by_te
<LI><a href="#[ba]">&gt;&gt;</a>&nbsp;&nbsp;&nbsp;pin_in_use_by_port
<LI><a href="#[46]">&gt;&gt;</a>&nbsp;&nbsp;&nbsp;nrf_gpiote_event_clear
<LI><a href="#[4b]">&gt;&gt;</a>&nbsp;&nbsp;&nbsp;nrf_gpio_cfg_sense_set
<LI><a href="#[49]">&gt;&gt;</a>&nbsp;&nbsp;&nbsp;channel_port_get
</UL>
<BR>[Called By]<UL><LI><a href="#[84]">&gt;&gt;</a>&nbsp;&nbsp;&nbsp;user_gpioe_init
</UL>

<P><STRONG><a name="[bc]"></a>nrfx_gpiote_in_init</STRONG> (Thumb, 194 bytes, Stack size 32 bytes, nrfx_gpiote.o(i.nrfx_gpiote_in_init))
<BR><BR>[Stack]<UL><LI>Max Depth = 52<LI>Call Chain = nrfx_gpiote_in_init &rArr; channel_port_alloc
</UL>
<BR>[Calls]<UL><LI><a href="#[be]">&gt;&gt;</a>&nbsp;&nbsp;&nbsp;nrf_gpio_cfg
<LI><a href="#[4a]">&gt;&gt;</a>&nbsp;&nbsp;&nbsp;nrf_bitmask_bit_set
<LI><a href="#[bd]">&gt;&gt;</a>&nbsp;&nbsp;&nbsp;channel_port_alloc
</UL>
<BR>[Called By]<UL><LI><a href="#[84]">&gt;&gt;</a>&nbsp;&nbsp;&nbsp;user_gpioe_init
</UL>

<P><STRONG><a name="[bf]"></a>nrfx_gpiote_init</STRONG> (Thumb, 98 bytes, Stack size 16 bytes, nrfx_gpiote.o(i.nrfx_gpiote_init))
<BR><BR>[Stack]<UL><LI>Max Depth = 24<LI>Call Chain = nrfx_gpiote_init &rArr; nrf_gpiote_event_clear
</UL>
<BR>[Calls]<UL><LI><a href="#[46]">&gt;&gt;</a>&nbsp;&nbsp;&nbsp;nrf_gpiote_event_clear
<LI><a href="#[c0]">&gt;&gt;</a>&nbsp;&nbsp;&nbsp;channel_free
</UL>
<BR>[Called By]<UL><LI><a href="#[84]">&gt;&gt;</a>&nbsp;&nbsp;&nbsp;user_gpioe_init
</UL>

<P><STRONG><a name="[d9]"></a>nrfx_gpiote_is_init</STRONG> (Thumb, 14 bytes, Stack size 0 bytes, nrfx_gpiote.o(i.nrfx_gpiote_is_init))
<BR><BR>[Called By]<UL><LI><a href="#[84]">&gt;&gt;</a>&nbsp;&nbsp;&nbsp;user_gpioe_init
</UL>

<P><STRONG><a name="[c1]"></a>nrfx_gpiote_out_init</STRONG> (Thumb, 180 bytes, Stack size 32 bytes, nrfx_gpiote.o(i.nrfx_gpiote_out_init))
<BR><BR>[Stack]<UL><LI>Max Depth = 52<LI>Call Chain = nrfx_gpiote_out_init &rArr; channel_port_alloc
</UL>
<BR>[Calls]<UL><LI><a href="#[be]">&gt;&gt;</a>&nbsp;&nbsp;&nbsp;nrf_gpio_cfg
<LI><a href="#[4a]">&gt;&gt;</a>&nbsp;&nbsp;&nbsp;nrf_bitmask_bit_set
<LI><a href="#[bd]">&gt;&gt;</a>&nbsp;&nbsp;&nbsp;channel_port_alloc
</UL>
<BR>[Called By]<UL><LI><a href="#[84]">&gt;&gt;</a>&nbsp;&nbsp;&nbsp;user_gpioe_init
</UL>

<P><STRONG><a name="[75]"></a>nrfx_gpiote_out_toggle</STRONG> (Thumb, 28 bytes, Stack size 0 bytes, nrfx_gpiote.o(i.nrfx_gpiote_out_toggle))
<BR><BR>[Called By]<UL><LI><a href="#[37]">&gt;&gt;</a>&nbsp;&nbsp;&nbsp;gpiote_event_handler
</UL>

<P><STRONG><a name="[c2]"></a>nrfx_prs_acquire</STRONG> (Thumb, 48 bytes, Stack size 16 bytes, nrfx_prs.o(i.nrfx_prs_acquire))
<BR><BR>[Stack]<UL><LI>Max Depth = 16<LI>Call Chain = nrfx_prs_acquire
</UL>
<BR>[Calls]<UL><LI><a href="#[5e]">&gt;&gt;</a>&nbsp;&nbsp;&nbsp;app_util_critical_region_exit
<LI><a href="#[5c]">&gt;&gt;</a>&nbsp;&nbsp;&nbsp;app_util_critical_region_enter
<LI><a href="#[c3]">&gt;&gt;</a>&nbsp;&nbsp;&nbsp;prs_box_get
</UL>
<BR>[Called By]<UL><LI><a href="#[99]">&gt;&gt;</a>&nbsp;&nbsp;&nbsp;nrfx_uarte_init
<LI><a href="#[9a]">&gt;&gt;</a>&nbsp;&nbsp;&nbsp;nrfx_uart_init
</UL>

<P><STRONG><a name="[c4]"></a>nrfx_prs_release</STRONG> (Thumb, 18 bytes, Stack size 8 bytes, nrfx_prs.o(i.nrfx_prs_release))
<BR><BR>[Stack]<UL><LI>Max Depth = 8<LI>Call Chain = nrfx_prs_release
</UL>
<BR>[Calls]<UL><LI><a href="#[c3]">&gt;&gt;</a>&nbsp;&nbsp;&nbsp;prs_box_get
</UL>
<BR>[Called By]<UL><LI><a href="#[ab]">&gt;&gt;</a>&nbsp;&nbsp;&nbsp;nrfx_uarte_uninit
<LI><a href="#[ac]">&gt;&gt;</a>&nbsp;&nbsp;&nbsp;nrfx_uart_uninit
</UL>

<P><STRONG><a name="[39]"></a>nrfx_uart_0_irq_handler</STRONG> (Thumb, 8 bytes, Stack size 0 bytes, nrfx_uart.o(i.nrfx_uart_0_irq_handler))
<BR><BR>[Stack]<UL><LI>Max Depth = 72<LI>Call Chain = nrfx_uart_0_irq_handler &rArr; uart_irq_handler &rArr; tx_done_event
</UL>
<BR>[Calls]<UL><LI><a href="#[c5]">&gt;&gt;</a>&nbsp;&nbsp;&nbsp;uart_irq_handler
</UL>
<BR>[Address Reference Count : 1]<UL><LI> nrfx_uart.o(.constdata)
</UL>
<P><STRONG><a name="[9a]"></a>nrfx_uart_init</STRONG> (Thumb, 200 bytes, Stack size 24 bytes, nrfx_uart.o(i.nrfx_uart_init))
<BR><BR>[Stack]<UL><LI>Max Depth = 80<LI>Call Chain = nrfx_uart_init &rArr; apply_config &rArr; nrf_gpio_cfg_output &rArr; nrf_gpio_cfg
</UL>
<BR>[Calls]<UL><LI><a href="#[c6]">&gt;&gt;</a>&nbsp;&nbsp;&nbsp;nrf_uart_event_clear
<LI><a href="#[64]">&gt;&gt;</a>&nbsp;&nbsp;&nbsp;apply_config
<LI><a href="#[c2]">&gt;&gt;</a>&nbsp;&nbsp;&nbsp;nrfx_prs_acquire
</UL>
<BR>[Called By]<UL><LI><a href="#[97]">&gt;&gt;</a>&nbsp;&nbsp;&nbsp;nrf_drv_uart_init
</UL>

<P><STRONG><a name="[c7]"></a>nrfx_uart_tx</STRONG> (Thumb, 160 bytes, Stack size 32 bytes, nrfx_uart.o(i.nrfx_uart_tx))
<BR><BR>[Stack]<UL><LI>Max Depth = 56<LI>Call Chain = nrfx_uart_tx &rArr; tx_byte &rArr; nrf_uart_event_clear
</UL>
<BR>[Calls]<UL><LI><a href="#[c6]">&gt;&gt;</a>&nbsp;&nbsp;&nbsp;nrf_uart_event_clear
<LI><a href="#[ca]">&gt;&gt;</a>&nbsp;&nbsp;&nbsp;nrf_uart_event_check
<LI><a href="#[c8]">&gt;&gt;</a>&nbsp;&nbsp;&nbsp;nrfx_uart_tx_in_progress
<LI><a href="#[c9]">&gt;&gt;</a>&nbsp;&nbsp;&nbsp;tx_byte
</UL>
<BR>[Called By]<UL><LI><a href="#[35]">&gt;&gt;</a>&nbsp;&nbsp;&nbsp;serial_tx
</UL>

<P><STRONG><a name="[c8]"></a>nrfx_uart_tx_in_progress</STRONG> (Thumb, 26 bytes, Stack size 0 bytes, nrfx_uart.o(i.nrfx_uart_tx_in_progress))
<BR><BR>[Called By]<UL><LI><a href="#[c7]">&gt;&gt;</a>&nbsp;&nbsp;&nbsp;nrfx_uart_tx
</UL>

<P><STRONG><a name="[ac]"></a>nrfx_uart_uninit</STRONG> (Thumb, 170 bytes, Stack size 32 bytes, nrfx_uart.o(i.nrfx_uart_uninit))
<BR><BR>[Stack]<UL><LI>Max Depth = 64<LI>Call Chain = nrfx_uart_uninit &rArr; nrf_gpio_cfg_default &rArr; nrf_gpio_cfg
</UL>
<BR>[Calls]<UL><LI><a href="#[9e]">&gt;&gt;</a>&nbsp;&nbsp;&nbsp;nrf_gpio_cfg_default
<LI><a href="#[c4]">&gt;&gt;</a>&nbsp;&nbsp;&nbsp;nrfx_prs_release
</UL>
<BR>[Called By]<UL><LI><a href="#[3c]">&gt;&gt;</a>&nbsp;&nbsp;&nbsp;nrf_log_backend_uart_panic_set
</UL>

<P><STRONG><a name="[3a]"></a>nrfx_uarte_0_irq_handler</STRONG> (Thumb, 8 bytes, Stack size 0 bytes, nrfx_uarte.o(i.nrfx_uarte_0_irq_handler))
<BR><BR>[Stack]<UL><LI>Max Depth = 64<LI>Call Chain = nrfx_uarte_0_irq_handler &rArr; uarte_irq_handler &rArr; rx_done_event
</UL>
<BR>[Calls]<UL><LI><a href="#[cb]">&gt;&gt;</a>&nbsp;&nbsp;&nbsp;uarte_irq_handler
</UL>
<BR>[Address Reference Count : 1]<UL><LI> nrfx_uarte.o(.constdata)
</UL>
<P><STRONG><a name="[99]"></a>nrfx_uarte_init</STRONG> (Thumb, 100 bytes, Stack size 24 bytes, nrfx_uarte.o(i.nrfx_uarte_init))
<BR><BR>[Stack]<UL><LI>Max Depth = 80<LI>Call Chain = nrfx_uarte_init &rArr; apply_config &rArr; nrf_gpio_cfg_output &rArr; nrf_gpio_cfg
</UL>
<BR>[Calls]<UL><LI><a href="#[c2]">&gt;&gt;</a>&nbsp;&nbsp;&nbsp;nrfx_prs_acquire
<LI><a href="#[78]">&gt;&gt;</a>&nbsp;&nbsp;&nbsp;interrupts_enable
<LI><a href="#[67]">&gt;&gt;</a>&nbsp;&nbsp;&nbsp;apply_config
</UL>
<BR>[Called By]<UL><LI><a href="#[97]">&gt;&gt;</a>&nbsp;&nbsp;&nbsp;nrf_drv_uart_init
</UL>

<P><STRONG><a name="[cc]"></a>nrfx_uarte_tx</STRONG> (Thumb, 138 bytes, Stack size 32 bytes, nrfx_uarte.o(i.nrfx_uarte_tx))
<BR><BR>[Stack]<UL><LI>Max Depth = 40<LI>Call Chain = nrfx_uarte_tx &rArr; nrf_uarte_event_clear
</UL>
<BR>[Calls]<UL><LI><a href="#[ce]">&gt;&gt;</a>&nbsp;&nbsp;&nbsp;nrfx_uarte_tx_in_progress
<LI><a href="#[cd]">&gt;&gt;</a>&nbsp;&nbsp;&nbsp;nrfx_is_in_ram
<LI><a href="#[79]">&gt;&gt;</a>&nbsp;&nbsp;&nbsp;nrf_uarte_event_clear
<LI><a href="#[cf]">&gt;&gt;</a>&nbsp;&nbsp;&nbsp;nrf_uarte_event_check
</UL>
<BR>[Called By]<UL><LI><a href="#[35]">&gt;&gt;</a>&nbsp;&nbsp;&nbsp;serial_tx
</UL>

<P><STRONG><a name="[ce]"></a>nrfx_uarte_tx_in_progress</STRONG> (Thumb, 22 bytes, Stack size 0 bytes, nrfx_uarte.o(i.nrfx_uarte_tx_in_progress))
<BR><BR>[Called By]<UL><LI><a href="#[cc]">&gt;&gt;</a>&nbsp;&nbsp;&nbsp;nrfx_uarte_tx
</UL>

<P><STRONG><a name="[ab]"></a>nrfx_uarte_uninit</STRONG> (Thumb, 166 bytes, Stack size 32 bytes, nrfx_uarte.o(i.nrfx_uarte_uninit))
<BR><BR>[Stack]<UL><LI>Max Depth = 64<LI>Call Chain = nrfx_uarte_uninit &rArr; nrf_gpio_cfg_default &rArr; nrf_gpio_cfg
</UL>
<BR>[Calls]<UL><LI><a href="#[c4]">&gt;&gt;</a>&nbsp;&nbsp;&nbsp;nrfx_prs_release
<LI><a href="#[a0]">&gt;&gt;</a>&nbsp;&nbsp;&nbsp;nrf_gpio_cfg_default
</UL>
<BR>[Called By]<UL><LI><a href="#[3c]">&gt;&gt;</a>&nbsp;&nbsp;&nbsp;nrf_log_backend_uart_panic_set
</UL>

<P><STRONG><a name="[84]"></a>user_gpioe_init</STRONG> (Thumb, 128 bytes, Stack size 24 bytes, user_gpioe.o(i.user_gpioe_init))
<BR><BR>[Stack]<UL><LI>Max Depth = 240<LI>Call Chain = user_gpioe_init &rArr; app_error_handler_bare &rArr; app_error_fault_handler &rArr; nrf_log_frontend_dequeue &rArr; nrf_log_frontend_std_0 &rArr; std_n &rArr;  nrf_log_frontend_dequeue (Cycle)
</UL>
<BR>[Calls]<UL><LI><a href="#[55]">&gt;&gt;</a>&nbsp;&nbsp;&nbsp;app_error_handler_bare
<LI><a href="#[c1]">&gt;&gt;</a>&nbsp;&nbsp;&nbsp;nrfx_gpiote_out_init
<LI><a href="#[d9]">&gt;&gt;</a>&nbsp;&nbsp;&nbsp;nrfx_gpiote_is_init
<LI><a href="#[bf]">&gt;&gt;</a>&nbsp;&nbsp;&nbsp;nrfx_gpiote_init
<LI><a href="#[bc]">&gt;&gt;</a>&nbsp;&nbsp;&nbsp;nrfx_gpiote_in_init
<LI><a href="#[b9]">&gt;&gt;</a>&nbsp;&nbsp;&nbsp;nrfx_gpiote_in_event_enable
<LI><a href="#[da]">&gt;&gt;</a>&nbsp;&nbsp;&nbsp;app_timer_create
<LI><a href="#[54]">&gt;&gt;</a>&nbsp;&nbsp;&nbsp;nrf_log_frontend_std_0
</UL>
<BR>[Called By]<UL><LI><a href="#[2f]">&gt;&gt;</a>&nbsp;&nbsp;&nbsp;main
</UL>
<P>
<H3>
Local Symbols
</H3>
<P><STRONG><a name="[34]"></a>uart_evt_handler</STRONG> (Thumb, 42 bytes, Stack size 24 bytes, nrf_drv_uart.o(i.uart_evt_handler))
<BR><BR>[Stack]<UL><LI>Max Depth = 24<LI>Call Chain = uart_evt_handler
</UL>
<BR>[Address Reference Count : 1]<UL><LI> nrf_drv_uart.o(i.nrf_drv_uart_init)
</UL>
<P><STRONG><a name="[33]"></a>uarte_evt_handler</STRONG> (Thumb, 42 bytes, Stack size 24 bytes, nrf_drv_uart.o(i.uarte_evt_handler))
<BR><BR>[Stack]<UL><LI>Max Depth = 24<LI>Call Chain = uarte_evt_handler
</UL>
<BR>[Address Reference Count : 1]<UL><LI> nrf_drv_uart.o(i.nrf_drv_uart_init)
</UL>
<P><STRONG><a name="[c3]"></a>prs_box_get</STRONG> (Thumb, 14 bytes, Stack size 0 bytes, nrfx_prs.o(i.prs_box_get))
<BR><BR>[Called By]<UL><LI><a href="#[c4]">&gt;&gt;</a>&nbsp;&nbsp;&nbsp;nrfx_prs_release
<LI><a href="#[c2]">&gt;&gt;</a>&nbsp;&nbsp;&nbsp;nrfx_prs_acquire
</UL>

<P><STRONG><a name="[d3]"></a>nrf_twim_event_check</STRONG> (Thumb, 10 bytes, Stack size 0 bytes, nrfx_twim.o(i.nrf_twim_event_check))
<BR><BR>[Called By]<UL><LI><a href="#[4f]">&gt;&gt;</a>&nbsp;&nbsp;&nbsp;twim_irq_handler
</UL>

<P><STRONG><a name="[d4]"></a>nrf_twim_event_clear</STRONG> (Thumb, 12 bytes, Stack size 8 bytes, nrfx_twim.o(i.nrf_twim_event_clear))
<BR><BR>[Stack]<UL><LI>Max Depth = 8<LI>Call Chain = nrf_twim_event_clear
</UL>
<BR>[Called By]<UL><LI><a href="#[4f]">&gt;&gt;</a>&nbsp;&nbsp;&nbsp;twim_irq_handler
</UL>

<P><STRONG><a name="[4f]"></a>twim_irq_handler</STRONG> (Thumb, 328 bytes, Stack size 64 bytes, nrfx_twim.o(i.twim_irq_handler))
<BR><BR>[Stack]<UL><LI>Max Depth = 72<LI>Call Chain = twim_irq_handler &rArr; nrf_twim_event_clear
</UL>
<BR>[Calls]<UL><LI><a href="#[d4]">&gt;&gt;</a>&nbsp;&nbsp;&nbsp;nrf_twim_event_clear
<LI><a href="#[d3]">&gt;&gt;</a>&nbsp;&nbsp;&nbsp;nrf_twim_event_check
<LI><a href="#[98]">&gt;&gt;</a>&nbsp;&nbsp;&nbsp;__aeabi_memcpy4
</UL>
<BR>[Called By]<UL><LI><a href="#[e]">&gt;&gt;</a>&nbsp;&nbsp;&nbsp;SPIM1_SPIS1_TWIM1_TWIS1_SPI1_TWI1_IRQHandler
<LI><a href="#[d]">&gt;&gt;</a>&nbsp;&nbsp;&nbsp;SPIM0_SPIS0_TWIM0_TWIS0_SPI0_TWI0_IRQHandler
</UL>

<P><STRONG><a name="[64]"></a>apply_config</STRONG> (Thumb, 136 bytes, Stack size 24 bytes, nrfx_uart.o(i.apply_config))
<BR><BR>[Stack]<UL><LI>Max Depth = 56<LI>Call Chain = apply_config &rArr; nrf_gpio_cfg_output &rArr; nrf_gpio_cfg
</UL>
<BR>[Calls]<UL><LI><a href="#[65]">&gt;&gt;</a>&nbsp;&nbsp;&nbsp;nrf_gpio_cfg_output
<LI><a href="#[66]">&gt;&gt;</a>&nbsp;&nbsp;&nbsp;nrf_gpio_cfg_input
</UL>
<BR>[Called By]<UL><LI><a href="#[9a]">&gt;&gt;</a>&nbsp;&nbsp;&nbsp;nrfx_uart_init
</UL>

<P><STRONG><a name="[9f]"></a>nrf_gpio_cfg</STRONG> (Thumb, 36 bytes, Stack size 16 bytes, nrfx_uart.o(i.nrf_gpio_cfg))
<BR><BR>[Stack]<UL><LI>Max Depth = 16<LI>Call Chain = nrf_gpio_cfg
</UL>
<BR>[Called By]<UL><LI><a href="#[65]">&gt;&gt;</a>&nbsp;&nbsp;&nbsp;nrf_gpio_cfg_output
<LI><a href="#[66]">&gt;&gt;</a>&nbsp;&nbsp;&nbsp;nrf_gpio_cfg_input
<LI><a href="#[9e]">&gt;&gt;</a>&nbsp;&nbsp;&nbsp;nrf_gpio_cfg_default
</UL>

<P><STRONG><a name="[9e]"></a>nrf_gpio_cfg_default</STRONG> (Thumb, 18 bytes, Stack size 16 bytes, nrfx_uart.o(i.nrf_gpio_cfg_default))
<BR><BR>[Stack]<UL><LI>Max Depth = 32<LI>Call Chain = nrf_gpio_cfg_default &rArr; nrf_gpio_cfg
</UL>
<BR>[Calls]<UL><LI><a href="#[9f]">&gt;&gt;</a>&nbsp;&nbsp;&nbsp;nrf_gpio_cfg
</UL>
<BR>[Called By]<UL><LI><a href="#[ac]">&gt;&gt;</a>&nbsp;&nbsp;&nbsp;nrfx_uart_uninit
</UL>

<P><STRONG><a name="[66]"></a>nrf_gpio_cfg_input</STRONG> (Thumb, 18 bytes, Stack size 16 bytes, nrfx_uart.o(i.nrf_gpio_cfg_input))
<BR><BR>[Stack]<UL><LI>Max Depth = 32<LI>Call Chain = nrf_gpio_cfg_input &rArr; nrf_gpio_cfg
</UL>
<BR>[Calls]<UL><LI><a href="#[9f]">&gt;&gt;</a>&nbsp;&nbsp;&nbsp;nrf_gpio_cfg
</UL>
<BR>[Called By]<UL><LI><a href="#[64]">&gt;&gt;</a>&nbsp;&nbsp;&nbsp;apply_config
</UL>

<P><STRONG><a name="[65]"></a>nrf_gpio_cfg_output</STRONG> (Thumb, 20 bytes, Stack size 16 bytes, nrfx_uart.o(i.nrf_gpio_cfg_output))
<BR><BR>[Stack]<UL><LI>Max Depth = 32<LI>Call Chain = nrf_gpio_cfg_output &rArr; nrf_gpio_cfg
</UL>
<BR>[Calls]<UL><LI><a href="#[9f]">&gt;&gt;</a>&nbsp;&nbsp;&nbsp;nrf_gpio_cfg
</UL>
<BR>[Called By]<UL><LI><a href="#[64]">&gt;&gt;</a>&nbsp;&nbsp;&nbsp;apply_config
</UL>

<P><STRONG><a name="[ca]"></a>nrf_uart_event_check</STRONG> (Thumb, 10 bytes, Stack size 0 bytes, nrfx_uart.o(i.nrf_uart_event_check))
<BR><BR>[Called By]<UL><LI><a href="#[c7]">&gt;&gt;</a>&nbsp;&nbsp;&nbsp;nrfx_uart_tx
<LI><a href="#[c5]">&gt;&gt;</a>&nbsp;&nbsp;&nbsp;uart_irq_handler
</UL>

<P><STRONG><a name="[c6]"></a>nrf_uart_event_clear</STRONG> (Thumb, 12 bytes, Stack size 8 bytes, nrfx_uart.o(i.nrf_uart_event_clear))
<BR><BR>[Stack]<UL><LI>Max Depth = 8<LI>Call Chain = nrf_uart_event_clear
</UL>
<BR>[Called By]<UL><LI><a href="#[9a]">&gt;&gt;</a>&nbsp;&nbsp;&nbsp;nrfx_uart_init
<LI><a href="#[c7]">&gt;&gt;</a>&nbsp;&nbsp;&nbsp;nrfx_uart_tx
<LI><a href="#[c5]">&gt;&gt;</a>&nbsp;&nbsp;&nbsp;uart_irq_handler
<LI><a href="#[c9]">&gt;&gt;</a>&nbsp;&nbsp;&nbsp;tx_byte
<LI><a href="#[d1]">&gt;&gt;</a>&nbsp;&nbsp;&nbsp;rx_byte
</UL>

<P><STRONG><a name="[d5]"></a>nrf_uart_int_enable_check</STRONG> (Thumb, 12 bytes, Stack size 0 bytes, nrfx_uart.o(i.nrf_uart_int_enable_check))
<BR><BR>[Called By]<UL><LI><a href="#[c5]">&gt;&gt;</a>&nbsp;&nbsp;&nbsp;uart_irq_handler
</UL>

<P><STRONG><a name="[d1]"></a>rx_byte</STRONG> (Thumb, 50 bytes, Stack size 16 bytes, nrfx_uart.o(i.rx_byte))
<BR><BR>[Stack]<UL><LI>Max Depth = 24<LI>Call Chain = rx_byte &rArr; nrf_uart_event_clear
</UL>
<BR>[Calls]<UL><LI><a href="#[c6]">&gt;&gt;</a>&nbsp;&nbsp;&nbsp;nrf_uart_event_clear
</UL>
<BR>[Called By]<UL><LI><a href="#[c5]">&gt;&gt;</a>&nbsp;&nbsp;&nbsp;uart_irq_handler
</UL>

<P><STRONG><a name="[d6]"></a>rx_done_event</STRONG> (Thumb, 22 bytes, Stack size 24 bytes, nrfx_uart.o(i.rx_done_event))
<BR><BR>[Stack]<UL><LI>Max Depth = 24<LI>Call Chain = rx_done_event
</UL>
<BR>[Called By]<UL><LI><a href="#[c5]">&gt;&gt;</a>&nbsp;&nbsp;&nbsp;uart_irq_handler
</UL>

<P><STRONG><a name="[c9]"></a>tx_byte</STRONG> (Thumb, 32 bytes, Stack size 16 bytes, nrfx_uart.o(i.tx_byte))
<BR><BR>[Stack]<UL><LI>Max Depth = 24<LI>Call Chain = tx_byte &rArr; nrf_uart_event_clear
</UL>
<BR>[Calls]<UL><LI><a href="#[c6]">&gt;&gt;</a>&nbsp;&nbsp;&nbsp;nrf_uart_event_clear
</UL>
<BR>[Called By]<UL><LI><a href="#[c7]">&gt;&gt;</a>&nbsp;&nbsp;&nbsp;nrfx_uart_tx
<LI><a href="#[c5]">&gt;&gt;</a>&nbsp;&nbsp;&nbsp;uart_irq_handler
</UL>

<P><STRONG><a name="[d7]"></a>tx_done_event</STRONG> (Thumb, 26 bytes, Stack size 24 bytes, nrfx_uart.o(i.tx_done_event))
<BR><BR>[Stack]<UL><LI>Max Depth = 24<LI>Call Chain = tx_done_event
</UL>
<BR>[Called By]<UL><LI><a href="#[c5]">&gt;&gt;</a>&nbsp;&nbsp;&nbsp;uart_irq_handler
</UL>

<P><STRONG><a name="[c5]"></a>uart_irq_handler</STRONG> (Thumb, 296 bytes, Stack size 48 bytes, nrfx_uart.o(i.uart_irq_handler))
<BR><BR>[Stack]<UL><LI>Max Depth = 72<LI>Call Chain = uart_irq_handler &rArr; tx_done_event
</UL>
<BR>[Calls]<UL><LI><a href="#[d5]">&gt;&gt;</a>&nbsp;&nbsp;&nbsp;nrf_uart_int_enable_check
<LI><a href="#[c6]">&gt;&gt;</a>&nbsp;&nbsp;&nbsp;nrf_uart_event_clear
<LI><a href="#[ca]">&gt;&gt;</a>&nbsp;&nbsp;&nbsp;nrf_uart_event_check
<LI><a href="#[d7]">&gt;&gt;</a>&nbsp;&nbsp;&nbsp;tx_done_event
<LI><a href="#[c9]">&gt;&gt;</a>&nbsp;&nbsp;&nbsp;tx_byte
<LI><a href="#[d6]">&gt;&gt;</a>&nbsp;&nbsp;&nbsp;rx_done_event
<LI><a href="#[d1]">&gt;&gt;</a>&nbsp;&nbsp;&nbsp;rx_byte
</UL>
<BR>[Called By]<UL><LI><a href="#[39]">&gt;&gt;</a>&nbsp;&nbsp;&nbsp;nrfx_uart_0_irq_handler
</UL>

<P><STRONG><a name="[67]"></a>apply_config</STRONG> (Thumb, 136 bytes, Stack size 24 bytes, nrfx_uarte.o(i.apply_config))
<BR><BR>[Stack]<UL><LI>Max Depth = 56<LI>Call Chain = apply_config &rArr; nrf_gpio_cfg_output &rArr; nrf_gpio_cfg
</UL>
<BR>[Calls]<UL><LI><a href="#[68]">&gt;&gt;</a>&nbsp;&nbsp;&nbsp;nrf_gpio_cfg_output
<LI><a href="#[69]">&gt;&gt;</a>&nbsp;&nbsp;&nbsp;nrf_gpio_cfg_input
</UL>
<BR>[Called By]<UL><LI><a href="#[99]">&gt;&gt;</a>&nbsp;&nbsp;&nbsp;nrfx_uarte_init
</UL>

<P><STRONG><a name="[78]"></a>interrupts_enable</STRONG> (Thumb, 122 bytes, Stack size 16 bytes, nrfx_uarte.o(i.interrupts_enable))
<BR><BR>[Stack]<UL><LI>Max Depth = 24<LI>Call Chain = interrupts_enable &rArr; nrf_uarte_event_clear
</UL>
<BR>[Calls]<UL><LI><a href="#[79]">&gt;&gt;</a>&nbsp;&nbsp;&nbsp;nrf_uarte_event_clear
</UL>
<BR>[Called By]<UL><LI><a href="#[99]">&gt;&gt;</a>&nbsp;&nbsp;&nbsp;nrfx_uarte_init
</UL>

<P><STRONG><a name="[a1]"></a>nrf_gpio_cfg</STRONG> (Thumb, 36 bytes, Stack size 16 bytes, nrfx_uarte.o(i.nrf_gpio_cfg))
<BR><BR>[Stack]<UL><LI>Max Depth = 16<LI>Call Chain = nrf_gpio_cfg
</UL>
<BR>[Called By]<UL><LI><a href="#[68]">&gt;&gt;</a>&nbsp;&nbsp;&nbsp;nrf_gpio_cfg_output
<LI><a href="#[69]">&gt;&gt;</a>&nbsp;&nbsp;&nbsp;nrf_gpio_cfg_input
<LI><a href="#[a0]">&gt;&gt;</a>&nbsp;&nbsp;&nbsp;nrf_gpio_cfg_default
</UL>

<P><STRONG><a name="[a0]"></a>nrf_gpio_cfg_default</STRONG> (Thumb, 18 bytes, Stack size 16 bytes, nrfx_uarte.o(i.nrf_gpio_cfg_default))
<BR><BR>[Stack]<UL><LI>Max Depth = 32<LI>Call Chain = nrf_gpio_cfg_default &rArr; nrf_gpio_cfg
</UL>
<BR>[Calls]<UL><LI><a href="#[a1]">&gt;&gt;</a>&nbsp;&nbsp;&nbsp;nrf_gpio_cfg
</UL>
<BR>[Called By]<UL><LI><a href="#[ab]">&gt;&gt;</a>&nbsp;&nbsp;&nbsp;nrfx_uarte_uninit
</UL>

<P><STRONG><a name="[69]"></a>nrf_gpio_cfg_input</STRONG> (Thumb, 18 bytes, Stack size 16 bytes, nrfx_uarte.o(i.nrf_gpio_cfg_input))
<BR><BR>[Stack]<UL><LI>Max Depth = 32<LI>Call Chain = nrf_gpio_cfg_input &rArr; nrf_gpio_cfg
</UL>
<BR>[Calls]<UL><LI><a href="#[a1]">&gt;&gt;</a>&nbsp;&nbsp;&nbsp;nrf_gpio_cfg
</UL>
<BR>[Called By]<UL><LI><a href="#[67]">&gt;&gt;</a>&nbsp;&nbsp;&nbsp;apply_config
</UL>

<P><STRONG><a name="[68]"></a>nrf_gpio_cfg_output</STRONG> (Thumb, 20 bytes, Stack size 16 bytes, nrfx_uarte.o(i.nrf_gpio_cfg_output))
<BR><BR>[Stack]<UL><LI>Max Depth = 32<LI>Call Chain = nrf_gpio_cfg_output &rArr; nrf_gpio_cfg
</UL>
<BR>[Calls]<UL><LI><a href="#[a1]">&gt;&gt;</a>&nbsp;&nbsp;&nbsp;nrf_gpio_cfg
</UL>
<BR>[Called By]<UL><LI><a href="#[67]">&gt;&gt;</a>&nbsp;&nbsp;&nbsp;apply_config
</UL>

<P><STRONG><a name="[cf]"></a>nrf_uarte_event_check</STRONG> (Thumb, 10 bytes, Stack size 0 bytes, nrfx_uarte.o(i.nrf_uarte_event_check))
<BR><BR>[Called By]<UL><LI><a href="#[cc]">&gt;&gt;</a>&nbsp;&nbsp;&nbsp;nrfx_uarte_tx
<LI><a href="#[cb]">&gt;&gt;</a>&nbsp;&nbsp;&nbsp;uarte_irq_handler
</UL>

<P><STRONG><a name="[79]"></a>nrf_uarte_event_clear</STRONG> (Thumb, 12 bytes, Stack size 8 bytes, nrfx_uarte.o(i.nrf_uarte_event_clear))
<BR><BR>[Stack]<UL><LI>Max Depth = 8<LI>Call Chain = nrf_uarte_event_clear
</UL>
<BR>[Called By]<UL><LI><a href="#[cc]">&gt;&gt;</a>&nbsp;&nbsp;&nbsp;nrfx_uarte_tx
<LI><a href="#[cb]">&gt;&gt;</a>&nbsp;&nbsp;&nbsp;uarte_irq_handler
<LI><a href="#[78]">&gt;&gt;</a>&nbsp;&nbsp;&nbsp;interrupts_enable
</UL>

<P><STRONG><a name="[cd]"></a>nrfx_is_in_ram</STRONG> (Thumb, 16 bytes, Stack size 0 bytes, nrfx_uarte.o(i.nrfx_is_in_ram))
<BR><BR>[Called By]<UL><LI><a href="#[cc]">&gt;&gt;</a>&nbsp;&nbsp;&nbsp;nrfx_uarte_tx
</UL>

<P><STRONG><a name="[d8]"></a>rx_done_event</STRONG> (Thumb, 24 bytes, Stack size 24 bytes, nrfx_uarte.o(i.rx_done_event))
<BR><BR>[Stack]<UL><LI>Max Depth = 24<LI>Call Chain = rx_done_event
</UL>
<BR>[Called By]<UL><LI><a href="#[cb]">&gt;&gt;</a>&nbsp;&nbsp;&nbsp;uarte_irq_handler
</UL>

<P><STRONG><a name="[cb]"></a>uarte_irq_handler</STRONG> (Thumb, 244 bytes, Stack size 40 bytes, nrfx_uarte.o(i.uarte_irq_handler))
<BR><BR>[Stack]<UL><LI>Max Depth = 64<LI>Call Chain = uarte_irq_handler &rArr; rx_done_event
</UL>
<BR>[Calls]<UL><LI><a href="#[d8]">&gt;&gt;</a>&nbsp;&nbsp;&nbsp;rx_done_event
<LI><a href="#[79]">&gt;&gt;</a>&nbsp;&nbsp;&nbsp;nrf_uarte_event_clear
<LI><a href="#[cf]">&gt;&gt;</a>&nbsp;&nbsp;&nbsp;nrf_uarte_event_check
</UL>
<BR>[Called By]<UL><LI><a href="#[3a]">&gt;&gt;</a>&nbsp;&nbsp;&nbsp;nrfx_uarte_0_irq_handler
</UL>

<P><STRONG><a name="[c0]"></a>channel_free</STRONG> (Thumb, 22 bytes, Stack size 0 bytes, nrfx_gpiote.o(i.channel_free))
<BR><BR>[Called By]<UL><LI><a href="#[bf]">&gt;&gt;</a>&nbsp;&nbsp;&nbsp;nrfx_gpiote_init
</UL>

<P><STRONG><a name="[bd]"></a>channel_port_alloc</STRONG> (Thumb, 66 bytes, Stack size 20 bytes, nrfx_gpiote.o(i.channel_port_alloc))
<BR><BR>[Stack]<UL><LI>Max Depth = 20<LI>Call Chain = channel_port_alloc
</UL>
<BR>[Called By]<UL><LI><a href="#[c1]">&gt;&gt;</a>&nbsp;&nbsp;&nbsp;nrfx_gpiote_out_init
<LI><a href="#[bc]">&gt;&gt;</a>&nbsp;&nbsp;&nbsp;nrfx_gpiote_in_init
</UL>

<P><STRONG><a name="[49]"></a>channel_port_get</STRONG> (Thumb, 10 bytes, Stack size 0 bytes, nrfx_gpiote.o(i.channel_port_get))
<BR><BR>[Called By]<UL><LI><a href="#[b9]">&gt;&gt;</a>&nbsp;&nbsp;&nbsp;nrfx_gpiote_in_event_enable
<LI><a href="#[10]">&gt;&gt;</a>&nbsp;&nbsp;&nbsp;GPIOTE_IRQHandler
</UL>

[...]
</UL>

<P><STRONG><a name="[bb]"></a>pin_in_use_by_te</STRONG> (Thumb, 20 bytes, Stack size 0 bytes, nrfx_gpiote.o(i.pin_in_use_by_te))
<BR><BR>[Called By]<UL><LI><a href="#[b9]">&gt;&gt;</a>&nbsp;&nbsp;&nbsp;nrfx_gpiote_in_event_enable
</UL>

<P><STRONG><a name="[6f]"></a>clock_clk_started_notify</STRONG> (Thumb, 34 bytes, Stack size 16 bytes, nrf_drv_clock.o(i.clock_clk_started_notify))
<BR><BR>[Stack]<UL><LI>Max Depth = 16<LI>Call Chain = clock_clk_started_notify
</UL>
<BR>[Called By]<UL><LI><a href="#[32]">&gt;&gt;</a>&nbsp;&nbsp;&nbsp;clock_irq_handler
</UL>

<P><STRONG><a name="[32]"></a>clock_irq_handler</STRONG> (Thumb, 24 bytes, Stack size 0 bytes, nrf_drv_clock.o(i.clock_irq_handler))
<BR><BR>[Stack]<UL><LI>Max Depth = 16<LI>Call Chain = clock_irq_handler &rArr; clock_clk_started_notify
</UL>
<BR>[Calls]<UL><LI><a href="#[6f]">&gt;&gt;</a>&nbsp;&nbsp;&nbsp;clock_clk_started_notify
</UL>
<BR>[Address Reference Count : 1]<UL><LI> nrf_drv_clock.o(i.nrf_drv_clock_init)
</UL>
<P><STRONG><a name="[95]"></a>item_enqueue</STRONG> (Thumb, 22 bytes, Stack size 0 bytes, nrf_drv_clock.o(i.item_enqueue))
<BR><BR>[Called By]<UL><LI><a href="#[83]">&gt;&gt;</a>&nbsp;&nbsp;&nbsp;nrf_drv_clock_lfclk_request
</UL>

<P><STRONG><a name="[4c]"></a>nrf_clock_event_check</STRONG> (Thumb, 14 bytes, Stack size 0 bytes, nrfx_clock.o(i.nrf_clock_event_check))
<BR><BR>[Called By]<UL><LI><a href="#[a]">&gt;&gt;</a>&nbsp;&nbsp;&nbsp;POWER_CLOCK_IRQHandler
</UL>

<P><STRONG><a name="[4d]"></a>nrf_clock_event_clear</STRONG> (Thumb, 16 bytes, Stack size 8 bytes, nrfx_clock.o(i.nrf_clock_event_clear))
<BR><BR>[Stack]<UL><LI>Max Depth = 8<LI>Call Chain = nrf_clock_event_clear
</UL>
<BR>[Called By]<UL><LI><a href="#[96]">&gt;&gt;</a>&nbsp;&nbsp;&nbsp;nrfx_clock_lfclk_start
<LI><a href="#[a]">&gt;&gt;</a>&nbsp;&nbsp;&nbsp;POWER_CLOCK_IRQHandler
</UL>

<P><STRONG><a name="[6d]"></a>buffer_add</STRONG> (Thumb, 30 bytes, Stack size 8 bytes, nrf_fprintf_format.o(i.buffer_add))
<BR><BR>[Stack]<UL><LI>Max Depth = 16<LI>Call Chain = buffer_add &rArr; nrf_fprintf_buffer_flush
</UL>
<BR>[Calls]<UL><LI><a href="#[6e]">&gt;&gt;</a>&nbsp;&nbsp;&nbsp;nrf_fprintf_buffer_flush
</UL>
<BR>[Called By]<UL><LI><a href="#[77]">&gt;&gt;</a>&nbsp;&nbsp;&nbsp;unsigned_print
<LI><a href="#[76]">&gt;&gt;</a>&nbsp;&nbsp;&nbsp;int_print
<LI><a href="#[9c]">&gt;&gt;</a>&nbsp;&nbsp;&nbsp;nrf_fprintf_fmt
</UL>

<P><STRONG><a name="[76]"></a>int_print</STRONG> (Thumb, 166 bytes, Stack size 48 bytes, nrf_fprintf_format.o(i.int_print))
<BR><BR>[Stack]<UL><LI>Max Depth = 104<LI>Call Chain = int_print &rArr; unsigned_print &rArr; buffer_add &rArr; nrf_fprintf_buffer_flush
</UL>
<BR>[Calls]<UL><LI><a href="#[77]">&gt;&gt;</a>&nbsp;&nbsp;&nbsp;unsigned_print
<LI><a href="#[6d]">&gt;&gt;</a>&nbsp;&nbsp;&nbsp;buffer_add
</UL>
<BR>[Called By]<UL><LI><a href="#[9c]">&gt;&gt;</a>&nbsp;&nbsp;&nbsp;nrf_fprintf_fmt
</UL>

<P><STRONG><a name="[77]"></a>unsigned_print</STRONG> (Thumb, 176 bytes, Stack size 40 bytes, nrf_fprintf_format.o(i.unsigned_print))
<BR><BR>[Stack]<UL><LI>Max Depth = 56<LI>Call Chain = unsigned_print &rArr; buffer_add &rArr; nrf_fprintf_buffer_flush
</UL>
<BR>[Calls]<UL><LI><a href="#[6d]">&gt;&gt;</a>&nbsp;&nbsp;&nbsp;buffer_add
</UL>
<BR>[Called By]<UL><LI><a href="#[76]">&gt;&gt;</a>&nbsp;&nbsp;&nbsp;int_print
<LI><a href="#[9c]">&gt;&gt;</a>&nbsp;&nbsp;&nbsp;nrf_fprintf_fmt
</UL>

<P><STRONG><a name="[85]"></a>memobj_op</STRONG> (Thumb, 118 bytes, Stack size 32 bytes, nrf_memobj.o(i.memobj_op))
<BR><BR>[Stack]<UL><LI>Max Depth = 32<LI>Call Chain = memobj_op
</UL>
<BR>[Calls]<UL><LI><a href="#[86]">&gt;&gt;</a>&nbsp;&nbsp;&nbsp;__aeabi_memcpy
</UL>
<BR>[Called By]<UL><LI><a href="#[b0]">&gt;&gt;</a>&nbsp;&nbsp;&nbsp;nrf_memobj_write
<LI><a href="#[a5]">&gt;&gt;</a>&nbsp;&nbsp;&nbsp;nrf_memobj_read
</UL>

<P><STRONG><a name="[58]"></a>NVIC_ClearPendingIRQ</STRONG> (Thumb, 22 bytes, Stack size 0 bytes, app_timer.o(i.NVIC_ClearPendingIRQ))
<BR><BR>[Called By]<UL><LI><a href="#[56]">&gt;&gt;</a>&nbsp;&nbsp;&nbsp;app_timer_init
<LI><a href="#[70]">&gt;&gt;</a>&nbsp;&nbsp;&nbsp;compare_reg_update
</UL>

<P><STRONG><a name="[5a]"></a>NVIC_EnableIRQ</STRONG> (Thumb, 22 bytes, Stack size 0 bytes, app_timer.o(i.NVIC_EnableIRQ))
<BR><BR>[Called By]<UL><LI><a href="#[56]">&gt;&gt;</a>&nbsp;&nbsp;&nbsp;app_timer_init
<LI><a href="#[70]">&gt;&gt;</a>&nbsp;&nbsp;&nbsp;compare_reg_update
</UL>

<P><STRONG><a name="[5f]"></a>NVIC_SetPendingIRQ</STRONG> (Thumb, 22 bytes, Stack size 0 bytes, app_timer.o(i.NVIC_SetPendingIRQ))
<BR><BR>[Called By]<UL><LI><a href="#[5b]">&gt;&gt;</a>&nbsp;&nbsp;&nbsp;app_timer_start
<LI><a href="#[4e]">&gt;&gt;</a>&nbsp;&nbsp;&nbsp;timer_timeouts_check
<LI><a href="#[61]">&gt;&gt;</a>&nbsp;&nbsp;&nbsp;timer_stop_op_schedule
<LI><a href="#[70]">&gt;&gt;</a>&nbsp;&nbsp;&nbsp;compare_reg_update
</UL>

<P><STRONG><a name="[59]"></a>NVIC_SetPriority</STRONG> (Thumb, 32 bytes, Stack size 0 bytes, app_timer.o(i.NVIC_SetPriority))
<BR><BR>[Called By]<UL><LI><a href="#[56]">&gt;&gt;</a>&nbsp;&nbsp;&nbsp;app_timer_init
</UL>

<P><STRONG><a name="[70]"></a>compare_reg_update</STRONG> (Thumb, 160 bytes, Stack size 40 bytes, app_timer.o(i.compare_reg_update))
<BR><BR>[Stack]<UL><LI>Max Depth = 56<LI>Call Chain = compare_reg_update &rArr; rtc1_stop
</UL>
<BR>[Calls]<UL><LI><a href="#[57]">&gt;&gt;</a>&nbsp;&nbsp;&nbsp;rtc1_stop
<LI><a href="#[71]">&gt;&gt;</a>&nbsp;&nbsp;&nbsp;nrfx_coredep_delay_us
<LI><a href="#[5f]">&gt;&gt;</a>&nbsp;&nbsp;&nbsp;NVIC_SetPendingIRQ
<LI><a href="#[5a]">&gt;&gt;</a>&nbsp;&nbsp;&nbsp;NVIC_EnableIRQ
<LI><a href="#[58]">&gt;&gt;</a>&nbsp;&nbsp;&nbsp;NVIC_ClearPendingIRQ
</UL>
<BR>[Called By]<UL><LI><a href="#[50]">&gt;&gt;</a>&nbsp;&nbsp;&nbsp;timer_list_handler
</UL>

<P><STRONG><a name="[d2]"></a>elapsed_ticks_acquire</STRONG> (Thumb, 58 bytes, Stack size 8 bytes, app_timer.o(i.elapsed_ticks_acquire))
<BR><BR>[Stack]<UL><LI>Max Depth = 8<LI>Call Chain = elapsed_ticks_acquire
</UL>
<BR>[Called By]<UL><LI><a href="#[50]">&gt;&gt;</a>&nbsp;&nbsp;&nbsp;timer_list_handler
</UL>

<P><STRONG><a name="[7a]"></a>list_insertions_handler</STRONG> (Thumb, 234 bytes, Stack size 32 bytes, app_timer.o(i.list_insertions_handler))
<BR><BR>[Stack]<UL><LI>Max Depth = 56<LI>Call Chain = list_insertions_handler &rArr; timer_list_remove
</UL>
<BR>[Calls]<UL><LI><a href="#[7b]">&gt;&gt;</a>&nbsp;&nbsp;&nbsp;timer_list_remove
<LI><a href="#[7c]">&gt;&gt;</a>&nbsp;&nbsp;&nbsp;timer_list_insert
</UL>
<BR>[Called By]<UL><LI><a href="#[50]">&gt;&gt;</a>&nbsp;&nbsp;&nbsp;timer_list_handler
</UL>

<P><STRONG><a name="[71]"></a>nrfx_coredep_delay_us</STRONG> (Thumb, 12 bytes, Stack size 0 bytes, app_timer.o(i.nrfx_coredep_delay_us))
<BR><BR>[Called By]<UL><LI><a href="#[7b]">&gt;&gt;</a>&nbsp;&nbsp;&nbsp;timer_list_remove
<LI><a href="#[57]">&gt;&gt;</a>&nbsp;&nbsp;&nbsp;rtc1_stop
<LI><a href="#[70]">&gt;&gt;</a>&nbsp;&nbsp;&nbsp;compare_reg_update
</UL>

<P><STRONG><a name="[57]"></a>rtc1_stop</STRONG> (Thumb, 52 bytes, Stack size 16 bytes, app_timer.o(i.rtc1_stop))
<BR><BR>[Stack]<UL><LI>Max Depth = 16<LI>Call Chain = rtc1_stop
</UL>
<BR>[Calls]<UL><LI><a href="#[71]">&gt;&gt;</a>&nbsp;&nbsp;&nbsp;nrfx_coredep_delay_us
</UL>
<BR>[Called By]<UL><LI><a href="#[56]">&gt;&gt;</a>&nbsp;&nbsp;&nbsp;app_timer_init
<LI><a href="#[70]">&gt;&gt;</a>&nbsp;&nbsp;&nbsp;compare_reg_update
</UL>

<P><STRONG><a name="[50]"></a>timer_list_handler</STRONG> (Thumb, 122 bytes, Stack size 40 bytes, app_timer.o(i.timer_list_handler))
<BR><BR>[Stack]<UL><LI>Max Depth = 96<LI>Call Chain = timer_list_handler &rArr; list_insertions_handler &rArr; timer_list_remove
</UL>
<BR>[Calls]<UL><LI><a href="#[7a]">&gt;&gt;</a>&nbsp;&nbsp;&nbsp;list_insertions_handler
<LI><a href="#[d2]">&gt;&gt;</a>&nbsp;&nbsp;&nbsp;elapsed_ticks_acquire
<LI><a href="#[70]">&gt;&gt;</a>&nbsp;&nbsp;&nbsp;compare_reg_update
</UL>
<BR>[Called By]<UL><LI><a href="#[1e]">&gt;&gt;</a>&nbsp;&nbsp;&nbsp;SWI0_EGU0_IRQHandler
</UL>

<P><STRONG><a name="[7c]"></a>timer_list_insert</STRONG> (Thumb, 56 bytes, Stack size 8 bytes, app_timer.o(i.timer_list_insert))
<BR><BR>[Stack]<UL><LI>Max Depth = 8<LI>Call Chain = timer_list_insert
</UL>
<BR>[Called By]<UL><LI><a href="#[7a]">&gt;&gt;</a>&nbsp;&nbsp;&nbsp;list_insertions_handler
</UL>

<P><STRONG><a name="[7b]"></a>timer_list_remove</STRONG> (Thumb, 88 bytes, Stack size 24 bytes, app_timer.o(i.timer_list_remove))
<BR><BR>[Stack]<UL><LI>Max Depth = 24<LI>Call Chain = timer_list_remove
</UL>
<BR>[Calls]<UL><LI><a href="#[71]">&gt;&gt;</a>&nbsp;&nbsp;&nbsp;nrfx_coredep_delay_us
</UL>
<BR>[Called By]<UL><LI><a href="#[7a]">&gt;&gt;</a>&nbsp;&nbsp;&nbsp;list_insertions_handler
</UL>

<P><STRONG><a name="[61]"></a>timer_stop_op_schedule</STRONG> (Thumb, 60 bytes, Stack size 24 bytes, app_timer.o(i.timer_stop_op_schedule))
<BR><BR>[Stack]<UL><LI>Max Depth = 24<LI>Call Chain = timer_stop_op_schedule
</UL>
<BR>[Calls]<UL><LI><a href="#[5e]">&gt;&gt;</a>&nbsp;&nbsp;&nbsp;app_util_critical_region_exit
<LI><a href="#[5c]">&gt;&gt;</a>&nbsp;&nbsp;&nbsp;app_util_critical_region_enter
<LI><a href="#[5d]">&gt;&gt;</a>&nbsp;&nbsp;&nbsp;user_op_alloc
<LI><a href="#[5f]">&gt;&gt;</a>&nbsp;&nbsp;&nbsp;NVIC_SetPendingIRQ
</UL>
<BR>[Called By]<UL><LI><a href="#[60]">&gt;&gt;</a>&nbsp;&nbsp;&nbsp;app_timer_stop
</UL>

<P><STRONG><a name="[4e]"></a>timer_timeouts_check</STRONG> (Thumb, 106 bytes, Stack size 24 bytes, app_timer.o(i.timer_timeouts_check))
<BR><BR>[Stack]<UL><LI>Max Depth = 24<LI>Call Chain = timer_timeouts_check
</UL>
<BR>[Calls]<UL><LI><a href="#[5f]">&gt;&gt;</a>&nbsp;&nbsp;&nbsp;NVIC_SetPendingIRQ
</UL>
<BR>[Called By]<UL><LI><a href="#[1b]">&gt;&gt;</a>&nbsp;&nbsp;&nbsp;RTC1_IRQHandler
</UL>

<P><STRONG><a name="[5d]"></a>user_op_alloc</STRONG> (Thumb, 42 bytes, Stack size 0 bytes, app_timer.o(i.user_op_alloc))
<BR><BR>[Called By]<UL><LI><a href="#[5b]">&gt;&gt;</a>&nbsp;&nbsp;&nbsp;app_timer_start
<LI><a href="#[61]">&gt;&gt;</a>&nbsp;&nbsp;&nbsp;timer_stop_op_schedule
</UL>

<P><STRONG><a name="[3d]"></a>nrf_log_backend_uart_flush</STRONG> (Thumb, 2 bytes, Stack size 0 bytes, nrf_log_backend_uart.o(i.nrf_log_backend_uart_flush))
<BR>[Address Reference Count : 1]<UL><LI> nrf_log_backend_uart.o(.constdata)
</UL>
<P><STRONG><a name="[3c]"></a>nrf_log_backend_uart_panic_set</STRONG> (Thumb, 36 bytes, Stack size 8 bytes, nrf_log_backend_uart.o(i.nrf_log_backend_uart_panic_set))
<BR><BR>[Stack]<UL><LI>Max Depth = 264<LI>Call Chain = nrf_log_backend_uart_panic_set &rArr; uart_init &rArr; app_error_handler_bare &rArr; app_error_fault_handler &rArr; nrf_log_frontend_dequeue &rArr; nrf_log_frontend_std_0 &rArr; std_n &rArr;  nrf_log_frontend_dequeue (Cycle)
</UL>
<BR>[Calls]<UL><LI><a href="#[ab]">&gt;&gt;</a>&nbsp;&nbsp;&nbsp;nrfx_uarte_uninit
<LI><a href="#[ac]">&gt;&gt;</a>&nbsp;&nbsp;&nbsp;nrfx_uart_uninit
<LI><a href="#[aa]">&gt;&gt;</a>&nbsp;&nbsp;&nbsp;uart_init
</UL>
<BR>[Address Reference Count : 1]<UL><LI> nrf_log_backend_uart.o(.constdata)
</UL>
<P><STRONG><a name="[3b]"></a>nrf_log_backend_uart_put</STRONG> (Thumb, 16 bytes, Stack size 8 bytes, nrf_log_backend_uart.o(i.nrf_log_backend_uart_put))
<BR><BR>[Stack]<UL><LI>Max Depth = 344<LI>Call Chain = nrf_log_backend_uart_put &rArr; nrf_log_backend_serial_put &rArr; nrf_log_std_entry_process &rArr; prefix_process &rArr; nrf_fprintf &rArr; nrf_fprintf_fmt &rArr; int_print &rArr; unsigned_print &rArr; buffer_add &rArr; nrf_fprintf_buffer_flush
</UL>
<BR>[Calls]<UL><LI><a href="#[a2]">&gt;&gt;</a>&nbsp;&nbsp;&nbsp;nrf_log_backend_serial_put
</UL>
<BR>[Address Reference Count : 1]<UL><LI> nrf_log_backend_uart.o(.constdata)
</UL>
<P><STRONG><a name="[35]"></a>serial_tx</STRONG> (Thumb, 54 bytes, Stack size 16 bytes, nrf_log_backend_uart.o(i.serial_tx))
<BR><BR>[Stack]<UL><LI>Max Depth = 232<LI>Call Chain = serial_tx &rArr; app_error_handler_bare &rArr; app_error_fault_handler &rArr; nrf_log_frontend_dequeue &rArr; nrf_log_frontend_std_0 &rArr; std_n &rArr;  nrf_log_frontend_dequeue (Cycle)
</UL>
<BR>[Calls]<UL><LI><a href="#[55]">&gt;&gt;</a>&nbsp;&nbsp;&nbsp;app_error_handler_bare
<LI><a href="#[cc]">&gt;&gt;</a>&nbsp;&nbsp;&nbsp;nrfx_uarte_tx
<LI><a href="#[c7]">&gt;&gt;</a>&nbsp;&nbsp;&nbsp;nrfx_uart_tx
</UL>
<BR>[Address Reference Count : 1]<UL><LI> nrf_log_backend_uart.o(i.nrf_log_backend_uart_put)
</UL>
<P><STRONG><a name="[36]"></a>uart_evt_handler</STRONG> (Thumb, 8 bytes, Stack size 0 bytes, nrf_log_backend_uart.o(i.uart_evt_handler))
<BR>[Address Reference Count : 1]<UL><LI> nrf_log_backend_uart.o(i.uart_init)
</UL>
<P><STRONG><a name="[aa]"></a>uart_init</STRONG> (Thumb, 66 bytes, Stack size 40 bytes, nrf_log_backend_uart.o(i.uart_init))
<BR><BR>[Stack]<UL><LI>Max Depth = 256<LI>Call Chain = uart_init &rArr; app_error_handler_bare &rArr; app_error_fault_handler &rArr; nrf_log_frontend_dequeue &rArr; nrf_log_frontend_std_0 &rArr; std_n &rArr;  nrf_log_frontend_dequeue (Cycle)
</UL>
<BR>[Calls]<UL><LI><a href="#[97]">&gt;&gt;</a>&nbsp;&nbsp;&nbsp;nrf_drv_uart_init
<LI><a href="#[55]">&gt;&gt;</a>&nbsp;&nbsp;&nbsp;app_error_handler_bare
<LI><a href="#[98]">&gt;&gt;</a>&nbsp;&nbsp;&nbsp;__aeabi_memcpy4
</UL>
<BR>[Called By]<UL><LI><a href="#[a9]">&gt;&gt;</a>&nbsp;&nbsp;&nbsp;nrf_log_backend_uart_init
<LI><a href="#[3c]">&gt;&gt;</a>&nbsp;&nbsp;&nbsp;nrf_log_backend_uart_panic_set
</UL>

<P><STRONG><a name="[6a]"></a>buf_prealloc</STRONG> (Thumb, 130 bytes, Stack size 32 bytes, nrf_log_frontend.o(i.buf_prealloc))
<BR><BR>[Stack]<UL><LI>Max Depth = 80<LI>Call Chain = buf_prealloc &rArr; log_skip &rArr; nrf_atomic_flag_set &rArr; nrf_atomic_u32_or
</UL>
<BR>[Calls]<UL><LI><a href="#[5e]">&gt;&gt;</a>&nbsp;&nbsp;&nbsp;app_util_critical_region_exit
<LI><a href="#[5c]">&gt;&gt;</a>&nbsp;&nbsp;&nbsp;app_util_critical_region_enter
<LI><a href="#[6b]">&gt;&gt;</a>&nbsp;&nbsp;&nbsp;nrf_atomic_u32_add
<LI><a href="#[6c]">&gt;&gt;</a>&nbsp;&nbsp;&nbsp;log_skip
</UL>
<BR>[Called By]<UL><LI><a href="#[b1]">&gt;&gt;</a>&nbsp;&nbsp;&nbsp;std_n
</UL>

<P><STRONG><a name="[72]"></a>dropped_sat16_get</STRONG> (Thumb, 16 bytes, Stack size 8 bytes, nrf_log_frontend.o(i.dropped_sat16_get))
<BR><BR>[Stack]<UL><LI>Max Depth = 16<LI>Call Chain = dropped_sat16_get &rArr; nrf_atomic_u32_fetch_store
</UL>
<BR>[Calls]<UL><LI><a href="#[73]">&gt;&gt;</a>&nbsp;&nbsp;&nbsp;nrf_atomic_u32_fetch_store
</UL>
<BR>[Called By]<UL><LI><a href="#[b1]">&gt;&gt;</a>&nbsp;&nbsp;&nbsp;std_n
</UL>

<P><STRONG><a name="[7e]"></a>invalid_packets_pushed_str_omit</STRONG> (Thumb, 76 bytes, Stack size 0 bytes, nrf_log_frontend.o(i.invalid_packets_pushed_str_omit))
<BR><BR>[Called By]<UL><LI><a href="#[53]">&gt;&gt;</a>&nbsp;&nbsp;&nbsp;nrf_log_frontend_dequeue
<LI><a href="#[6c]">&gt;&gt;</a>&nbsp;&nbsp;&nbsp;log_skip
</UL>

<P><STRONG><a name="[6c]"></a>log_skip</STRONG> (Thumb, 148 bytes, Stack size 40 bytes, nrf_log_frontend.o(i.log_skip))
<BR><BR>[Stack]<UL><LI>Max Depth = 48<LI>Call Chain = log_skip &rArr; nrf_atomic_flag_set &rArr; nrf_atomic_u32_or
</UL>
<BR>[Calls]<UL><LI><a href="#[7d]">&gt;&gt;</a>&nbsp;&nbsp;&nbsp;nrf_atomic_flag_set
<LI><a href="#[7f]">&gt;&gt;</a>&nbsp;&nbsp;&nbsp;nrf_atomic_flag_clear_fetch
<LI><a href="#[7e]">&gt;&gt;</a>&nbsp;&nbsp;&nbsp;invalid_packets_pushed_str_omit
</UL>
<BR>[Called By]<UL><LI><a href="#[6a]">&gt;&gt;</a>&nbsp;&nbsp;&nbsp;buf_prealloc
</UL>

<P><STRONG><a name="[87]"></a>module_idx_get</STRONG> (Thumb, 44 bytes, Stack size 12 bytes, nrf_log_frontend.o(i.module_idx_get))
<BR><BR>[Stack]<UL><LI>Max Depth = 12<LI>Call Chain = module_idx_get
</UL>
<BR>[Calls]<UL><LI><a href="#[88]">&gt;&gt;</a>&nbsp;&nbsp;&nbsp;nrf_log_module_cnt_get
</UL>
<BR>[Called By]<UL><LI><a href="#[b6]">&gt;&gt;</a>&nbsp;&nbsp;&nbsp;nrf_log_module_name_get
</UL>

<P><STRONG><a name="[b1]"></a>std_n</STRONG> (Thumb, 136 bytes, Stack size 40 bytes, nrf_log_frontend.o(i.std_n))
<BR><BR>[Stack]<UL><LI>Max Depth = 120 + In Cycle
<LI>Call Chain = std_n &rArr;  nrf_log_frontend_dequeue (Cycle)
</UL>
<BR>[Calls]<UL><LI><a href="#[53]">&gt;&gt;</a>&nbsp;&nbsp;&nbsp;nrf_log_frontend_dequeue
<LI><a href="#[72]">&gt;&gt;</a>&nbsp;&nbsp;&nbsp;dropped_sat16_get
<LI><a href="#[6a]">&gt;&gt;</a>&nbsp;&nbsp;&nbsp;buf_prealloc
</UL>
<BR>[Called By]<UL><LI><a href="#[54]">&gt;&gt;</a>&nbsp;&nbsp;&nbsp;nrf_log_frontend_std_0
<LI><a href="#[74]">&gt;&gt;</a>&nbsp;&nbsp;&nbsp;nrf_log_frontend_std_2
</UL>

<P><STRONG><a name="[b4]"></a>postfix_process</STRONG> (Thumb, 48 bytes, Stack size 8 bytes, nrf_log_str_formatter.o(i.postfix_process))
<BR><BR>[Stack]<UL><LI>Max Depth = 176<LI>Call Chain = postfix_process &rArr; nrf_fprintf &rArr; nrf_fprintf_fmt &rArr; int_print &rArr; unsigned_print &rArr; buffer_add &rArr; nrf_fprintf_buffer_flush
</UL>
<BR>[Calls]<UL><LI><a href="#[6e]">&gt;&gt;</a>&nbsp;&nbsp;&nbsp;nrf_fprintf_buffer_flush
<LI><a href="#[9b]">&gt;&gt;</a>&nbsp;&nbsp;&nbsp;nrf_fprintf
</UL>
<BR>[Called By]<UL><LI><a href="#[a6]">&gt;&gt;</a>&nbsp;&nbsp;&nbsp;nrf_log_std_entry_process
<LI><a href="#[a7]">&gt;&gt;</a>&nbsp;&nbsp;&nbsp;nrf_log_hexdump_entry_process
</UL>

<P><STRONG><a name="[b2]"></a>prefix_process</STRONG> (Thumb, 90 bytes, Stack size 16 bytes, nrf_log_str_formatter.o(i.prefix_process))
<BR><BR>[Stack]<UL><LI>Max Depth = 184<LI>Call Chain = prefix_process &rArr; nrf_fprintf &rArr; nrf_fprintf_fmt &rArr; int_print &rArr; unsigned_print &rArr; buffer_add &rArr; nrf_fprintf_buffer_flush
</UL>
<BR>[Calls]<UL><LI><a href="#[9b]">&gt;&gt;</a>&nbsp;&nbsp;&nbsp;nrf_fprintf
<LI><a href="#[b6]">&gt;&gt;</a>&nbsp;&nbsp;&nbsp;nrf_log_module_name_get
<LI><a href="#[d0]">&gt;&gt;</a>&nbsp;&nbsp;&nbsp;nrf_log_color_id_get
</UL>
<BR>[Called By]<UL><LI><a href="#[a6]">&gt;&gt;</a>&nbsp;&nbsp;&nbsp;nrf_log_std_entry_process
<LI><a href="#[a7]">&gt;&gt;</a>&nbsp;&nbsp;&nbsp;nrf_log_hexdump_entry_process
</UL>

<P><STRONG><a name="[38]"></a>detection_delay_timeout_handler</STRONG> (Thumb, 16 bytes, Stack size 0 bytes, user_gpioe.o(i.detection_delay_timeout_handler))
<BR><BR>[Stack]<UL><LI>Max Depth = 120<LI>Call Chain = detection_delay_timeout_handler &rArr; nrf_log_frontend_std_0 &rArr; std_n &rArr;  nrf_log_frontend_dequeue (Cycle)
</UL>
<BR>[Calls]<UL><LI><a href="#[54]">&gt;&gt;</a>&nbsp;&nbsp;&nbsp;nrf_log_frontend_std_0
</UL>
<BR>[Address Reference Count : 1]<UL><LI> user_gpioe.o(i.user_gpioe_init)
</UL>
<P><STRONG><a name="[3e]"></a>extint_event_handler</STRONG> (Thumb, 48 bytes, Stack size 8 bytes, user_gpioe.o(i.extint_event_handler))
<BR><BR>[Stack]<UL><LI>Max Depth = 224<LI>Call Chain = extint_event_handler &rArr; app_error_handler_bare &rArr; app_error_fault_handler &rArr; nrf_log_frontend_dequeue &rArr; nrf_log_frontend_std_0 &rArr; std_n &rArr;  nrf_log_frontend_dequeue (Cycle)
</UL>
<BR>[Calls]<UL><LI><a href="#[53]">&gt;&gt;</a>&nbsp;&nbsp;&nbsp;nrf_log_frontend_dequeue
<LI><a href="#[55]">&gt;&gt;</a>&nbsp;&nbsp;&nbsp;app_error_handler_bare
<LI><a href="#[74]">&gt;&gt;</a>&nbsp;&nbsp;&nbsp;nrf_log_frontend_std_2
</UL>
<BR>[Address Reference Count : 1]<UL><LI> user_gpioe.o(.data)
</UL>
<P><STRONG><a name="[37]"></a>gpiote_event_handler</STRONG> (Thumb, 78 bytes, Stack size 16 bytes, user_gpioe.o(i.gpiote_event_handler))
<BR><BR>[Stack]<UL><LI>Max Depth = 232<LI>Call Chain = gpiote_event_handler &rArr; app_error_handler_bare &rArr; app_error_fault_handler &rArr; nrf_log_frontend_dequeue &rArr; nrf_log_frontend_std_0 &rArr; std_n &rArr;  nrf_log_frontend_dequeue (Cycle)
</UL>
<BR>[Calls]<UL><LI><a href="#[55]">&gt;&gt;</a>&nbsp;&nbsp;&nbsp;app_error_handler_bare
<LI><a href="#[75]">&gt;&gt;</a>&nbsp;&nbsp;&nbsp;nrfx_gpiote_out_toggle
<LI><a href="#[60]">&gt;&gt;</a>&nbsp;&nbsp;&nbsp;app_timer_stop
<LI><a href="#[5b]">&gt;&gt;</a>&nbsp;&nbsp;&nbsp;app_timer_start
<LI><a href="#[74]">&gt;&gt;</a>&nbsp;&nbsp;&nbsp;nrf_log_frontend_std_2
</UL>
<BR>[Address Reference Count : 1]<UL><LI> user_gpioe.o(i.user_gpioe_init)
</UL><P>
<H3>
Undefined Global Symbols
</H3><HR></body></html>
